Archive member included to satisfy reference by file (symbol)

D:\ST_WorkSpace\Project\FlashBootloader\CM7\Middlewares\STM32_Cryptographic\lib\libSTM32Cryptographic_CM7.a(cmox_cmac_aesfast.c.o)
                              ./Core/Src/cmac_check.o (CMOX_CMAC_AESFAST_ALGO)
D:\ST_WorkSpace\Project\FlashBootloader\CM7\Middlewares\STM32_Cryptographic\lib\libSTM32Cryptographic_CM7.a(cmox_hash.c.o)
                              ./Core/Src/hash_check.o (cmox_hash_compute)
D:\ST_WorkSpace\Project\FlashBootloader\CM7\Middlewares\STM32_Cryptographic\lib\libSTM32Cryptographic_CM7.a(cmox_init.c.o)
                              ./Core/Src/FlashBootloader.o (cmox_initialize)
D:\ST_WorkSpace\Project\FlashBootloader\CM7\Middlewares\STM32_Cryptographic\lib\libSTM32Cryptographic_CM7.a(cmox_mac.c.o)
                              ./Core/Src/cmac_check.o (cmox_mac_compute)
D:\ST_WorkSpace\Project\FlashBootloader\CM7\Middlewares\STM32_Cryptographic\lib\libSTM32Cryptographic_CM7.a(cmox_math_armv7em_llf.c.o)
                              ./Core/Src/hash_check.o (CMOX_MATH_FUNCS_FAST)
D:\ST_WorkSpace\Project\FlashBootloader\CM7\Middlewares\STM32_Cryptographic\lib\libSTM32Cryptographic_CM7.a(cmox_modexp.c.o)
                              ./Core/Src/hash_check.o (CMOX_MODEXP_PUBLIC)
D:\ST_WorkSpace\Project\FlashBootloader\CM7\Middlewares\STM32_Cryptographic\lib\libSTM32Cryptographic_CM7.a(cmox_rsa.c.o)
                              ./Core/Src/hash_check.o (cmox_rsa_cleanup)
D:\ST_WorkSpace\Project\FlashBootloader\CM7\Middlewares\STM32_Cryptographic\lib\libSTM32Cryptographic_CM7.a(cmox_rsa_modexp.c.o)
                              D:\ST_WorkSpace\Project\FlashBootloader\CM7\Middlewares\STM32_Cryptographic\lib\libSTM32Cryptographic_CM7.a(cmox_rsa.c.o) (cmox_modexp_crt)
D:\ST_WorkSpace\Project\FlashBootloader\CM7\Middlewares\STM32_Cryptographic\lib\libSTM32Cryptographic_CM7.a(cmox_rsa_pkcs1v15.c.o)
                              ./Core/Src/hash_check.o (CMOX_RSA_PKCS1V15_HASH_SHA256)
D:\ST_WorkSpace\Project\FlashBootloader\CM7\Middlewares\STM32_Cryptographic\lib\libSTM32Cryptographic_CM7.a(cmox_sha256.c.o)
                              ./Core/Src/hash_check.o (CMOX_SHA256_ALGO)
D:\ST_WorkSpace\Project\FlashBootloader\CM7\Middlewares\STM32_Cryptographic\lib\libSTM32Cryptographic_CM7.a(cmox_sha256_common.c.o)
                              D:\ST_WorkSpace\Project\FlashBootloader\CM7\Middlewares\STM32_Cryptographic\lib\libSTM32Cryptographic_CM7.a(cmox_sha256.c.o) (CMOX_MD_SHA256_VTABLE_ST)
D:\ST_WorkSpace\Project\FlashBootloader\CM7\Middlewares\STM32_Cryptographic\lib\libSTM32Cryptographic_CM7.a(cmox_utils_compare.c.o)
                              D:\ST_WorkSpace\Project\FlashBootloader\CM7\Middlewares\STM32_Cryptographic\lib\libSTM32Cryptographic_CM7.a(cmox_rsa_pkcs1v15.c.o) (cmox_utils_robustCmp)
D:\ST_WorkSpace\Project\FlashBootloader\CM7\Middlewares\STM32_Cryptographic\lib\libSTM32Cryptographic_CM7.a(cmox_aesfast_encrypt.c.o)
                              D:\ST_WorkSpace\Project\FlashBootloader\CM7\Middlewares\STM32_Cryptographic\lib\libSTM32Cryptographic_CM7.a(cmox_cmac_aesfast.c.o) (CMOX_AESFAST_ENCRYPT_VTABLE)
D:\ST_WorkSpace\Project\FlashBootloader\CM7\Middlewares\STM32_Cryptographic\lib\libSTM32Cryptographic_CM7.a(cmox_bn.c.o)
                              D:\ST_WorkSpace\Project\FlashBootloader\CM7\Middlewares\STM32_Cryptographic\lib\libSTM32Cryptographic_CM7.a(cmox_modexp.c.o) (cmox_bn_alloc)
D:\ST_WorkSpace\Project\FlashBootloader\CM7\Middlewares\STM32_Cryptographic\lib\libSTM32Cryptographic_CM7.a(cmox_cmac.c.o)
                              D:\ST_WorkSpace\Project\FlashBootloader\CM7\Middlewares\STM32_Cryptographic\lib\libSTM32Cryptographic_CM7.a(cmox_cmac_aesfast.c.o) (cmox_cmac_compute)
D:\ST_WorkSpace\Project\FlashBootloader\CM7\Middlewares\STM32_Cryptographic\lib\libSTM32Cryptographic_CM7.a(cmox_math.c.o)
                              D:\ST_WorkSpace\Project\FlashBootloader\CM7\Middlewares\STM32_Cryptographic\lib\libSTM32Cryptographic_CM7.a(cmox_modexp.c.o) (cmox_AddBN)
D:\ST_WorkSpace\Project\FlashBootloader\CM7\Middlewares\STM32_Cryptographic\lib\libSTM32Cryptographic_CM7.a(cmox_math_armv7em_ewarm_mm-fios.s.o)
                              D:\ST_WorkSpace\Project\FlashBootloader\CM7\Middlewares\STM32_Cryptographic\lib\libSTM32Cryptographic_CM7.a(cmox_math_armv7em_llf.c.o) (cmox_asm_montymul)
D:\ST_WorkSpace\Project\FlashBootloader\CM7\Middlewares\STM32_Cryptographic\lib\libSTM32Cryptographic_CM7.a(cmox_math_armv7em_ewarm_mm-fios256.s.o)
                              D:\ST_WorkSpace\Project\FlashBootloader\CM7\Middlewares\STM32_Cryptographic\lib\libSTM32Cryptographic_CM7.a(cmox_math_armv7em_llf.c.o) (cmox_asm_montymul_fast256)
D:\ST_WorkSpace\Project\FlashBootloader\CM7\Middlewares\STM32_Cryptographic\lib\libSTM32Cryptographic_CM7.a(cmox_math_armv7em_ewarm_mm-mod4.s.o)
[...]
Memory Configuration

Name             Origin             Length             Attributes
RAM_D1           0x24000000         0x00080000         xrw
FLASH            0x08020000         0x000e0000         xr
DTCMRAM          0x20000000         0x00020000         xrw
RAM_D2           0x30000000         0x00048000         xrw
RAM_D3           0x38000000         0x00010000         xrw
ITCMRAM          0x00000000         0x00010000         xrw
*default*        0x00000000         0xffffffff

Linker script and memory map

LOAD C:/ST/STM32CubeIDE_1.11.0/STM32CubeIDE/plugins/com.st.stm32cube.ide.mcu.externaltools.gnu-tools-for-stm32.12.3.rel1.win32_1.0.200.202406191623/tools/bin/../lib/gcc/arm-none-eabi/12.3.1/thumb/v7e-m+dp/hard/crti.o
LOAD C:/ST/STM32CubeIDE_1.11.0/STM32CubeIDE/plugins/com.st.stm32cube.ide.mcu.externaltools.gnu-tools-for-stm32.12.3.rel1.win32_1.0.200.202406191623/tools/bin/../lib/gcc/arm-none-eabi/12.3.1/thumb/v7e-m+dp/hard/crtbegin.o
LOAD C:/ST/STM32CubeIDE_1.11.0/STM32CubeIDE/plugins/com.st.stm32cube.ide.mcu.externaltools.gnu-tools-for-stm32.12.3.rel1.win32_1.0.200.202406191623/tools/bin/../lib/gcc/arm-none-eabi/12.3.1/../../../../arm-none-eabi/lib/thumb/v7e-m+dp/hard/crt0.o
LOAD ./Common/Src/system_stm32h7xx_dualcore_boot_cm4_cm7.o
LOAD ./Core/Src/FlashBootloader.o
LOAD ./Core/Src/cmac_check.o
LOAD ./Core/Src/cmox_low_level.o
LOAD ./Core/Src/hash_check.o
LOAD ./Core/Src/main.o
LOAD ./Core/Src/stm32h7xx_hal_msp.o
LOAD ./Core/Src/stm32h7xx_it.o
LOAD ./Core/Src/syscalls.o
LOAD ./Core/Src/sysmem.o
LOAD ./Core/Startup/startup_stm32h755zitx.o
LOAD ./Drivers/BSP/STM32H7xx_Nucleo/stm32h7xx_nucleo.o
LOAD ./Drivers/STM32H7xx_HAL_Driver/stm32h7xx_hal.o
LOAD ./Drivers/STM32H7xx_HAL_Driver/stm32h7xx_hal_cortex.o
LOAD ./Drivers/STM32H7xx_HAL_Driver/stm32h7xx_hal_crc.o
LOAD ./Drivers/STM32H7xx_HAL_Driver/stm32h7xx_hal_crc_ex.o
LOAD ./Drivers/STM32H7xx_HAL_Driver/stm32h7xx_hal_dma.o
LOAD ./Drivers/STM32H7xx_HAL_Driver/stm32h7xx_hal_dma_ex.o
LOAD ./Drivers/STM32H7xx_HAL_Driver/stm32h7xx_hal_exti.o
LOAD ./Drivers/STM32H7xx_HAL_Driver/stm32h7xx_hal_fdcan.o
LOAD ./Drivers/STM32H7xx_HAL_Driver/stm32h7xx_hal_flash.o
LOAD ./Drivers/STM32H7xx_HAL_Driver/stm32h7xx_hal_flash_ex.o
LOAD ./Drivers/STM32H7xx_HAL_Driver/stm32h7xx_hal_gpio.o
LOAD ./Drivers/STM32H7xx_HAL_Driver/stm32h7xx_hal_hsem.o
LOAD ./Drivers/STM32H7xx_HAL_Driver/stm32h7xx_hal_i2c.o
LOAD ./Drivers/STM32H7xx_HAL_Driver/stm32h7xx_hal_i2c_ex.o
LOAD ./Drivers/STM32H7xx_HAL_Driver/stm32h7xx_hal_mdma.o
LOAD ./Drivers/STM32H7xx_HAL_Driver/stm32h7xx_hal_pwr.o
LOAD ./Drivers/STM32H7xx_HAL_Driver/stm32h7xx_hal_pwr_ex.o
LOAD ./Drivers/STM32H7xx_HAL_Driver/stm32h7xx_hal_rcc.o
LOAD ./Drivers/STM32H7xx_HAL_Driver/stm32h7xx_hal_rcc_ex.o
LOAD ./Drivers/STM32H7xx_HAL_Driver/stm32h7xx_hal_tim.o
LOAD ./Drivers/STM32H7xx_HAL_Driver/stm32h7xx_hal_tim_ex.o
LOAD ./Drivers/STM32H7xx_HAL_Driver/stm32h7xx_hal_uart.o
LOAD ./Drivers/STM32H7xx_HAL_Driver/stm32h7xx_hal_uart_ex.o
LOAD ./Drivers/STM32H7xx_HAL_Driver/stm32h7xx_hal_usart.o
LOAD ./Drivers/STM32H7xx_HAL_Driver/stm32h7xx_hal_usart_ex.o
LOAD D:\ST_WorkSpace\Project\FlashBootloader\CM7\Middlewares\STM32_Cryptographic\lib\libSTM32Cryptographic_CM7.a
START GROUP
LOAD C:/ST/STM32CubeIDE_1.11.0/STM32CubeIDE/plugins/com.st.stm32cube.ide.mcu.externaltools.gnu-tools-for-stm32.12.3.rel1.win32_1.0.200.202406191623/tools/bin/../lib/gcc/arm-none-eabi/12.3.1/../../../../arm-none-eabi/lib/thumb/v7e-m+dp/hard\libc_nano.a
LOAD C:/ST/STM32CubeIDE_1.11.0/STM32CubeIDE/plugins/com.st.stm32cube.ide.mcu.externaltools.gnu-tools-for-stm32.12.3.rel1.win32_1.0.200.202406191623/tools/bin/../lib/gcc/arm-none-eabi/12.3.1/../../../../arm-none-eabi/lib/thumb/v7e-m+dp/hard\libm.a
END GROUP
START GROUP
LOAD C:/ST/STM32CubeIDE_1.11.0/STM32CubeIDE/plugins/com.st.stm32cube.ide.mcu.externaltools.gnu-tools-for-stm32.12.3.rel1.win32_1.0.200.202406191623/tools/bin/../lib/gcc/arm-none-eabi/12.3.1/thumb/v7e-m+dp/hard\libgcc.a
LOAD C:/ST/STM32CubeIDE_1.11.0/STM32CubeIDE/plugins/com.st.stm32cube.ide.mcu.externaltools.gnu-tools-for-stm32.12.3.rel1.win32_1.0.200.202406191623/tools/bin/../lib/gcc/arm-none-eabi/12.3.1/../../../../arm-none-eabi/lib/thumb/v7e-m+dp/hard\libc_nano.a
END GROUP
START GROUP
LOAD C:/ST/STM32CubeIDE_1.11.0/STM32CubeIDE/plugins/com.st.stm32cube.ide.mcu.externaltools.gnu-tools-for-stm32.12.3.rel1.win32_1.0.200.202406191623/tools/bin/../lib/gcc/arm-none-eabi/12.3.1/thumb/v7e-m+dp/hard\libgcc.a
LOAD C:/ST/STM32CubeIDE_1.11.0/STM32CubeIDE/plugins/com.st.stm32cube.ide.mcu.externaltools.gnu-tools-for-stm32.12.3.rel1.win32_1.0.200.202406191623/tools/bin/../lib/gcc/arm-none-eabi/12.3.1/../../../../arm-none-eabi/lib/thumb/v7e-m+dp/hard\libc_nano.a
LOAD C:/ST/STM32CubeIDE_1.11.0/STM32CubeIDE/plugins/com.st.stm32cube.ide.mcu.externaltools.gnu-tools-for-stm32.12.3.rel1.win32_1.0.200.202406191623/tools/bin/../lib/gcc/arm-none-eabi/12.3.1/../../../../arm-none-eabi/lib/thumb/v7e-m+dp/hard\libnosys.a
END GROUP
START GROUP
LOAD C:/ST/STM32CubeIDE_1.11.0/STM32CubeIDE/plugins/com.st.stm32cube.ide.mcu.externaltools.gnu-tools-for-stm32.12.3.rel1.win32_1.0.200.202406191623/tools/bin/../lib/gcc/arm-none-eabi/12.3.1/thumb/v7e-m+dp/hard\libgcc.a
LOAD C:/ST/STM32CubeIDE_1.11.0/STM32CubeIDE/plugins/com.st.stm32cube.ide.mcu.externaltools.gnu-tools-for-stm32.12.3.rel1.win32_1.0.200.202406191623/tools/bin/../lib/gcc/arm-none-eabi/12.3.1/../../../../arm-none-eabi/lib/thumb/v7e-m+dp/hard\libc_nano.a
LOAD C:/ST/STM32CubeIDE_1.11.0/STM32CubeIDE/plugins/com.st.stm32cube.ide.mcu.externaltools.gnu-tools-for-stm32.12.3.rel1.win32_1.0.200.202406191623/tools/bin/../lib/gcc/arm-none-eabi/12.3.1/../../../../arm-none-eabi/lib/thumb/v7e-m+dp/hard\libnosys.a
END GROUP
LOAD C:/ST/STM32CubeIDE_1.11.0/STM32CubeIDE/plugins/com.st.stm32cube.ide.mcu.externaltools.gnu-tools-for-stm32.12.3.rel1.win32_1.0.200.202406191623/tools/bin/../lib/gcc/arm-none-eabi/12.3.1/thumb/v7e-m+dp/hard/crtend.o
LOAD C:/ST/STM32CubeIDE_1.11.0/STM32CubeIDE/plugins/com.st.stm32cube.ide.mcu.externaltools.gnu-tools-for-stm32.12.3.rel1.win32_1.0.200.202406191623/tools/bin/../lib/gcc/arm-none-eabi/12.3.1/thumb/v7e-m+dp/hard/crtn.o
                0x24080000                        _estack = (ORIGIN (RAM_D1) + LENGTH (RAM_D1))
                0x00000200                        _Min_Heap_Size = 0x200
                0x00000400                        _Min_Stack_Size = 0x400

.isr_vector     0x08020000      0x298
                0x08020000                        . = ALIGN (0x4)
 *(.isr_vector)
 .isr_vector    0x08020000      0x298 ./Core/Startup/startup_stm32h755zitx.o
                0x08020000                g_pfnVectors
                0x08020298                        . = ALIGN (0x4)

.text           0x080202a0     0xa6f0
                0x080202a0                        . = ALIGN (0x4)
 *(.text)
 .text          0x080202a0       0x40 C:/ST/STM32CubeIDE_1.11.0/STM32CubeIDE/plugins/com.st.stm32cube.ide.mcu.externaltools.gnu-tools-for-stm32.12.3.rel1.win32_1.0.200.202406191623/tools/bin/../lib/gcc/arm-none-eabi/12.3.1/thumb/v7e-m+dp/hard/crtbegin.o
 .text          0x080202e0       0x2c D:\ST_WorkSpace\Project\FlashBootloader\CM7\Middlewares\STM32_Cryptographic\lib\libSTM32Cryptographic_CM7.a(cmox_cmac_aesfast.c.o)
 .text          0x0802030c       0x24 D:\ST_WorkSpace\Project\FlashBootloader\CM7\Middlewares\STM32_Cryptographic\lib\libSTM32Cryptographic_CM7.a(cmox_cmac_aesfast.c.o)
 .text          0x08020330       0x34 D:\ST_WorkSpace\Project\FlashBootloader\CM7\Middlewares\STM32_Cryptographic\lib\libSTM32Cryptographic_CM7.a(cmox_hash.c.o)
                0x08020330                cmox_hash_compute
 .text          0x08020364       0x5c D:\ST_WorkSpace\Project\FlashBootloader\CM7\Middlewares\STM32_Cryptographic\lib\libSTM32Cryptographic_CM7.a(cmox_hash.c.o)
                0x08020364                cmox_hash_common_compute
 .text          0x080203c0       0x80 D:\ST_WorkSpace\Project\FlashBootloader\CM7\Middlewares\STM32_Cryptographic\lib\libSTM32Cryptographic_CM7.a(cmox_init.c.o)
                0x080203c0                cmox_initialize
 .text          0x08020440       0x86 D:\ST_WorkSpace\Project\FlashBootloader\CM7\Middlewares\STM32_Cryptographic\lib\libSTM32Cryptographic_CM7.a(cmox_mac.c.o)
                0x08020440                cmox_mac_innerCompute
 .text          0x080204c6       0x86 D:\ST_WorkSpace\Project\FlashBootloader\CM7\Middlewares\STM32_Cryptographic\lib\libSTM32Cryptographic_CM7.a(cmox_mac.c.o)
                0x080204c6                cmox_mac_innerVerify
 .text          0x0802054c        0x6 D:\ST_WorkSpace\Project\FlashBootloader\CM7\Middlewares\STM32_Cryptographic\lib\libSTM32Cryptographic_CM7.a(cmox_mac.c.o)
                0x0802054c                cmox_mac_setCustomData_empty
 *fill*         0x08020552        0x2 
 .text          0x08020554       0x44 D:\ST_WorkSpace\Project\FlashBootloader\CM7\Middlewares\STM32_Cryptographic\lib\libSTM32Cryptographic_CM7.a(cmox_mac.c.o)
                0x08020554                cmox_mac_compute
 .text          0x08020598       0x18 D:\ST_WorkSpace\Project\FlashBootloader\CM7\Middlewares\STM32_Cryptographic\lib\libSTM32Cryptographic_CM7.a(cmox_math_armv7em_llf.c.o)
                0x08020598                cmox_asm_montymul_x128__sqr
 .text          0x080205b0       0xf4 D:\ST_WorkSpace\Project\FlashBootloader\CM7\Middlewares\STM32_Cryptographic\lib\libSTM32Cryptographic_CM7.a(cmox_modexp.c.o)
                0x080205b0                cmox_ModExpBN
 .text          0x080206a4      0x23a D:\ST_WorkSpace\Project\FlashBootloader\CM7\Middlewares\STM32_Cryptographic\lib\libSTM32Cryptographic_CM7.a(cmox_modexp.c.o)
                0x080206b4                cmox_ModExpBN_SW
 *fill*         0x080208de        0x2 
 .text          0x080208e0       0x30 D:\ST_WorkSpace\Project\FlashBootloader\CM7\Middlewares\STM32_Cryptographic\lib\libSTM32Cryptographic_CM7.a(cmox_rsa.c.o)
                0x080208e0                cmox_rsa_construct
 .text          0x08020910       0x18 D:\ST_WorkSpace\Project\FlashBootloader\CM7\Middlewares\STM32_Cryptographic\lib\libSTM32Cryptographic_CM7.a(cmox_rsa.c.o)
                0x08020910                cmox_rsa_cleanup
 .text          0x08020928       0x54 D:\ST_WorkSpace\Project\FlashBootloader\CM7\Middlewares\STM32_Cryptographic\lib\libSTM32Cryptographic_CM7.a(cmox_rsa.c.o)
                0x08020928                cmox_rsa_setKey
 .text          0x0802097c      0x138 D:\ST_WorkSpace\Project\FlashBootloader\CM7\Middlewares\STM32_Cryptographic\lib\libSTM32Cryptographic_CM7.a(cmox_rsa_modexp.c.o)
                0x0802097c                cmox_modexp_std
 .text          0x08020ab4      0x18c D:\ST_WorkSpace\Project\FlashBootloader\CM7\Middlewares\STM32_Cryptographic\lib\libSTM32Cryptographic_CM7.a(cmox_rsa_pkcs1v15.c.o)
                0x08020ab4                cmox_rsa_pkcs1v15_verify
 .text          0x08020c40       0x2c D:\ST_WorkSpace\Project\FlashBootloader\CM7\Middlewares\STM32_Cryptographic\lib\libSTM32Cryptographic_CM7.a(cmox_sha256.c.o)
 .text          0x08020c6c       0x44 D:\ST_WorkSpace\Project\FlashBootloader\CM7\Middlewares\STM32_Cryptographic\lib\libSTM32Cryptographic_CM7.a(cmox_sha256.c.o)
 .text          0x08020cb0       0x20 D:\ST_WorkSpace\Project\FlashBootloader\CM7\Middlewares\STM32_Cryptographic\lib\libSTM32Cryptographic_CM7.a(cmox_sha256.c.o)
 .text          0x08020cd0       0x30 D:\ST_WorkSpace\Project\FlashBootloader\CM7\Middlewares\STM32_Cryptographic\lib\libSTM32Cryptographic_CM7.a(cmox_sha256.c.o)
 .text          0x08020d00       0x30 D:\ST_WorkSpace\Project\FlashBootloader\CM7\Middlewares\STM32_Cryptographic\lib\libSTM32Cryptographic_CM7.a(cmox_sha256.c.o)
 .text          0x08020d30       0x70 D:\ST_WorkSpace\Project\FlashBootloader\CM7\Middlewares\STM32_Cryptographic\lib\libSTM32Cryptographic_CM7.a(cmox_sha256.c.o)
 .text          0x08020da0      0x1f4 D:\ST_WorkSpace\Project\FlashBootloader\CM7\Middlewares\STM32_Cryptographic\lib\libSTM32Cryptographic_CM7.a(cmox_sha256_common.c.o)
 .text          0x08020f94       0x30 D:\ST_WorkSpace\Project\FlashBootloader\CM7\Middlewares\STM32_Cryptographic\lib\libSTM32Cryptographic_CM7.a(cmox_utils_compare.c.o)
 .text          0x08020fc4       0x36 D:\ST_WorkSpace\Project\FlashBootloader\CM7\Middlewares\STM32_Cryptographic\lib\libSTM32Cryptographic_CM7.a(cmox_utils_compare.c.o)
 *fill*         0x08020ffa        0x2 
 .text          0x08020ffc      0x104 D:\ST_WorkSpace\Project\FlashBootloader\CM7\Middlewares\STM32_Cryptographic\lib\libSTM32Cryptographic_CM7.a(cmox_utils_compare.c.o)
                0x08021008                cmox_utils_robustCmp
 .text          0x08021100      0x31c D:\ST_WorkSpace\Project\FlashBootloader\CM7\Middlewares\STM32_Cryptographic\lib\libSTM32Cryptographic_CM7.a(cmox_aesfast_encrypt.c.o)
 .text          0x0802141c       0x16 D:\ST_WorkSpace\Project\FlashBootloader\CM7\Middlewares\STM32_Cryptographic\lib\libSTM32Cryptographic_CM7.a(cmox_bn.c.o)
                0x0802141c                cmox_bn_alloc
 .text          0x08021432       0x16 D:\ST_WorkSpace\Project\FlashBootloader\CM7\Middlewares\STM32_Cryptographic\lib\libSTM32Cryptographic_CM7.a(cmox_bn.c.o)
                0x08021432                cmox_bn_free
 .text          0x08021448       0x20 D:\ST_WorkSpace\Project\FlashBootloader\CM7\Middlewares\STM32_Cryptographic\lib\libSTM32Cryptographic_CM7.a(cmox_bn.c.o)
                0x08021448                cmox_bn_init
 .text          0x08021468       0x70 D:\ST_WorkSpace\Project\FlashBootloader\CM7\Middlewares\STM32_Cryptographic\lib\libSTM32Cryptographic_CM7.a(cmox_bn.c.o)
                0x08021468                cmox_bn_cCopy
 .text          0x080214d8       0x82 D:\ST_WorkSpace\Project\FlashBootloader\CM7\Middlewares\STM32_Cryptographic\lib\libSTM32Cryptographic_CM7.a(cmox_bn.c.o)
                0x080214d8                cmox_bn_cmp
 .text          0x0802155a       0x86 D:\ST_WorkSpace\Project\FlashBootloader\CM7\Middlewares\STM32_Cryptographic\lib\libSTM32Cryptographic_CM7.a(cmox_bn.c.o)
                0x0802155a                cmox_bn_fromU8BE
 .text          0x080215e0       0x76 D:\ST_WorkSpace\Project\FlashBootloader\CM7\Middlewares\STM32_Cryptographic\lib\libSTM32Cryptographic_CM7.a(cmox_bn.c.o)
                0x080215e0                cmox_bn_toU8BE
 *fill*         0x08021656        0x2 
 .text          0x08021658       0x20 D:\ST_WorkSpace\Project\FlashBootloader\CM7\Middlewares\STM32_Cryptographic\lib\libSTM32Cryptographic_CM7.a(cmox_cmac.c.o)
 .text          0x08021678       0x38 D:\ST_WorkSpace\Project\FlashBootloader\CM7\Middlewares\STM32_Cryptographic\lib\libSTM32Cryptographic_CM7.a(cmox_cmac.c.o)
 .text          0x080216b0       0x28 D:\ST_WorkSpace\Project\FlashBootloader\CM7\Middlewares\STM32_Cryptographic\lib\libSTM32Cryptographic_CM7.a(cmox_cmac.c.o)
 .text          0x080216d8       0x34 D:\ST_WorkSpace\Project\FlashBootloader\CM7\Middlewares\STM32_Cryptographic\lib\libSTM32Cryptographic_CM7.a(cmox_cmac.c.o)
 .text          0x0802170c       0x28 D:\ST_WorkSpace\Project\FlashBootloader\CM7\Middlewares\STM32_Cryptographic\lib\libSTM32Cryptographic_CM7.a(cmox_cmac.c.o)
 .text          0x08021734       0xc4 D:\ST_WorkSpace\Project\FlashBootloader\CM7\Middlewares\STM32_Cryptographic\lib\libSTM32Cryptographic_CM7.a(cmox_cmac.c.o)
 .text          0x080217f8      0x130 D:\ST_WorkSpace\Project\FlashBootloader\CM7\Middlewares\STM32_Cryptographic\lib\libSTM32Cryptographic_CM7.a(cmox_cmac.c.o)
 .text          0x08021928      0x154 D:\ST_WorkSpace\Project\FlashBootloader\CM7\Middlewares\STM32_Cryptographic\lib\libSTM32Cryptographic_CM7.a(cmox_cmac.c.o)
 .text          0x08021a7c       0x30 D:\ST_WorkSpace\Project\FlashBootloader\CM7\Middlewares\STM32_Cryptographic\lib\libSTM32Cryptographic_CM7.a(cmox_cmac.c.o)
 .text          0x08021aac       0x14 D:\ST_WorkSpace\Project\FlashBootloader\CM7\Middlewares\STM32_Cryptographic\lib\libSTM32Cryptographic_CM7.a(cmox_cmac.c.o)
                0x08021aac                cmox_cmac_construct
 .text          0x08021ac0       0x36 D:\ST_WorkSpace\Project\FlashBootloader\CM7\Middlewares\STM32_Cryptographic\lib\libSTM32Cryptographic_CM7.a(cmox_cmac.c.o)
                0x08021ac0                cmox_cmac_compute
 .text          0x08021af6       0x32 D:\ST_WorkSpace\Project\FlashBootloader\CM7\Middlewares\STM32_Cryptographic\lib\libSTM32Cryptographic_CM7.a(cmox_cmac.c.o)
                0x08021af6                cmox_cmac_verify
 .text          0x08021b28       0x16 D:\ST_WorkSpace\Project\FlashBootloader\CM7\Middlewares\STM32_Cryptographic\lib\libSTM32Cryptographic_CM7.a(cmox_math.c.o)
                0x08021b28                cmox_red_fake_copy_in_to_out
 .text          0x08021b3e       0x38 D:\ST_WorkSpace\Project\FlashBootloader\CM7\Middlewares\STM32_Cryptographic\lib\libSTM32Cryptographic_CM7.a(cmox_math.c.o)
 .text          0x08021b76      0x2be D:\ST_WorkSpace\Project\FlashBootloader\CM7\Middlewares\STM32_Cryptographic\lib\libSTM32Cryptographic_CM7.a(cmox_math.c.o)
                0x08021b76                cmox_ModRedBN
 .text          0x08021e34       0xaa D:\ST_WorkSpace\Project\FlashBootloader\CM7\Middlewares\STM32_Cryptographic\lib\libSTM32Cryptographic_CM7.a(cmox_math.c.o)
                0x08021e34                cmox_ModularBN_Init
 .text          0x08021ede       0x10 D:\ST_WorkSpace\Project\FlashBootloader\CM7\Middlewares\STM32_Cryptographic\lib\libSTM32Cryptographic_CM7.a(cmox_math.c.o)
                0x08021ede                cmox_ModularBN_Enter
 .text          0x08021eee       0x44 D:\ST_WorkSpace\Project\FlashBootloader\CM7\Middlewares\STM32_Cryptographic\lib\libSTM32Cryptographic_CM7.a(cmox_math.c.o)
                0x08021eee                cmox_ModularBN_Exit
 .text          0x08021f32       0x4c D:\ST_WorkSpace\Project\FlashBootloader\CM7\Middlewares\STM32_Cryptographic\lib\libSTM32Cryptographic_CM7.a(cmox_math.c.o)
                0x08021f32                cmox_ModularBN_Mul
 .text          0x08021f7e       0x42 D:\ST_WorkSpace\Project\FlashBootloader\CM7\Middlewares\STM32_Cryptographic\lib\libSTM32Cryptographic_CM7.a(cmox_math.c.o)
                0x08021f7e                cmox_ModularBN_Sqr
 .text          0x08021fc0       0x18 D:\ST_WorkSpace\Project\FlashBootloader\CM7\Middlewares\STM32_Cryptographic\lib\libSTM32Cryptographic_CM7.a(cmox_math.c.o)
                0x08021fc0                cmox_ModularBN_DeinitWithR2
 .text          0x08021fd8       0x1c D:\ST_WorkSpace\Project\FlashBootloader\CM7\Middlewares\STM32_Cryptographic\lib\libSTM32Cryptographic_CM7.a(cmox_math.c.o)
                0x08021fd8                cmox_ModularBN_Deinit
 .text          0x08021ff4      0x248 D:\ST_WorkSpace\Project\FlashBootloader\CM7\Middlewares\STM32_Cryptographic\lib\libSTM32Cryptographic_CM7.a(cmox_math_armv7em_ewarm_mm-mod4.s.o)
                0x08021ff4                cmox_asm_montymul_x128
 .text          0x0802223c       0xbe D:\ST_WorkSpace\Project\FlashBootloader\CM7\Middlewares\STM32_Cryptographic\lib\libSTM32Cryptographic_CM7.a(cmox_math_armv7em_ewarm_montyred.s.o)
                0x0802223c                cmox_asm_montyred
 .text          0x080222fa       0x58 D:\ST_WorkSpace\Project\FlashBootloader\CM7\Middlewares\STM32_Cryptographic\lib\libSTM32Cryptographic_CM7.a(cmox_math_armv7em_ewarm_mul-os.s.o)
                0x080222fa                cmox_asm_mul
 .text          0x08022352        0xa D:\ST_WorkSpace\Project\FlashBootloader\CM7\Middlewares\STM32_Cryptographic\lib\libSTM32Cryptographic_CM7.a(cmox_mathutils.c.o)
                0x08022352                cmox_mathUtils_mux
 .text          0x0802235c        0x6 D:\ST_WorkSpace\Project\FlashBootloader\CM7\Middlewares\STM32_Cryptographic\lib\libSTM32Cryptographic_CM7.a(cmox_mathutils.c.o)
                0x0802235c                cmox_mathUtils_not
 .text          0x08022362        0xa D:\ST_WorkSpace\Project\FlashBootloader\CM7\Middlewares\STM32_Cryptographic\lib\libSTM32Cryptographic_CM7.a(cmox_mathutils.c.o)
                0x08022362                cmox_mathUtils_neq
 .text          0x0802236c        0xe D:\ST_WorkSpace\Project\FlashBootloader\CM7\Middlewares\STM32_Cryptographic\lib\libSTM32Cryptographic_CM7.a(cmox_mathutils.c.o)
                0x0802236c                cmox_mathUtils_gt
 .text          0x0802237a       0x24 D:\ST_WorkSpace\Project\FlashBootloader\CM7\Middlewares\STM32_Cryptographic\lib\libSTM32Cryptographic_CM7.a(cmox_mathutils.c.o)
                0x0802237a                cmox_mathUtils_bitLength
 .text          0x0802239e        0x8 D:\ST_WorkSpace\Project\FlashBootloader\CM7\Middlewares\STM32_Cryptographic\lib\libSTM32Cryptographic_CM7.a(cmox_md.c.o)
                0x0802239e                cmox_md_updateState_small
 .text          0x080223a6       0x44 D:\ST_WorkSpace\Project\FlashBootloader\CM7\Middlewares\STM32_Cryptographic\lib\libSTM32Cryptographic_CM7.a(cmox_md.c.o)
                0x080223a6                cmox_md_copyLastState_small
 .text          0x080223ea       0x1a D:\ST_WorkSpace\Project\FlashBootloader\CM7\Middlewares\STM32_Cryptographic\lib\libSTM32Cryptographic_CM7.a(cmox_md.c.o)
                0x080223ea                cmox_md_padMsgLen_small
 .text          0x08022404        0x8 D:\ST_WorkSpace\Project\FlashBootloader\CM7\Middlewares\STM32_Cryptographic\lib\libSTM32Cryptographic_CM7.a(cmox_md.c.o)
                0x08022404                cmox_md_construct
 .text          0x0802240c       0x1e D:\ST_WorkSpace\Project\FlashBootloader\CM7\Middlewares\STM32_Cryptographic\lib\libSTM32Cryptographic_CM7.a(cmox_md.c.o)
                0x0802240c                cmox_md_init
 .text          0x0802242a        0x8 D:\ST_WorkSpace\Project\FlashBootloader\CM7\Middlewares\STM32_Cryptographic\lib\libSTM32Cryptographic_CM7.a(cmox_md.c.o)
                0x0802242a                cmox_md_setTagSize
 *fill*         0x08022432        0x2 
 .text          0x08022434       0xa8 D:\ST_WorkSpace\Project\FlashBootloader\CM7\Middlewares\STM32_Cryptographic\lib\libSTM32Cryptographic_CM7.a(cmox_md.c.o)
                0x08022434                cmox_md_append
 .text          0x080224dc      0x1ac D:\ST_WorkSpace\Project\FlashBootloader\CM7\Middlewares\STM32_Cryptographic\lib\libSTM32Cryptographic_CM7.a(cmox_md.c.o)
                0x080224dc                cmox_md_generateTag
 .text          0x08022688        0x8 D:\ST_WorkSpace\Project\FlashBootloader\CM7\Middlewares\STM32_Cryptographic\lib\libSTM32Cryptographic_CM7.a(cmox_md.c.o)
 .text          0x08022690       0x20 D:\ST_WorkSpace\Project\FlashBootloader\CM7\Middlewares\STM32_Cryptographic\lib\libSTM32Cryptographic_CM7.a(cmox_membuf.c.o)
                0x08022690                cmox_membuf_init
                0x08022692                cmox_membuf_set
                0x080226a6                cmox_membuf_getFree
 .text          0x080226b0       0x3e D:\ST_WorkSpace\Project\FlashBootloader\CM7\Middlewares\STM32_Cryptographic\lib\libSTM32Cryptographic_CM7.a(cmox_membuf.c.o)
                0x080226b0                cmox_membuf_alloc
 .text          0x080226ee       0x2a D:\ST_WorkSpace\Project\FlashBootloader\CM7\Middlewares\STM32_Cryptographic\lib\libSTM32Cryptographic_CM7.a(cmox_membuf.c.o)
                0x080226ee                cmox_membuf_free
 .text          0x08022718       0x1a D:\ST_WorkSpace\Project\FlashBootloader\CM7\Middlewares\STM32_Cryptographic\lib\libSTM32Cryptographic_CM7.a(cmox_membuf.c.o)
                0x08022718                cmox_membuf_cleanup
 *fill*         0x08022732        0x2 
 .text          0x08022734      0x114 D:\ST_WorkSpace\Project\FlashBootloader\CM7\Middlewares\STM32_Cryptographic\lib\libSTM32Cryptographic_CM7.a(cmox_aes_common.c.o)
                0x08022734                cmox_aesSmall_keySchedule
 .text          0x08022848      0x3c8 D:\ST_WorkSpace\Project\FlashBootloader\CM7\Middlewares\STM32_Cryptographic\lib\libSTM32Cryptographic_CM7.a(cmox_cipher_modes.c.o)
                0x08022848                cmox_cipherMode_setKey
 .text          0x08022c10        0x8 D:\ST_WorkSpace\Project\FlashBootloader\CM7\Middlewares\STM32_Cryptographic\lib\libSTM32Cryptographic_CM7.a(cmox_cipher_modes.c.o)
 .text          0x08022c18       0x28 D:\ST_WorkSpace\Project\FlashBootloader\CM7\Middlewares\STM32_Cryptographic\lib\libSTM32Cryptographic_CM7.a(cmox_cipher_utils.c.o)
                0x08022c18                convert_block_2_words
 .text          0x08022c40       0x1a D:\ST_WorkSpace\Project\FlashBootloader\CM7\Middlewares\STM32_Cryptographic\lib\libSTM32Cryptographic_CM7.a(cmox_cipher_utils.c.o)
                0x08022c40                xor_blocks
 .text          0x08022c5a       0x10 C:/ST/STM32CubeIDE_1.11.0/STM32CubeIDE/plugins/com.st.stm32cube.ide.mcu.externaltools.gnu-tools-for-stm32.12.3.rel1.win32_1.0.200.202406191623/tools/bin/../lib/gcc/arm-none-eabi/12.3.1/../../../../arm-none-eabi/lib/thumb/v7e-m+dp/hard\libc_nano.a(libc_a-strlen.o)
                0x08022c5a                strlen
 .text          0x08022c6a       0x9a C:/ST/STM32CubeIDE_1.11.0/STM32CubeIDE/plugins/com.st.stm32cube.ide.mcu.externaltools.gnu-tools-for-stm32.12.3.rel1.win32_1.0.200.202406191623/tools/bin/../lib/gcc/arm-none-eabi/12.3.1/../../../../arm-none-eabi/lib/thumb/v7e-m+dp/hard\libc_nano.a(libc_a-aeabi_memset-soft.o)
                0x08022c6a                __aeabi_memset8
                0x08022c6a                __aeabi_memset4
                0x08022c6a                __aeabi_memset
 *fill*         0x08022d04        0xc 
 .text          0x08022d10       0xa0 C:/ST/STM32CubeIDE_1.11.0/STM32CubeIDE/plugins/com.st.stm32cube.ide.mcu.externaltools.gnu-tools-for-stm32.12.3.rel1.win32_1.0.200.202406191623/tools/bin/../lib/gcc/arm-none-eabi/12.3.1/../../../../arm-none-eabi/lib/thumb/v7e-m+dp/hard\libc_nano.a(libc_a-memchr.o)
                0x08022d10                memchr
 .text          0x08022db0       0x30 C:/ST/STM32CubeIDE_1.11.0/STM32CubeIDE/plugins/com.st.stm32cube.ide.mcu.externaltools.gnu-tools-for-stm32.12.3.rel1.win32_1.0.200.202406191623/tools/bin/../lib/gcc/arm-none-eabi/12.3.1/thumb/v7e-m+dp/hard\libgcc.a(_aeabi_uldivmod.o)
                0x08022db0                __aeabi_uldivmod
 .text          0x08022de0      0x2bc C:/ST/STM32CubeIDE_1.11.0/STM32CubeIDE/plugins/com.st.stm32cube.ide.mcu.externaltools.gnu-tools-for-stm32.12.3.rel1.win32_1.0.200.202406191623/tools/bin/../lib/gcc/arm-none-eabi/12.3.1/thumb/v7e-m+dp/hard\libgcc.a(_udivmoddi4.o)
                0x08022de0                __udivmoddi4
 .text          0x0802309c        0x4 C:/ST/STM32CubeIDE_1.11.0/STM32CubeIDE/plugins/com.st.stm32cube.ide.mcu.externaltools.gnu-tools-for-stm32.12.3.rel1.win32_1.0.200.202406191623/tools/bin/../lib/gcc/arm-none-eabi/12.3.1/thumb/v7e-m+dp/hard\libgcc.a(_dvmd_tls.o)
                0x0802309c                __aeabi_idiv0
                0x0802309c                __aeabi_ldiv0
 *(.text*)
 .text.SystemInit
                0x080230a0      0x12c ./Common/Src/system_stm32h7xx_dualcore_boot_cm4_cm7.o
                0x080230a0                SystemInit
 .text.__NVIC_SystemReset
                0x080231cc       0x2c ./Core/Src/FlashBootloader.o
 .text.FlashBootloader_Main
                0x080231f8      0x104 ./Core/Src/FlashBootloader.o
                0x080231f8                FlashBootloader_Main
 .text.FBL_Periph_Init
                0x080232fc       0x76 ./Core/Src/FlashBootloader.o
                0x080232fc                FBL_Periph_Init
 *fill*         0x08023372        0x2 
 .text.App_Sector_Erase
                0x08023374       0x68 ./Core/Src/FlashBootloader.o
                0x08023374                App_Sector_Erase
 .text.Extract_Sig
                0x080233dc       0x34 ./Core/Src/FlashBootloader.o
                0x080233dc                Extract_Sig
 .text.Receive_FW
                0x08023410       0x50 ./Core/Src/FlashBootloader.o
                0x08023410                Receive_FW
 .text.FW_Auth_Verify
                0x08023460       0x60 ./Core/Src/FlashBootloader.o
                0x08023460                FW_Auth_Verify
 .text.Calculate_And_Store_MAC
                0x080234c0       0x78 ./Core/Src/FlashBootloader.o
                0x080234c0                Calculate_And_Store_MAC
 .text.AES_CMAC_Encrypt
                0x08023538       0x70 ./Core/Src/cmac_check.o
                0x08023538                AES_CMAC_Encrypt
 .text.cmox_ll_init
                0x080235a8       0x48 ./Core/Src/cmox_low_level.o
                0x080235a8                cmox_ll_init
 .text.SHA256_HASH_DigestCompute
                0x080235f0       0x5c ./Core/Src/hash_check.o
                0x080235f0                SHA256_HASH_DigestCompute
 .text.FW_Signature_Verify
                0x0802364c       0xe8 ./Core/Src/hash_check.o
                0x0802364c                FW_Signature_Verify
 .text.main     0x08023734        0xa ./Core/Src/main.o
                0x08023734                main
 *fill*         0x0802373e        0x2 
 .text.SystemClock_Config
                0x08023740       0xf8 ./Core/Src/main.o
                0x08023740                SystemClock_Config
 .text.MX_CRC_Init
                0x08023838       0x44 ./Core/Src/main.o
                0x08023838                MX_CRC_Init
 .text.MX_FDCAN1_Init
                0x0802387c      0x104 ./Core/Src/main.o
                0x0802387c                MX_FDCAN1_Init
 .text.MX_FDCAN2_Init
                0x08023980      0x104 ./Core/Src/main.o
                0x08023980                MX_FDCAN2_Init
 .text.MX_USART3_UART_Init
                0x08023a84       0x98 ./Core/Src/main.o
                0x08023a84                MX_USART3_UART_Init
 .text.MX_USART2_UART_Init
                0x08023b1c       0x9c ./Core/Src/main.o
                0x08023b1c                MX_USART2_UART_Init
 .text.printmsg
                0x08023bb8       0x44 ./Core/Src/main.o
                0x08023bb8                printmsg
 .text.MX_GPIO_Init
                0x08023bfc       0x54 ./Core/Src/main.o
                0x08023bfc                MX_GPIO_Init
 .text.Error_Handler
                0x08023c50       0x14 ./Core/Src/main.o
                0x08023c50                Error_Handler
 .text.HAL_MspInit
                0x08023c64       0x34 ./Core/Src/stm32h7xx_hal_msp.o
                0x08023c64                HAL_MspInit
 .text.HAL_CRC_MspInit
                0x08023c98       0x44 ./Core/Src/stm32h7xx_hal_msp.o
                0x08023c98                HAL_CRC_MspInit
 .text.HAL_FDCAN_MspInit
                0x08023cdc      0x1c0 ./Core/Src/stm32h7xx_hal_msp.o
                0x08023cdc                HAL_FDCAN_MspInit
 .text.HAL_UART_MspInit
                0x08023e9c       0xd4 ./Core/Src/stm32h7xx_hal_msp.o
                0x08023e9c                HAL_UART_MspInit
 .text.NMI_Handler
                0x08023f70        0x8 ./Core/Src/stm32h7xx_it.o
                0x08023f70                NMI_Handler
 .text.HardFault_Handler
                0x08023f78        0x8 ./Core/Src/stm32h7xx_it.o
                0x08023f78                HardFault_Handler
 .text.MemManage_Handler
                0x08023f80        0x8 ./Core/Src/stm32h7xx_it.o
                0x08023f80                MemManage_Handler
 .text.BusFault_Handler
                0x08023f88        0x8 ./Core/Src/stm32h7xx_it.o
                0x08023f88                BusFault_Handler
 .text.UsageFault_Handler
                0x08023f90        0x8 ./Core/Src/stm32h7xx_it.o
                0x08023f90                UsageFault_Handler
 .text.SVC_Handler
                0x08023f98        0xe ./Core/Src/stm32h7xx_it.o
                0x08023f98                SVC_Handler
 .text.DebugMon_Handler
                0x08023fa6        0xe ./Core/Src/stm32h7xx_it.o
                0x08023fa6                DebugMon_Handler
 .text.PendSV_Handler
                0x08023fb4        0xe ./Core/Src/stm32h7xx_it.o
                0x08023fb4                PendSV_Handler
 .text.SysTick_Handler
                0x08023fc2        0xc ./Core/Src/stm32h7xx_it.o
                0x08023fc2                SysTick_Handler
 *fill*         0x08023fce        0x2 
 .text.FDCAN1_IT0_IRQHandler
                0x08023fd0       0x14 ./Core/Src/stm32h7xx_it.o
                0x08023fd0                FDCAN1_IT0_IRQHandler
 .text.FDCAN1_IT1_IRQHandler
                0x08023fe4       0x14 ./Core/Src/stm32h7xx_it.o
                0x08023fe4                FDCAN1_IT1_IRQHandler
 .text._sbrk    0x08023ff8       0x6c ./Core/Src/sysmem.o
                0x08023ff8                _sbrk
 .text.Reset_Handler
                0x08024064       0x74 ./Core/Startup/startup_stm32h755zitx.o
                0x08024064                Reset_Handler
 .text.Default_Handler
                0x080240d8        0x2 ./Core/Startup/startup_stm32h755zitx.o
                0x080240d8                RTC_Alarm_IRQHandler
                0x080240d8                HASH_RNG_IRQHandler
                0x080240d8                EXTI2_IRQHandler
                0x080240d8                TIM8_CC_IRQHandler
                0x080240d8                HRTIM1_Master_IRQHandler
                0x080240d8                UART8_IRQHandler
                0x080240d8                SPI4_IRQHandler
                0x080240d8                TIM1_CC_IRQHandler
                0x080240d8                BDMA_Channel6_IRQHandler
                0x080240d8                DMA2_Stream5_IRQHandler
                0x080240d8                HRTIM1_FLT_IRQHandler
                0x080240d8                JPEG_IRQHandler
                0x080240d8                DMA1_Stream5_IRQHandler
                0x080240d8                BDMA_Channel1_IRQHandler
                0x080240d8                HRTIM1_TIMD_IRQHandler
                0x080240d8                TAMP_STAMP_IRQHandler
                0x080240d8                EXTI3_IRQHandler
                0x080240d8                LPTIM4_IRQHandler
                0x080240d8                TIM8_TRG_COM_TIM14_IRQHandler
                0x080240d8                LPTIM2_IRQHandler
                0x080240d8                DFSDM1_FLT1_IRQHandler
                0x080240d8                DMAMUX2_OVR_IRQHandler
                0x080240d8                TIM8_UP_TIM13_IRQHandler
                0x080240d8                I2C3_ER_IRQHandler
                0x080240d8                DFSDM1_FLT2_IRQHandler
                0x080240d8                MDMA_IRQHandler
                0x080240d8                LPTIM3_IRQHandler
                0x080240d8                HSEM1_IRQHandler
                0x080240d8                EXTI0_IRQHandler
                0x080240d8                I2C2_EV_IRQHandler
                0x080240d8                DMA1_Stream2_IRQHandler
                0x080240d8                FPU_IRQHandler
                0x080240d8                OTG_HS_WKUP_IRQHandler
                0x080240d8                LTDC_ER_IRQHandler
                0x080240d8                DMA2_Stream2_IRQHandler
                0x080240d8                HRTIM1_TIME_IRQHandler
                0x080240d8                SPI1_IRQHandler
                0x080240d8                TIM6_DAC_IRQHandler
                0x080240d8                DCMI_IRQHandler
                0x080240d8                HRTIM1_TIMC_IRQHandler
                0x080240d8                DMA2_Stream3_IRQHandler
                0x080240d8                SAI2_IRQHandler
                0x080240d8                DFSDM1_FLT3_IRQHandler
                0x080240d8                USART6_IRQHandler
                0x080240d8                TIM17_IRQHandler
                0x080240d8                USART3_IRQHandler
                0x080240d8                BDMA_Channel7_IRQHandler
                0x080240d8                CRYP_IRQHandler
                0x080240d8                LPTIM5_IRQHandler
                0x080240d8                UART5_IRQHandler
                0x080240d8                ADC3_IRQHandler
                0x080240d8                DMA2_Stream0_IRQHandler
                0x080240d8                TIM4_IRQHandler
                0x080240d8                BDMA_Channel2_IRQHandler
                0x080240d8                QUADSPI_IRQHandler
                0x080240d8                I2C1_EV_IRQHandler
                0x080240d8                DMA1_Stream6_IRQHandler
                0x080240d8                DMAMUX1_OVR_IRQHandler
                0x080240d8                DMA1_Stream1_IRQHandler
                0x080240d8                TIM16_IRQHandler
                0x080240d8                UART4_IRQHandler
                0x080240d8                BDMA_Channel5_IRQHandler
                0x080240d8                TIM3_IRQHandler
                0x080240d8                RCC_IRQHandler
                0x080240d8                TIM8_BRK_TIM12_IRQHandler
                0x080240d8                TIM1_TRG_COM_IRQHandler
                0x080240d8                Default_Handler
                0x080240d8                ECC_IRQHandler
                0x080240d8                CEC_IRQHandler
                0x080240d8                EXTI15_10_IRQHandler
                0x080240d8                BDMA_Channel0_IRQHandler
                0x080240d8                ADC_IRQHandler
                0x080240d8                DMA1_Stream7_IRQHandler
                0x080240d8                HRTIM1_TIMA_IRQHandler
                0x080240d8                SPI5_IRQHandler
                0x080240d8                TIM7_IRQHandler
                0x080240d8                SDMMC1_IRQHandler
                0x080240d8                TIM5_IRQHandler
                0x080240d8                DMA2_Stream7_IRQHandler
                0x080240d8                TIM15_IRQHandler
                0x080240d8                PVD_AVD_IRQHandler
                0x080240d8                I2C3_EV_IRQHandler
                0x080240d8                EXTI9_5_IRQHandler
                0x080240d8                RTC_WKUP_IRQHandler
                0x080240d8                LTDC_IRQHandler
                0x080240d8                SAI3_IRQHandler
                0x080240d8                ETH_WKUP_IRQHandler
                0x080240d8                SPDIF_RX_IRQHandler
                0x080240d8                SPI2_IRQHandler
                0x080240d8                OTG_HS_EP1_IN_IRQHandler
                0x080240d8                DMA1_Stream0_IRQHandler
                0x080240d8                CRS_IRQHandler
                0x080240d8                CM7_SEV_IRQHandler
                0x080240d8                EXTI4_IRQHandler
                0x080240d8                CM4_SEV_IRQHandler
                0x080240d8                HRTIM1_TIMB_IRQHandler
                0x080240d8                FDCAN2_IT1_IRQHandler
                0x080240d8                ETH_IRQHandler
                0x080240d8                TIM1_UP_IRQHandler
                0x080240d8                WWDG_RST_IRQHandler
                0x080240d8                BDMA_Channel4_IRQHandler
                0x080240d8                OTG_HS_EP1_OUT_IRQHandler
                0x080240d8                WWDG_IRQHandler
                0x080240d8                SPI6_IRQHandler
                0x080240d8                MDIOS_IRQHandler
                0x080240d8                I2C4_EV_IRQHandler
                0x080240d8                FDCAN2_IT0_IRQHandler
                0x080240d8                LPUART1_IRQHandler
                0x080240d8                TIM2_IRQHandler
                0x080240d8                OTG_FS_WKUP_IRQHandler
                0x080240d8                OTG_HS_IRQHandler
                0x080240d8                HSEM2_IRQHandler
                0x080240d8                DMA2D_IRQHandler
                0x080240d8                TIM1_BRK_IRQHandler
                0x080240d8                EXTI1_IRQHandler
                0x080240d8                SDMMC2_IRQHandler
                0x080240d8                OTG_FS_EP1_OUT_IRQHandler
                0x080240d8                BDMA_Channel3_IRQHandler
                0x080240d8                HOLD_CORE_IRQHandler
                0x080240d8                UART7_IRQHandler
                0x080240d8                MDIOS_WKUP_IRQHandler
                0x080240d8                USART2_IRQHandler
                0x080240d8                DFSDM1_FLT0_IRQHandler
                0x080240d8                SAI4_IRQHandler
                0x080240d8                I2C2_ER_IRQHandler
                0x080240d8                DMA2_Stream1_IRQHandler
                0x080240d8                FLASH_IRQHandler
                0x080240d8                DMA2_Stream4_IRQHandler
                0x080240d8                USART1_IRQHandler
                0x080240d8                OTG_FS_IRQHandler
                0x080240d8                SPI3_IRQHandler
                0x080240d8                WAKEUP_PIN_IRQHandler
                0x080240d8                DMA1_Stream4_IRQHandler
                0x080240d8                OTG_FS_EP1_IN_IRQHandler
                0x080240d8                I2C1_ER_IRQHandler
                0x080240d8                FMC_IRQHandler
                0x080240d8                FDCAN_CAL_IRQHandler
                0x080240d8                SWPMI1_IRQHandler
                0x080240d8                COMP1_IRQHandler
                0x080240d8                LPTIM1_IRQHandler
                0x080240d8                I2C4_ER_IRQHandler
                0x080240d8                DMA2_Stream6_IRQHandler
                0x080240d8                SAI1_IRQHandler
                0x080240d8                DMA1_Stream3_IRQHandler
 *fill*         0x080240da        0x2 
 .text.BSP_LED_Init
                0x080240dc       0xec ./Drivers/BSP/STM32H7xx_Nucleo/stm32h7xx_nucleo.o
                0x080240dc                BSP_LED_Init
 .text.BSP_LED_Toggle
                0x080241c8       0x54 ./Drivers/BSP/STM32H7xx_Nucleo/stm32h7xx_nucleo.o
                0x080241c8                BSP_LED_Toggle
 .text.HAL_Init
                0x0802421c       0x78 ./Drivers/STM32H7xx_HAL_Driver/stm32h7xx_hal.o
                0x0802421c                HAL_Init
 .text.HAL_InitTick
                0x08024294       0x6c ./Drivers/STM32H7xx_HAL_Driver/stm32h7xx_hal.o
                0x08024294                HAL_InitTick
 .text.HAL_IncTick
                0x08024300       0x28 ./Drivers/STM32H7xx_HAL_Driver/stm32h7xx_hal.o
                0x08024300                HAL_IncTick
 .text.HAL_GetTick
                0x08024328       0x18 ./Drivers/STM32H7xx_HAL_Driver/stm32h7xx_hal.o
                0x08024328                HAL_GetTick
 .text.HAL_GetREVID
                0x08024340       0x18 ./Drivers/STM32H7xx_HAL_Driver/stm32h7xx_hal.o
                0x08024340                HAL_GetREVID
 .text.__NVIC_SetPriorityGrouping
                0x08024358       0x48 ./Drivers/STM32H7xx_HAL_Driver/stm32h7xx_hal_cortex.o
 .text.__NVIC_GetPriorityGrouping
                0x080243a0       0x1c ./Drivers/STM32H7xx_HAL_Driver/stm32h7xx_hal_cortex.o
 .text.__NVIC_EnableIRQ
                0x080243bc       0x3c ./Drivers/STM32H7xx_HAL_Driver/stm32h7xx_hal_cortex.o
 .text.__NVIC_SetPriority
                0x080243f8       0x54 ./Drivers/STM32H7xx_HAL_Driver/stm32h7xx_hal_cortex.o
 .text.NVIC_EncodePriority
                0x0802444c       0x66 ./Drivers/STM32H7xx_HAL_Driver/stm32h7xx_hal_cortex.o
 *fill*         0x080244b2        0x2 
 .text.SysTick_Config
                0x080244b4       0x44 ./Drivers/STM32H7xx_HAL_Driver/stm32h7xx_hal_cortex.o
 .text.HAL_NVIC_SetPriorityGrouping
                0x080244f8       0x16 ./Drivers/STM32H7xx_HAL_Driver/stm32h7xx_hal_cortex.o
                0x080244f8                HAL_NVIC_SetPriorityGrouping
 .text.HAL_NVIC_SetPriority
                0x0802450e       0x34 ./Drivers/STM32H7xx_HAL_Driver/stm32h7xx_hal_cortex.o
                0x0802450e                HAL_NVIC_SetPriority
 .text.HAL_NVIC_EnableIRQ
                0x08024542       0x1c ./Drivers/STM32H7xx_HAL_Driver/stm32h7xx_hal_cortex.o
                0x08024542                HAL_NVIC_EnableIRQ
 .text.HAL_SYSTICK_Config
                0x0802455e       0x18 ./Drivers/STM32H7xx_HAL_Driver/stm32h7xx_hal_cortex.o
                0x0802455e                HAL_SYSTICK_Config
 *fill*         0x08024576        0x2 
 .text.HAL_CRC_Init
                0x08024578       0xc8 ./Drivers/STM32H7xx_HAL_Driver/stm32h7xx_hal_crc.o
                0x08024578                HAL_CRC_Init
 .text.HAL_CRCEx_Polynomial_Set
                0x08024640      0x11c ./Drivers/STM32H7xx_HAL_Driver/stm32h7xx_hal_crc_ex.o
                0x08024640                HAL_CRCEx_Polynomial_Set
 .text.HAL_FDCAN_Init
                0x0802475c      0x3bc ./Drivers/STM32H7xx_HAL_Driver/stm32h7xx_hal_fdcan.o
                0x0802475c                HAL_FDCAN_Init
 .text.HAL_FDCAN_ConfigFilter
                0x08024b18       0xec ./Drivers/STM32H7xx_HAL_Driver/stm32h7xx_hal_fdcan.o
                0x08024b18                HAL_FDCAN_ConfigFilter
 .text.HAL_FDCAN_IRQHandler
                0x08024c04      0x498 ./Drivers/STM32H7xx_HAL_Driver/stm32h7xx_hal_fdcan.o
                0x08024c04                HAL_FDCAN_IRQHandler
 .text.HAL_FDCAN_ClockCalibrationCallback
                0x0802509c       0x16 ./Drivers/STM32H7xx_HAL_Driver/stm32h7xx_hal_fdcan.o
                0x0802509c                HAL_FDCAN_ClockCalibrationCallback
 .text.HAL_FDCAN_TxEventFifoCallback
                0x080250b2       0x16 ./Drivers/STM32H7xx_HAL_Driver/stm32h7xx_hal_fdcan.o
                0x080250b2                HAL_FDCAN_TxEventFifoCallback
 .text.HAL_FDCAN_RxFifo0Callback
                0x080250c8       0x16 ./Drivers/STM32H7xx_HAL_Driver/stm32h7xx_hal_fdcan.o
                0x080250c8                HAL_FDCAN_RxFifo0Callback
 .text.HAL_FDCAN_RxFifo1Callback
                0x080250de       0x16 ./Drivers/STM32H7xx_HAL_Driver/stm32h7xx_hal_fdcan.o
                0x080250de                HAL_FDCAN_RxFifo1Callback
 .text.HAL_FDCAN_TxFifoEmptyCallback
                0x080250f4       0x14 ./Drivers/STM32H7xx_HAL_Driver/stm32h7xx_hal_fdcan.o
                0x080250f4                HAL_FDCAN_TxFifoEmptyCallback
 .text.HAL_FDCAN_TxBufferCompleteCallback
                0x08025108       0x16 ./Drivers/STM32H7xx_HAL_Driver/stm32h7xx_hal_fdcan.o
                0x08025108                HAL_FDCAN_TxBufferCompleteCallback
 .text.HAL_FDCAN_TxBufferAbortCallback
                0x0802511e       0x16 ./Drivers/STM32H7xx_HAL_Driver/stm32h7xx_hal_fdcan.o
                0x0802511e                HAL_FDCAN_TxBufferAbortCallback
 .text.HAL_FDCAN_RxBufferNewMessageCallback
                0x08025134       0x14 ./Drivers/STM32H7xx_HAL_Driver/stm32h7xx_hal_fdcan.o
                0x08025134                HAL_FDCAN_RxBufferNewMessageCallback
 .text.HAL_FDCAN_TimestampWraparoundCallback
                0x08025148       0x14 ./Drivers/STM32H7xx_HAL_Driver/stm32h7xx_hal_fdcan.o
                0x08025148                HAL_FDCAN_TimestampWraparoundCallback
 .text.HAL_FDCAN_TimeoutOccurredCallback
                0x0802515c       0x14 ./Drivers/STM32H7xx_HAL_Driver/stm32h7xx_hal_fdcan.o
                0x0802515c                HAL_FDCAN_TimeoutOccurredCallback
 .text.HAL_FDCAN_HighPriorityMessageCallback
                0x08025170       0x14 ./Drivers/STM32H7xx_HAL_Driver/stm32h7xx_hal_fdcan.o
                0x08025170                HAL_FDCAN_HighPriorityMessageCallback
 .text.HAL_FDCAN_ErrorCallback
                0x08025184       0x14 ./Drivers/STM32H7xx_HAL_Driver/stm32h7xx_hal_fdcan.o
                0x08025184                HAL_FDCAN_ErrorCallback
 .text.HAL_FDCAN_ErrorStatusCallback
                0x08025198       0x16 ./Drivers/STM32H7xx_HAL_Driver/stm32h7xx_hal_fdcan.o
                0x08025198                HAL_FDCAN_ErrorStatusCallback
 .text.HAL_FDCAN_TT_ScheduleSyncCallback
                0x080251ae       0x16 ./Drivers/STM32H7xx_HAL_Driver/stm32h7xx_hal_fdcan.o
                0x080251ae                HAL_FDCAN_TT_ScheduleSyncCallback
 .text.HAL_FDCAN_TT_TimeMarkCallback
                0x080251c4       0x16 ./Drivers/STM32H7xx_HAL_Driver/stm32h7xx_hal_fdcan.o
                0x080251c4                HAL_FDCAN_TT_TimeMarkCallback
 .text.HAL_FDCAN_TT_StopWatchCallback
                0x080251da       0x18 ./Drivers/STM32H7xx_HAL_Driver/stm32h7xx_hal_fdcan.o
                0x080251da                HAL_FDCAN_TT_StopWatchCallback
 .text.HAL_FDCAN_TT_GlobalTimeCallback
                0x080251f2       0x16 ./Drivers/STM32H7xx_HAL_Driver/stm32h7xx_hal_fdcan.o
                0x080251f2                HAL_FDCAN_TT_GlobalTimeCallback
 .text.FDCAN_CalcultateRamBlockAddresses
                0x08025208      0x30c ./Drivers/STM32H7xx_HAL_Driver/stm32h7xx_hal_fdcan.o
 .text.HAL_FLASH_Program
                0x08025514      0x124 ./Drivers/STM32H7xx_HAL_Driver/stm32h7xx_hal_flash.o
                0x08025514                HAL_FLASH_Program
 .text.HAL_FLASH_Unlock
                0x08025638       0x74 ./Drivers/STM32H7xx_HAL_Driver/stm32h7xx_hal_flash.o
                0x08025638                HAL_FLASH_Unlock
 .text.HAL_FLASH_Lock
                0x080256ac       0x54 ./Drivers/STM32H7xx_HAL_Driver/stm32h7xx_hal_flash.o
                0x080256ac                HAL_FLASH_Lock
 .text.FLASH_WaitForLastOperation
                0x08025700      0x138 ./Drivers/STM32H7xx_HAL_Driver/stm32h7xx_hal_flash.o
                0x08025700                FLASH_WaitForLastOperation
 .text.HAL_FLASHEx_Erase
                0x08025838      0x194 ./Drivers/STM32H7xx_HAL_Driver/stm32h7xx_hal_flash_ex.o
                0x08025838                HAL_FLASHEx_Erase
 .text.FLASH_MassErase
                0x080259cc       0xd4 ./Drivers/STM32H7xx_HAL_Driver/stm32h7xx_hal_flash_ex.o
 .text.FLASH_Erase_Sector
                0x08025aa0       0x7c ./Drivers/STM32H7xx_HAL_Driver/stm32h7xx_hal_flash_ex.o
                0x08025aa0                FLASH_Erase_Sector
 .text.HAL_GPIO_Init
                0x08025b1c      0x360 ./Drivers/STM32H7xx_HAL_Driver/stm32h7xx_hal_gpio.o
                0x08025b1c                HAL_GPIO_Init
 .text.HAL_GPIO_WritePin
                0x08025e7c       0x32 ./Drivers/STM32H7xx_HAL_Driver/stm32h7xx_hal_gpio.o
                0x08025e7c                HAL_GPIO_WritePin
 .text.HAL_GPIO_TogglePin
                0x08025eae       0x34 ./Drivers/STM32H7xx_HAL_Driver/stm32h7xx_hal_gpio.o
                0x08025eae                HAL_GPIO_TogglePin
 *fill*         0x08025ee2        0x2 
 .text.HAL_PWREx_ConfigSupply
                0x08025ee4       0xb4 ./Drivers/STM32H7xx_HAL_Driver/stm32h7xx_hal_pwr_ex.o
                0x08025ee4                HAL_PWREx_ConfigSupply
 .text.HAL_RCC_OscConfig
                0x08025f98      0x8b4 ./Drivers/STM32H7xx_HAL_Driver/stm32h7xx_hal_rcc.o
                0x08025f98                HAL_RCC_OscConfig
 .text.HAL_RCC_ClockConfig
                0x0802684c      0x36c ./Drivers/STM32H7xx_HAL_Driver/stm32h7xx_hal_rcc.o
                0x0802684c                HAL_RCC_ClockConfig
 .text.HAL_RCC_GetSysClockFreq
                0x08026bb8      0x2f4 ./Drivers/STM32H7xx_HAL_Driver/stm32h7xx_hal_rcc.o
                0x08026bb8                HAL_RCC_GetSysClockFreq
 .text.HAL_RCC_GetHCLKFreq
                0x08026eac       0x60 ./Drivers/STM32H7xx_HAL_Driver/stm32h7xx_hal_rcc.o
                0x08026eac                HAL_RCC_GetHCLKFreq
 .text.HAL_RCC_GetPCLK1Freq
                0x08026f0c       0x2c ./Drivers/STM32H7xx_HAL_Driver/stm32h7xx_hal_rcc.o
                0x08026f0c                HAL_RCC_GetPCLK1Freq
 .text.HAL_RCC_GetPCLK2Freq
                0x08026f38       0x2c ./Drivers/STM32H7xx_HAL_Driver/stm32h7xx_hal_rcc.o
                0x08026f38                HAL_RCC_GetPCLK2Freq
 .text.HAL_RCCEx_PeriphCLKConfig
                0x08026f64     0x1414 ./Drivers/STM32H7xx_HAL_Driver/stm32h7xx_hal_rcc_ex.o
                0x08026f64                HAL_RCCEx_PeriphCLKConfig
 .text.HAL_RCCEx_GetD3PCLK1Freq
                0x08028378       0x2c ./Drivers/STM32H7xx_HAL_Driver/stm32h7xx_hal_rcc_ex.o
                0x08028378                HAL_RCCEx_GetD3PCLK1Freq
 .text.HAL_RCCEx_GetPLL2ClockFreq
                0x080283a4      0x2a8 ./Drivers/STM32H7xx_HAL_Driver/stm32h7xx_hal_rcc_ex.o
                0x080283a4                HAL_RCCEx_GetPLL2ClockFreq
 .text.HAL_RCCEx_GetPLL3ClockFreq
                0x0802864c      0x2a8 ./Drivers/STM32H7xx_HAL_Driver/stm32h7xx_hal_rcc_ex.o
                0x0802864c                HAL_RCCEx_GetPLL3ClockFreq
 .text.RCCEx_PLL2_Config
                0x080288f4      0x164 ./Drivers/STM32H7xx_HAL_Driver/stm32h7xx_hal_rcc_ex.o
 .text.RCCEx_PLL3_Config
                0x08028a58      0x164 ./Drivers/STM32H7xx_HAL_Driver/stm32h7xx_hal_rcc_ex.o
 .text.HAL_UART_Init
                0x08028bbc       0xa0 ./Drivers/STM32H7xx_HAL_Driver/stm32h7xx_hal_uart.o
                0x08028bbc                HAL_UART_Init
 .text.HAL_UART_Transmit
                0x08028c5c      0x11c ./Drivers/STM32H7xx_HAL_Driver/stm32h7xx_hal_uart.o
                0x08028c5c                HAL_UART_Transmit
 .text.HAL_UART_Receive
                0x08028d78      0x190 ./Drivers/STM32H7xx_HAL_Driver/stm32h7xx_hal_uart.o
                0x08028d78                HAL_UART_Receive
 .text.UART_SetConfig
                0x08028f08      0xad0 ./Drivers/STM32H7xx_HAL_Driver/stm32h7xx_hal_uart.o
                0x08028f08                UART_SetConfig
 .text.UART_AdvFeatureConfig
                0x080299d8      0x144 ./Drivers/STM32H7xx_HAL_Driver/stm32h7xx_hal_uart.o
                0x080299d8                UART_AdvFeatureConfig
 .text.UART_CheckIdleState
                0x08029b1c      0x154 ./Drivers/STM32H7xx_HAL_Driver/stm32h7xx_hal_uart.o
                0x08029b1c                UART_CheckIdleState
 .text.UART_WaitOnFlagUntilTimeout
                0x08029c70       0xda ./Drivers/STM32H7xx_HAL_Driver/stm32h7xx_hal_uart.o
                0x08029c70                UART_WaitOnFlagUntilTimeout
 *fill*         0x08029d4a        0x2 
 .text.UART_EndRxTransfer
                0x08029d4c       0xcc ./Drivers/STM32H7xx_HAL_Driver/stm32h7xx_hal_uart.o
 .text.HAL_UARTEx_DisableFifoMode
                0x08029e18       0x72 ./Drivers/STM32H7xx_HAL_Driver/stm32h7xx_hal_uart_ex.o
                0x08029e18                HAL_UARTEx_DisableFifoMode
 .text.HAL_UARTEx_SetTxFifoThreshold
                0x08029e8a       0x7c ./Drivers/STM32H7xx_HAL_Driver/stm32h7xx_hal_uart_ex.o
                0x08029e8a                HAL_UARTEx_SetTxFifoThreshold
 .text.HAL_UARTEx_SetRxFifoThreshold
                0x08029f06       0x7c ./Drivers/STM32H7xx_HAL_Driver/stm32h7xx_hal_uart_ex.o
                0x08029f06                HAL_UARTEx_SetRxFifoThreshold
 *fill*         0x08029f82        0x2 
 .text.UARTEx_SetNbDataToProcess
                0x08029f84       0x9c ./Drivers/STM32H7xx_HAL_Driver/stm32h7xx_hal_uart_ex.o
 .text._vsprintf_r
                0x0802a020       0x2c C:/ST/STM32CubeIDE_1.11.0/STM32CubeIDE/plugins/com.st.stm32cube.ide.mcu.externaltools.gnu-tools-for-stm32.12.3.rel1.win32_1.0.200.202406191623/tools/bin/../lib/gcc/arm-none-eabi/12.3.1/../../../../arm-none-eabi/lib/thumb/v7e-m+dp/hard\libc_nano.a(libc_a-vsprintf.o)
                0x0802a020                _vsprintf_r
                0x0802a020                _vsiprintf_r
 .text.vsprintf
                0x0802a04c       0x14 C:/ST/STM32CubeIDE_1.11.0/STM32CubeIDE/plugins/com.st.stm32cube.ide.mcu.externaltools.gnu-tools-for-stm32.12.3.rel1.win32_1.0.200.202406191623/tools/bin/../lib/gcc/arm-none-eabi/12.3.1/../../../../arm-none-eabi/lib/thumb/v7e-m+dp/hard\libc_nano.a(libc_a-vsprintf.o)
                0x0802a04c                vsiprintf
                0x0802a04c                vsprintf
 .text.memset   0x0802a060       0x10 C:/ST/STM32CubeIDE_1.11.0/STM32CubeIDE/plugins/com.st.stm32cube.ide.mcu.externaltools.gnu-tools-for-stm32.12.3.rel1.win32_1.0.200.202406191623/tools/bin/../lib/gcc/arm-none-eabi/12.3.1/../../../../arm-none-eabi/lib/thumb/v7e-m+dp/hard\libc_nano.a(libc_a-memset.o)
                0x0802a060                memset
 .text.__errno  0x0802a070        0xc C:/ST/STM32CubeIDE_1.11.0/STM32CubeIDE/plugins/com.st.stm32cube.ide.mcu.externaltools.gnu-tools-for-stm32.12.3.rel1.win32_1.0.200.202406191623/tools/bin/../lib/gcc/arm-none-eabi/12.3.1/../../../../arm-none-eabi/lib/thumb/v7e-m+dp/hard\libc_nano.a(libc_a-errno.o)
                0x0802a070                __errno
 .text.__libc_init_array
                0x0802a07c       0x48 C:/ST/STM32CubeIDE_1.11.0/STM32CubeIDE/plugins/com.st.stm32cube.ide.mcu.externaltools.gnu-tools-for-stm32.12.3.rel1.win32_1.0.200.202406191623/tools/bin/../lib/gcc/arm-none-eabi/12.3.1/../../../../arm-none-eabi/lib/thumb/v7e-m+dp/hard\libc_nano.a(libc_a-init.o)
                0x0802a07c                __libc_init_array
 .text.__retarget_lock_acquire_recursive
                0x0802a0c4        0x2 C:/ST/STM32CubeIDE_1.11.0/STM32CubeIDE/plugins/com.st.stm32cube.ide.mcu.externaltools.gnu-tools-for-stm32.12.3.rel1.win32_1.0.200.202406191623/tools/bin/../lib/gcc/arm-none-eabi/12.3.1/../../../../arm-none-eabi/lib/thumb/v7e-m+dp/hard\libc_nano.a(libc_a-lock.o)
                0x0802a0c4                __retarget_lock_acquire_recursive
 .text.__retarget_lock_release_recursive
                0x0802a0c6        0x2 C:/ST/STM32CubeIDE_1.11.0/STM32CubeIDE/plugins/com.st.stm32cube.ide.mcu.externaltools.gnu-tools-for-stm32.12.3.rel1.win32_1.0.200.202406191623/tools/bin/../lib/gcc/arm-none-eabi/12.3.1/../../../../arm-none-eabi/lib/thumb/v7e-m+dp/hard\libc_nano.a(libc_a-lock.o)
                0x0802a0c6                __retarget_lock_release_recursive
 .text.__aeabi_memcpy
                0x0802a0c8        0x4 C:/ST/STM32CubeIDE_1.11.0/STM32CubeIDE/plugins/com.st.stm32cube.ide.mcu.externaltools.gnu-tools-for-stm32.12.3.rel1.win32_1.0.200.202406191623/tools/bin/../lib/gcc/arm-none-eabi/12.3.1/../../../../arm-none-eabi/lib/thumb/v7e-m+dp/hard\libc_nano.a(libc_a-aeabi_memcpy.o)
                0x0802a0c8                __aeabi_memcpy4
                0x0802a0c8                __aeabi_memcpy8
                0x0802a0c8                __aeabi_memcpy
 .text.__aeabi_memclr
                0x0802a0cc        0x6 C:/ST/STM32CubeIDE_1.11.0/STM32CubeIDE/plugins/com.st.stm32cube.ide.mcu.externaltools.gnu-tools-for-stm32.12.3.rel1.win32_1.0.200.202406191623/tools/bin/../lib/gcc/arm-none-eabi/12.3.1/../../../../arm-none-eabi/lib/thumb/v7e-m+dp/hard\libc_nano.a(libc_a-aeabi_memclr.o)
                0x0802a0cc                __aeabi_memclr
                0x0802a0cc                __aeabi_memclr4
                0x0802a0cc                __aeabi_memclr8
 .text.memcpy   0x0802a0d2       0x1c C:/ST/STM32CubeIDE_1.11.0/STM32CubeIDE/plugins/com.st.stm32cube.ide.mcu.externaltools.gnu-tools-for-stm32.12.3.rel1.win32_1.0.200.202406191623/tools/bin/../lib/gcc/arm-none-eabi/12.3.1/../../../../arm-none-eabi/lib/thumb/v7e-m+dp/hard\libc_nano.a(libc_a-memcpy-stub.o)
                0x0802a0d2                memcpy
 *fill*         0x0802a0ee        0x2 
 .text._free_r  0x0802a0f0       0x94 C:/ST/STM32CubeIDE_1.11.0/STM32CubeIDE/plugins/com.st.stm32cube.ide.mcu.externaltools.gnu-tools-for-stm32.12.3.rel1.win32_1.0.200.202406191623/tools/bin/../lib/gcc/arm-none-eabi/12.3.1/../../../../arm-none-eabi/lib/thumb/v7e-m+dp/hard\libc_nano.a(libc_a-freer.o)
                0x0802a0f0                _free_r
 .text.sbrk_aligned
                0x0802a184       0x44 C:/ST/STM32CubeIDE_1.11.0/STM32CubeIDE/plugins/com.st.stm32cube.ide.mcu.externaltools.gnu-tools-for-stm32.12.3.rel1.win32_1.0.200.202406191623/tools/bin/../lib/gcc/arm-none-eabi/12.3.1/../../../../arm-none-eabi/lib/thumb/v7e-m+dp/hard\libc_nano.a(libc_a-mallocr.o)
 .text._malloc_r
                0x0802a1c8      0x100 C:/ST/STM32CubeIDE_1.11.0/STM32CubeIDE/plugins/com.st.stm32cube.ide.mcu.externaltools.gnu-tools-for-stm32.12.3.rel1.win32_1.0.200.202406191623/tools/bin/../lib/gcc/arm-none-eabi/12.3.1/../../../../arm-none-eabi/lib/thumb/v7e-m+dp/hard\libc_nano.a(libc_a-mallocr.o)
                0x0802a1c8                _malloc_r
 .text.__malloc_lock
                0x0802a2c8        0xc C:/ST/STM32CubeIDE_1.11.0/STM32CubeIDE/plugins/com.st.stm32cube.ide.mcu.externaltools.gnu-tools-for-stm32.12.3.rel1.win32_1.0.200.202406191623/tools/bin/../lib/gcc/arm-none-eabi/12.3.1/../../../../arm-none-eabi/lib/thumb/v7e-m+dp/hard\libc_nano.a(libc_a-mlock.o)
                0x0802a2c8                __malloc_lock
 .text.__malloc_unlock
                0x0802a2d4        0xc C:/ST/STM32CubeIDE_1.11.0/STM32CubeIDE/plugins/com.st.stm32cube.ide.mcu.externaltools.gnu-tools-for-stm32.12.3.rel1.win32_1.0.200.202406191623/tools/bin/../lib/gcc/arm-none-eabi/12.3.1/../../../../arm-none-eabi/lib/thumb/v7e-m+dp/hard\libc_nano.a(libc_a-mlock.o)
                0x0802a2d4                __malloc_unlock
 .text.__ssputs_r
                0x0802a2e0       0xb6 C:/ST/STM32CubeIDE_1.11.0/STM32CubeIDE/plugins/com.st.stm32cube.ide.mcu.externaltools.gnu-tools-for-stm32.12.3.rel1.win32_1.0.200.202406191623/tools/bin/../lib/gcc/arm-none-eabi/12.3.1/../../../../arm-none-eabi/lib/thumb/v7e-m+dp/hard\libc_nano.a(libc_a-nano-svfprintf.o)
                0x0802a2e0                __ssputs_r
 *fill*         0x0802a396        0x2 
 .text._svfprintf_r
                0x0802a398      0x1f8 C:/ST/STM32CubeIDE_1.11.0/STM32CubeIDE/plugins/com.st.stm32cube.ide.mcu.externaltools.gnu-tools-for-stm32.12.3.rel1.win32_1.0.200.202406191623/tools/bin/../lib/gcc/arm-none-eabi/12.3.1/../../../../arm-none-eabi/lib/thumb/v7e-m+dp/hard\libc_nano.a(libc_a-nano-svfprintf.o)
                0x0802a398                _svfiprintf_r
                0x0802a398                _svfprintf_r
 .text._printf_common
                0x0802a590       0xda C:/ST/STM32CubeIDE_1.11.0/STM32CubeIDE/plugins/com.st.stm32cube.ide.mcu.externaltools.gnu-tools-for-stm32.12.3.rel1.win32_1.0.200.202406191623/tools/bin/../lib/gcc/arm-none-eabi/12.3.1/../../../../arm-none-eabi/lib/thumb/v7e-m+dp/hard\libc_nano.a(libc_a-nano-vfprintf_i.o)
                0x0802a590                _printf_common
 *fill*         0x0802a66a        0x2 
 .text._printf_i
                0x0802a66c      0x240 C:/ST/STM32CubeIDE_1.11.0/STM32CubeIDE/plugins/com.st.stm32cube.ide.mcu.externaltools.gnu-tools-for-stm32.12.3.rel1.win32_1.0.200.202406191623/tools/bin/../lib/gcc/arm-none-eabi/12.3.1/../../../../arm-none-eabi/lib/thumb/v7e-m+dp/hard\libc_nano.a(libc_a-nano-vfprintf_i.o)
                0x0802a66c                _printf_i
 .text.memmove  0x0802a8ac       0x34 C:/ST/STM32CubeIDE_1.11.0/STM32CubeIDE/plugins/com.st.stm32cube.ide.mcu.externaltools.gnu-tools-for-stm32.12.3.rel1.win32_1.0.200.202406191623/tools/bin/../lib/gcc/arm-none-eabi/12.3.1/../../../../arm-none-eabi/lib/thumb/v7e-m+dp/hard\libc_nano.a(libc_a-memmove.o)
                0x0802a8ac                memmove
 .text._sbrk_r  0x0802a8e0       0x20 C:/ST/STM32CubeIDE_1.11.0/STM32CubeIDE/plugins/com.st.stm32cube.ide.mcu.externaltools.gnu-tools-for-stm32.12.3.rel1.win32_1.0.200.202406191623/tools/bin/../lib/gcc/arm-none-eabi/12.3.1/../../../../arm-none-eabi/lib/thumb/v7e-m+dp/hard\libc_nano.a(libc_a-sbrkr.o)
                0x0802a8e0                _sbrk_r
 .text._realloc_r
                0x0802a900       0x5c C:/ST/STM32CubeIDE_1.11.0/STM32CubeIDE/plugins/com.st.stm32cube.ide.mcu.externaltools.gnu-tools-for-stm32.12.3.rel1.win32_1.0.200.202406191623/tools/bin/../lib/gcc/arm-none-eabi/12.3.1/../../../../arm-none-eabi/lib/thumb/v7e-m+dp/hard\libc_nano.a(libc_a-reallocr.o)
                0x0802a900                _realloc_r
 .text._malloc_usable_size_r
                0x0802a95c       0x10 C:/ST/STM32CubeIDE_1.11.0/STM32CubeIDE/plugins/com.st.stm32cube.ide.mcu.externaltools.gnu-tools-for-stm32.12.3.rel1.win32_1.0.200.202406191623/tools/bin/../lib/gcc/arm-none-eabi/12.3.1/../../../../arm-none-eabi/lib/thumb/v7e-m+dp/hard\libc_nano.a(libc_a-msizer.o)
                0x0802a95c                _malloc_usable_size_r
 *(.glue_7)
 .glue_7        0x0802a96c        0x0 linker stubs
 *(.glue_7t)
 .glue_7t       0x0802a96c        0x0 linker stubs
 *(.eh_frame)
 .eh_frame      0x0802a96c        0x0 C:/ST/STM32CubeIDE_1.11.0/STM32CubeIDE/plugins/com.st.stm32cube.ide.mcu.externaltools.gnu-tools-for-stm32.12.3.rel1.win32_1.0.200.202406191623/tools/bin/../lib/gcc/arm-none-eabi/12.3.1/thumb/v7e-m+dp/hard/crtbegin.o
 *(.init)
 .init          0x0802a96c        0x4 C:/ST/STM32CubeIDE_1.11.0/STM32CubeIDE/plugins/com.st.stm32cube.ide.mcu.externaltools.gnu-tools-for-stm32.12.3.rel1.win32_1.0.200.202406191623/tools/bin/../lib/gcc/arm-none-eabi/12.3.1/thumb/v7e-m+dp/hard/crti.o
                0x0802a96c                _init
 .init          0x0802a970        0x8 C:/ST/STM32CubeIDE_1.11.0/STM32CubeIDE/plugins/com.st.stm32cube.ide.mcu.externaltools.gnu-tools-for-stm32.12.3.rel1.win32_1.0.200.202406191623/tools/bin/../lib/gcc/arm-none-eabi/12.3.1/thumb/v7e-m+dp/hard/crtn.o
 *(.fini)
 .fini          0x0802a978        0x4 C:/ST/STM32CubeIDE_1.11.0/STM32CubeIDE/plugins/com.st.stm32cube.ide.mcu.externaltools.gnu-tools-for-stm32.12.3.rel1.win32_1.0.200.202406191623/tools/bin/../lib/gcc/arm-none-eabi/12.3.1/thumb/v7e-m+dp/hard/crti.o
                0x0802a978                _fini
 .fini          0x0802a97c        0x8 C:/ST/STM32CubeIDE_1.11.0/STM32CubeIDE/plugins/com.st.stm32cube.ide.mcu.externaltools.gnu-tools-for-stm32.12.3.rel1.win32_1.0.200.202406191623/tools/bin/../lib/gcc/arm-none-eabi/12.3.1/thumb/v7e-m+dp/hard/crtn.o
 *fill*         0x0802a984        0x4 
 .fini.__stub   0x0802a988        0x8 linker stubs
                0x0802a990                        . = ALIGN (0x4)
                0x0802a990                        _etext = .

.vfp11_veneer   0x0802a990        0x0
 .vfp11_veneer  0x0802a990        0x0 linker stubs

.v4_bx          0x0802a990        0x0
 .v4_bx         0x0802a990        0x0 linker stubs

.iplt           0x0802a990        0x0
 .iplt          0x0802a990        0x0 C:/ST/STM32CubeIDE_1.11.0/STM32CubeIDE/plugins/com.st.stm32cube.ide.mcu.externaltools.gnu-tools-for-stm32.12.3.rel1.win32_1.0.200.202406191623/tools/bin/../lib/gcc/arm-none-eabi/12.3.1/thumb/v7e-m+dp/hard/crtbegin.o

.rodata         0x0802a990      0x530
                0x0802a990                        . = ALIGN (0x4)
 *(.rodata)
 .rodata        0x0802a990      0x15c ./Core/Src/FlashBootloader.o
 .rodata        0x0802aaec       0x52 ./Core/Src/main.o
 *fill*         0x0802ab3e        0x2 
 .rodata        0x0802ab40       0x4c ./Drivers/STM32H7xx_HAL_Driver/stm32h7xx_hal_fdcan.o
 .rodata        0x0802ab8c        0x8 D:\ST_WorkSpace\Project\FlashBootloader\CM7\Middlewares\STM32_Cryptographic\lib\libSTM32Cryptographic_CM7.a(cmox_cmac_aesfast.c.o)
 .rodata        0x0802ab94        0x4 D:\ST_WorkSpace\Project\FlashBootloader\CM7\Middlewares\STM32_Cryptographic\lib\libSTM32Cryptographic_CM7.a(cmox_cmac_aesfast.c.o)
                0x0802ab94                CMOX_CMAC_AESFAST_ALGO
 .rodata        0x0802ab98        0x8 D:\ST_WorkSpace\Project\FlashBootloader\CM7\Middlewares\STM32_Cryptographic\lib\libSTM32Cryptographic_CM7.a(cmox_init.c.o)
                0x0802ab98                cmox_table
 .rodata        0x0802aba0       0x20 D:\ST_WorkSpace\Project\FlashBootloader\CM7\Middlewares\STM32_Cryptographic\lib\libSTM32Cryptographic_CM7.a(cmox_math_armv7em_llf.c.o)
 .rodata        0x0802abc0        0x4 D:\ST_WorkSpace\Project\FlashBootloader\CM7\Middlewares\STM32_Cryptographic\lib\libSTM32Cryptographic_CM7.a(cmox_math_armv7em_llf.c.o)
                0x0802abc0                CMOX_MATH_FUNCS_FAST
 .rodata        0x0802abc4        0xc D:\ST_WorkSpace\Project\FlashBootloader\CM7\Middlewares\STM32_Cryptographic\lib\libSTM32Cryptographic_CM7.a(cmox_modexp.c.o)
                0x0802abc4                cmox_modexp_fn_public_highmem
 .rodata        0x0802abd0        0x4 D:\ST_WorkSpace\Project\FlashBootloader\CM7\Middlewares\STM32_Cryptographic\lib\libSTM32Cryptographic_CM7.a(cmox_modexp.c.o)
                0x0802abd0                CMOX_MODEXP_PUBLIC
 .rodata        0x0802abd4       0x14 D:\ST_WorkSpace\Project\FlashBootloader\CM7\Middlewares\STM32_Cryptographic\lib\libSTM32Cryptographic_CM7.a(cmox_rsa_pkcs1v15.c.o)
 .rodata        0x0802abe8        0xc D:\ST_WorkSpace\Project\FlashBootloader\CM7\Middlewares\STM32_Cryptographic\lib\libSTM32Cryptographic_CM7.a(cmox_rsa_pkcs1v15.c.o)
 .rodata        0x0802abf4        0x4 D:\ST_WorkSpace\Project\FlashBootloader\CM7\Middlewares\STM32_Cryptographic\lib\libSTM32Cryptographic_CM7.a(cmox_rsa_pkcs1v15.c.o)
                0x0802abf4                CMOX_RSA_PKCS1V15_HASH_SHA256
 .rodata        0x0802abf8        0x4 D:\ST_WorkSpace\Project\FlashBootloader\CM7\Middlewares\STM32_Cryptographic\lib\libSTM32Cryptographic_CM7.a(cmox_sha256.c.o)
 .rodata        0x0802abfc        0x4 D:\ST_WorkSpace\Project\FlashBootloader\CM7\Middlewares\STM32_Cryptographic\lib\libSTM32Cryptographic_CM7.a(cmox_sha256.c.o)
                0x0802abfc                CMOX_SHA256_ALGO
 .rodata        0x0802ac00      0x100 D:\ST_WorkSpace\Project\FlashBootloader\CM7\Middlewares\STM32_Cryptographic\lib\libSTM32Cryptographic_CM7.a(cmox_sha256_common.c.o)
 .rodata        0x0802ad00       0x10 D:\ST_WorkSpace\Project\FlashBootloader\CM7\Middlewares\STM32_Cryptographic\lib\libSTM32Cryptographic_CM7.a(cmox_sha256_common.c.o)
                0x0802ad00                CMOX_MD_SHA256_VTABLE_ST
 .rodata        0x0802ad10        0x4 D:\ST_WorkSpace\Project\FlashBootloader\CM7\Middlewares\STM32_Cryptographic\lib\libSTM32Cryptographic_CM7.a(cmox_utils_compare.c.o)
                0x0802ad10                cmox_utils_robustCmp_bt_bb
 .rodata        0x0802ad14        0x8 D:\ST_WorkSpace\Project\FlashBootloader\CM7\Middlewares\STM32_Cryptographic\lib\libSTM32Cryptographic_CM7.a(cmox_aesfast_encrypt.c.o)
 .rodata        0x0802ad1c        0x4 D:\ST_WorkSpace\Project\FlashBootloader\CM7\Middlewares\STM32_Cryptographic\lib\libSTM32Cryptographic_CM7.a(cmox_aesfast_encrypt.c.o)
                0x0802ad1c                CMOX_AESFAST_ENCRYPT_VTABLE
 .rodata        0x0802ad20       0x28 D:\ST_WorkSpace\Project\FlashBootloader\CM7\Middlewares\STM32_Cryptographic\lib\libSTM32Cryptographic_CM7.a(cmox_aes_common.c.o)
 *(.rodata*)
 .rodata.D1CorePrescTable
                0x0802ad48       0x10 ./Common/Src/system_stm32h7xx_dualcore_boot_cm4_cm7.o
                0x0802ad48                D1CorePrescTable
 .rodata.modulus
                0x0802ad58      0x100 ./Core/Src/hash_check.o
                0x0802ad58                modulus
 .rodata.exponent
                0x0802ae58        0x3 ./Core/Src/hash_check.o
                0x0802ae58                exponent
 *fill*         0x0802ae5b        0x1 
 .rodata.LED_PIN
                0x0802ae5c        0x6 ./Drivers/BSP/STM32H7xx_Nucleo/stm32h7xx_nucleo.o
 *fill*         0x0802ae62        0x2 
 .rodata.UARTPrescTable
                0x0802ae64       0x18 ./Drivers/STM32H7xx_HAL_Driver/stm32h7xx_hal_uart.o
                0x0802ae64                UARTPrescTable
 .rodata.numerator.1
                0x0802ae7c        0x8 ./Drivers/STM32H7xx_HAL_Driver/stm32h7xx_hal_uart_ex.o
 .rodata.denominator.0
                0x0802ae84        0x8 ./Drivers/STM32H7xx_HAL_Driver/stm32h7xx_hal_uart_ex.o
 .rodata._svfprintf_r.str1.1
                0x0802ae8c       0x11 C:/ST/STM32CubeIDE_1.11.0/STM32CubeIDE/plugins/com.st.stm32cube.ide.mcu.externaltools.gnu-tools-for-stm32.12.3.rel1.win32_1.0.200.202406191623/tools/bin/../lib/gcc/arm-none-eabi/12.3.1/../../../../arm-none-eabi/lib/thumb/v7e-m+dp/hard\libc_nano.a(libc_a-nano-svfprintf.o)
 .rodata._printf_i.str1.1
                0x0802ae9d       0x22 C:/ST/STM32CubeIDE_1.11.0/STM32CubeIDE/plugins/com.st.stm32cube.ide.mcu.externaltools.gnu-tools-for-stm32.12.3.rel1.win32_1.0.200.202406191623/tools/bin/../lib/gcc/arm-none-eabi/12.3.1/../../../../arm-none-eabi/lib/thumb/v7e-m+dp/hard\libc_nano.a(libc_a-nano-vfprintf_i.o)
                0x0802aec0                        . = ALIGN (0x4)
 *fill*         0x0802aebf        0x1 

CMOX_CTA_PROTECTED_DATA
                0x0802aec0      0x500
 CMOX_CTA_PROTECTED_DATA
                0x0802aec0      0x400 D:\ST_WorkSpace\Project\FlashBootloader\CM7\Middlewares\STM32_Cryptographic\lib\libSTM32Cryptographic_CM7.a(cmox_aesfast_encrypt.c.o)
                0x0802aec0                CMOX_AES_ENC_TABLE
 CMOX_CTA_PROTECTED_DATA
                0x0802b2c0      0x100 D:\ST_WorkSpace\Project\FlashBootloader\CM7\Middlewares\STM32_Cryptographic\lib\libSTM32Cryptographic_CM7.a(cmox_aes_common.c.o)
                0x0802b2c0                CMOX_AES_SBOX

.ARM.extab      0x0802b3c0        0x0
                0x0802b3c0                        . = ALIGN (0x4)
 *(.ARM.extab* .gnu.linkonce.armextab.*)
                0x0802b3c0                        . = ALIGN (0x4)

.ARM            0x0802b3c0        0x8
                0x0802b3c0                        . = ALIGN (0x4)
                0x0802b3c0                        __exidx_start = .
 *(.ARM.exidx*)
 .ARM.exidx     0x0802b3c0        0x8 C:/ST/STM32CubeIDE_1.11.0/STM32CubeIDE/plugins/com.st.stm32cube.ide.mcu.externaltools.gnu-tools-for-stm32.12.3.rel1.win32_1.0.200.202406191623/tools/bin/../lib/gcc/arm-none-eabi/12.3.1/../../../../arm-none-eabi/lib/thumb/v7e-m+dp/hard\libc_nano.a(libc_a-strlen.o)
 .ARM.exidx     0x0802b3c8        0x0 C:/ST/STM32CubeIDE_1.11.0/STM32CubeIDE/plugins/com.st.stm32cube.ide.mcu.externaltools.gnu-tools-for-stm32.12.3.rel1.win32_1.0.200.202406191623/tools/bin/../lib/gcc/arm-none-eabi/12.3.1/../../../../arm-none-eabi/lib/thumb/v7e-m+dp/hard\libc_nano.a(libc_a-aeabi_memset-soft.o)
                                  0x8 (size before relaxing)
 .ARM.exidx     0x0802b3c8        0x0 C:/ST/STM32CubeIDE_1.11.0/STM32CubeIDE/plugins/com.st.stm32cube.ide.mcu.externaltools.gnu-tools-for-stm32.12.3.rel1.win32_1.0.200.202406191623/tools/bin/../lib/gcc/arm-none-eabi/12.3.1/../../../../arm-none-eabi/lib/thumb/v7e-m+dp/hard\libc_nano.a(libc_a-memchr.o)
                                  0x8 (size before relaxing)
 .ARM.exidx     0x0802b3c8        0x0 C:/ST/STM32CubeIDE_1.11.0/STM32CubeIDE/plugins/com.st.stm32cube.ide.mcu.externaltools.gnu-tools-for-stm32.12.3.rel1.win32_1.0.200.202406191623/tools/bin/../lib/gcc/arm-none-eabi/12.3.1/thumb/v7e-m+dp/hard\libgcc.a(_udivmoddi4.o)
                                  0x8 (size before relaxing)
                0x0802b3c8                        __exidx_end = .
                0x0802b3c8                        . = ALIGN (0x4)

.preinit_array  0x0802b3c8        0x0
                0x0802b3c8                        . = ALIGN (0x4)
                0x0802b3c8                        PROVIDE (__preinit_array_start = .)
 *(.preinit_array*)
                0x0802b3c8                        PROVIDE (__preinit_array_end = .)
                0x0802b3c8                        . = ALIGN (0x4)

.init_array     0x0802b3c8        0x4
                0x0802b3c8                        . = ALIGN (0x4)
                0x0802b3c8                        PROVIDE (__init_array_start = .)
 *(SORT_BY_NAME(.init_array.*))
 *(.init_array*)
 .init_array    0x0802b3c8        0x4 C:/ST/STM32CubeIDE_1.11.0/STM32CubeIDE/plugins/com.st.stm32cube.ide.mcu.externaltools.gnu-tools-for-stm32.12.3.rel1.win32_1.0.200.202406191623/tools/bin/../lib/gcc/arm-none-eabi/12.3.1/thumb/v7e-m+dp/hard/crtbegin.o
                0x0802b3cc                        PROVIDE (__init_array_end = .)
                0x0802b3cc                        . = ALIGN (0x4)

.fini_array     0x0802b3cc        0x4
                0x0802b3cc                        . = ALIGN (0x4)
                [!provide]                        PROVIDE (__fini_array_start = .)
 *(SORT_BY_NAME(.fini_array.*))
 *(.fini_array*)
 .fini_array    0x0802b3cc        0x4 C:/ST/STM32CubeIDE_1.11.0/STM32CubeIDE/plugins/com.st.stm32cube.ide.mcu.externaltools.gnu-tools-for-stm32.12.3.rel1.win32_1.0.200.202406191623/tools/bin/../lib/gcc/arm-none-eabi/12.3.1/thumb/v7e-m+dp/hard/crtbegin.o
                [!provide]                        PROVIDE (__fini_array_end = .)
                0x0802b3d0                        . = ALIGN (0x4)
                0x0802b3d0                        _sidata = LOADADDR (.data)

.data           0x24000000       0x84 load address 0x0802b3d0
                0x24000000                        . = ALIGN (0x4)
                0x24000000                        _sdata = .
 *(.data)
 .data          0x24000000        0x4 D:\ST_WorkSpace\Project\FlashBootloader\CM7\Middlewares\STM32_Cryptographic\lib\libSTM32Cryptographic_CM7.a(cmox_rsa.c.o)
 *(.data*)
 .data.SystemCoreClock
                0x24000004        0x4 ./Common/Src/system_stm32h7xx_dualcore_boot_cm4_cm7.o
                0x24000004                SystemCoreClock
 .data.SystemD2Clock
                0x24000008        0x4 ./Common/Src/system_stm32h7xx_dualcore_boot_cm4_cm7.o
                0x24000008                SystemD2Clock
 .data.Signature_Len
                0x2400000c        0x4 ./Core/Src/FlashBootloader.o
                0x2400000c                Signature_Len
 .data.crypt_key
                0x24000010       0x10 ./Core/Src/cmac_check.o
                0x24000010                crypt_key
 .data.LED_PORT
                0x24000020        0xc ./Drivers/BSP/STM32H7xx_Nucleo/stm32h7xx_nucleo.o
 .data.uwTickPrio
                0x2400002c        0x4 ./Drivers/STM32H7xx_HAL_Driver/stm32h7xx_hal.o
                0x2400002c                uwTickPrio
 .data.uwTickFreq
                0x24000030        0x1 ./Drivers/STM32H7xx_HAL_Driver/stm32h7xx_hal.o
                0x24000030                uwTickFreq
 *fill*         0x24000031        0x3 
 .data._impure_ptr
                0x24000034        0x4 C:/ST/STM32CubeIDE_1.11.0/STM32CubeIDE/plugins/com.st.stm32cube.ide.mcu.externaltools.gnu-tools-for-stm32.12.3.rel1.win32_1.0.200.202406191623/tools/bin/../lib/gcc/arm-none-eabi/12.3.1/../../../../arm-none-eabi/lib/thumb/v7e-m+dp/hard\libc_nano.a(libc_a-impure.o)
                0x24000034                _impure_ptr
 .data._impure_data
                0x24000038       0x4c C:/ST/STM32CubeIDE_1.11.0/STM32CubeIDE/plugins/com.st.stm32cube.ide.mcu.externaltools.gnu-tools-for-stm32.12.3.rel1.win32_1.0.200.202406191623/tools/bin/../lib/gcc/arm-none-eabi/12.3.1/../../../../arm-none-eabi/lib/thumb/v7e-m+dp/hard\libc_nano.a(libc_a-impure.o)
                0x24000038                _impure_data
 *(.RamFunc)
 *(.RamFunc*)
                0x24000084                        . = ALIGN (0x4)
                0x24000084                        _edata = .

.igot.plt       0x24000084        0x0 load address 0x0802b454
 .igot.plt      0x24000084        0x0 C:/ST/STM32CubeIDE_1.11.0/STM32CubeIDE/plugins/com.st.stm32cube.ide.mcu.externaltools.gnu-tools-for-stm32.12.3.rel1.win32_1.0.200.202406191623/tools/bin/../lib/gcc/arm-none-eabi/12.3.1/thumb/v7e-m+dp/hard/crtbegin.o
                0x24000084                        . = ALIGN (0x4)

.bss            0x24000084      0x554 load address 0x0802b454
                0x24000084                        _sbss = .
                0x24000084                        __bss_start__ = _sbss
 *(.bss)
 .bss           0x24000084       0x1c C:/ST/STM32CubeIDE_1.11.0/STM32CubeIDE/plugins/com.st.stm32cube.ide.mcu.externaltools.gnu-tools-for-stm32.12.3.rel1.win32_1.0.200.202406191623/tools/bin/../lib/gcc/arm-none-eabi/12.3.1/thumb/v7e-m+dp/hard/crtbegin.o
 .bss           0x240000a0        0x1 D:\ST_WorkSpace\Project\FlashBootloader\CM7\Middlewares\STM32_Cryptographic\lib\libSTM32Cryptographic_CM7.a(cmox_init.c.o)
                0x240000a0                cmox_init_ctxi
 *(.bss*)
 *fill*         0x240000a1        0x3 
 .bss.EraseInitStruct
                0x240000a4       0x14 ./Core/Src/FlashBootloader.o
                0x240000a4                EraseInitStruct
 .bss.Signature
                0x240000b8      0x100 ./Core/Src/FlashBootloader.o
                0x240000b8                Signature
 .bss.Msg_Digest
                0x240001b8       0x20 ./Core/Src/FlashBootloader.o
                0x240001b8                Msg_Digest
 .bss.Msg_Digest_Len
                0x240001d8        0x4 ./Core/Src/FlashBootloader.o
                0x240001d8                Msg_Digest_Len
 .bss.huart2    0x240001dc       0x94 ./Core/Src/main.o
                0x240001dc                huart2
 .bss.huart3    0x24000270       0x94 ./Core/Src/main.o
                0x24000270                huart3
 .bss.hcrc      0x24000304       0x24 ./Core/Src/main.o
                0x24000304                hcrc
 .bss.hfdcan1   0x24000328       0xa0 ./Core/Src/main.o
                0x24000328                hfdcan1
 .bss.hfdcan2   0x240003c8       0xa0 ./Core/Src/main.o
                0x240003c8                hfdcan2
 .bss.HAL_RCC_FDCAN_CLK_ENABLED
                0x24000468        0x4 ./Core/Src/stm32h7xx_hal_msp.o
 .bss.__sbrk_heap_end
                0x2400046c        0x4 ./Core/Src/sysmem.o
 .bss.uwTick    0x24000470        0x4 ./Drivers/STM32H7xx_HAL_Driver/stm32h7xx_hal.o
                0x24000470                uwTick
 .bss.pFlash    0x24000474       0x1c ./Drivers/STM32H7xx_HAL_Driver/stm32h7xx_hal_flash.o
                0x24000474                pFlash
 .bss.__sf      0x24000490      0x138 C:/ST/STM32CubeIDE_1.11.0/STM32CubeIDE/plugins/com.st.stm32cube.ide.mcu.externaltools.gnu-tools-for-stm32.12.3.rel1.win32_1.0.200.202406191623/tools/bin/../lib/gcc/arm-none-eabi/12.3.1/../../../../arm-none-eabi/lib/thumb/v7e-m+dp/hard\libc_nano.a(libc_a-findfp.o)
                0x24000490                __sf
 .bss.errno     0x240005c8        0x4 C:/ST/STM32CubeIDE_1.11.0/STM32CubeIDE/plugins/com.st.stm32cube.ide.mcu.externaltools.gnu-tools-for-stm32.12.3.rel1.win32_1.0.200.202406191623/tools/bin/../lib/gcc/arm-none-eabi/12.3.1/../../../../arm-none-eabi/lib/thumb/v7e-m+dp/hard\libc_nano.a(libc_a-reent.o)
                0x240005c8                errno
 .bss.__lock___malloc_recursive_mutex
                0x240005cc        0x1 C:/ST/STM32CubeIDE_1.11.0/STM32CubeIDE/plugins/com.st.stm32cube.ide.mcu.externaltools.gnu-tools-for-stm32.12.3.rel1.win32_1.0.200.202406191623/tools/bin/../lib/gcc/arm-none-eabi/12.3.1/../../../../arm-none-eabi/lib/thumb/v7e-m+dp/hard\libc_nano.a(libc_a-lock.o)
                0x240005cc                __lock___malloc_recursive_mutex
 *fill*         0x240005cd        0x3 
 .bss.__malloc_sbrk_start
                0x240005d0        0x4 C:/ST/STM32CubeIDE_1.11.0/STM32CubeIDE/plugins/com.st.stm32cube.ide.mcu.externaltools.gnu-tools-for-stm32.12.3.rel1.win32_1.0.200.202406191623/tools/bin/../lib/gcc/arm-none-eabi/12.3.1/../../../../arm-none-eabi/lib/thumb/v7e-m+dp/hard\libc_nano.a(libc_a-mallocr.o)
                0x240005d0                __malloc_sbrk_start
 .bss.__malloc_free_list
                0x240005d4        0x4 C:/ST/STM32CubeIDE_1.11.0/STM32CubeIDE/plugins/com.st.stm32cube.ide.mcu.externaltools.gnu-tools-for-stm32.12.3.rel1.win32_1.0.200.202406191623/tools/bin/../lib/gcc/arm-none-eabi/12.3.1/../../../../arm-none-eabi/lib/thumb/v7e-m+dp/hard\libc_nano.a(libc_a-mallocr.o)
                0x240005d4                __malloc_free_list
 *(COMMON)
                0x240005d8                        . = ALIGN (0x4)
                0x240005d8                        _ebss = .
                0x240005d8                        __bss_end__ = _ebss

._user_heap_stack
                0x240005d8      0x600 load address 0x0802b454
                0x240005d8                        . = ALIGN (0x8)
                [!provide]                        PROVIDE (end = .)
                0x240005d8                        PROVIDE (_end = .)
                0x240007d8                        . = (. + _Min_Heap_Size)
 *fill*         0x240005d8      0x200 
                0x24000bd8                        . = (. + _Min_Stack_Size)
 *fill*         0x240007d8      0x400 
                0x24000bd8                        . = ALIGN (0x8)

/DISCARD/
 libc.a(*)
 libm.a(*)
 libgcc.a(*)

.firmware_buffer
                0x30000000    0x40100
                0x30000000                        _buffer_start = ORIGIN (RAM_D2)
                0x30000000                        . = _buffer_start
 *(.firmware_buffer)
 .firmware_buffer
                0x30000000    0x40100 ./Core/Src/FlashBootloader.o
                0x30000000                firmware_buffer
                0x30040100                        . = (_buffer_start + 0x40100)
                0x30040100                        _buffer_end = .
                0x0802b454                        _sitcm_code_in_flash = LOADADDR (.itcm_code)

.itcm_code      0x00000000       0x98 load address 0x0802b454
                0x00000000                        . = ORIGIN (ITCMRAM)
                0x00000000                        _itcm_start = .
 *(.itcm_code)
 .itcm_code     0x00000000       0x78 ./Core/Src/FlashBootloader.o
                0x00000000                Copy_FW_To_Flash
 .itcm_code.__stub
                0x00000078       0x20 linker stubs
                0x00000098                        _itcm_end = .
                0x0802b4ec                        _eitcm_code_in_flash = (_sitcm_code_in_flash + SIZEOF (.itcm_code))

.rel.dyn        0x00000098        0x0 load address 0x0802b4ec
 .rel.iplt      0x00000098        0x0 C:/ST/STM32CubeIDE_1.11.0/STM32CubeIDE/plugins/com.st.stm32cube.ide.mcu.externaltools.gnu-tools-for-stm32.12.3.rel1.win32_1.0.200.202406191623/tools/bin/../lib/gcc/arm-none-eabi/12.3.1/thumb/v7e-m+dp/hard/crtbegin.o

.ARM.attributes
                0x00000000       0x32
 *(.ARM.attributes)
 .ARM.attributes
                0x00000000       0x20 C:/ST/STM32CubeIDE_1.11.0/STM32CubeIDE/plugins/com.st.stm32cube.ide.mcu.externaltools.gnu-tools-for-stm32.12.3.rel1.win32_1.0.200.202406191623/tools/bin/../lib/gcc/arm-none-eabi/12.3.1/thumb/v7e-m+dp/hard/crti.o
 .ARM.attributes
                0x00000020       0x32 C:/ST/STM32CubeIDE_1.11.0/STM32CubeIDE/plugins/com.st.stm32cube.ide.mcu.externaltools.gnu-tools-for-stm32.12.3.rel1.win32_1.0.200.202406191623/tools/bin/../lib/gcc/arm-none-eabi/12.3.1/thumb/v7e-m+dp/hard/crtbegin.o
 .ARM.attributes
                0x00000052       0x32 ./Common/Src/system_stm32h7xx_dualcore_boot_cm4_cm7.o
 .ARM.attributes
                0x00000084       0x32 ./Core/Src/FlashBootloader.o
 .ARM.attributes
                0x000000b6       0x32 ./Core/Src/cmac_check.o
 .ARM.attributes
                0x000000e8       0x32 ./Core/Src/cmox_low_level.o
 .ARM.attributes
                0x0000011a       0x32 ./Core/Src/hash_check.o
 .ARM.attributes
                0x0000014c       0x32 ./Core/Src/main.o
 .ARM.attributes
                0x0000017e       0x32 ./Core/Src/stm32h7xx_hal_msp.o
 .ARM.attributes
                0x000001b0       0x32 ./Core/Src/stm32h7xx_it.o
 .ARM.attributes
                0x000001e2       0x32 ./Core/Src/sysmem.o
 .ARM.attributes
                0x00000214       0x21 ./Core/Startup/startup_stm32h755zitx.o
 .ARM.attributes
                0x00000235       0x32 ./Drivers/BSP/STM32H7xx_Nucleo/stm32h7xx_nucleo.o
 .ARM.attributes
                0x00000267       0x32 ./Drivers/STM32H7xx_HAL_Driver/stm32h7xx_hal.o
 .ARM.attributes
                0x00000299       0x32 ./Drivers/STM32H7xx_HAL_Driver/stm32h7xx_hal_cortex.o
 .ARM.attributes
                0x000002cb       0x32 ./Drivers/STM32H7xx_HAL_Driver/stm32h7xx_hal_crc.o
 .ARM.attributes
                0x000002fd       0x32 ./Drivers/STM32H7xx_HAL_Driver/stm32h7xx_hal_crc_ex.o
 .ARM.attributes
                0x0000032f       0x32 ./Drivers/STM32H7xx_HAL_Driver/stm32h7xx_hal_fdcan.o
 .ARM.attributes
                0x00000361       0x32 ./Drivers/STM32H7xx_HAL_Driver/stm32h7xx_hal_flash.o
 .ARM.attributes
                0x00000393       0x32 ./Drivers/STM32H7xx_HAL_Driver/stm32h7xx_hal_flash_ex.o
 .ARM.attributes
                0x000003c5       0x32 ./Drivers/STM32H7xx_HAL_Driver/stm32h7xx_hal_gpio.o
 .ARM.attributes
                0x000003f7       0x32 ./Drivers/STM32H7xx_HAL_Driver/stm32h7xx_hal_pwr_ex.o
 .ARM.attributes
                0x00000429       0x32 ./Drivers/STM32H7xx_HAL_Driver/stm32h7xx_hal_rcc.o
 .ARM.attributes
                0x0000045b       0x32 ./Drivers/STM32H7xx_HAL_Driver/stm32h7xx_hal_rcc_ex.o
 .ARM.attributes
                0x0000048d       0x32 ./Drivers/STM32H7xx_HAL_Driver/stm32h7xx_hal_uart.o
 .ARM.attributes
                0x000004bf       0x32 ./Drivers/STM32H7xx_HAL_Driver/stm32h7xx_hal_uart_ex.o
 .ARM.attributes
                0x000004f1       0x4e D:\ST_WorkSpace\Project\FlashBootloader\CM7\Middlewares\STM32_Cryptographic\lib\libSTM32Cryptographic_CM7.a(cmox_cmac_aesfast.c.o)
 .ARM.attributes
                0x0000053f       0x50 D:\ST_WorkSpace\Project\FlashBootloader\CM7\Middlewares\STM32_Cryptographic\lib\libSTM32Cryptographic_CM7.a(cmox_hash.c.o)
 .ARM.attributes
                0x0000058f       0x4e D:\ST_WorkSpace\Project\FlashBootloader\CM7\Middlewares\STM32_Cryptographic\lib\libSTM32Cryptographic_CM7.a(cmox_init.c.o)
 .ARM.attributes
                0x000005dd       0x50 D:\ST_WorkSpace\Project\FlashBootloader\CM7\Middlewares\STM32_Cryptographic\lib\libSTM32Cryptographic_CM7.a(cmox_mac.c.o)
 .ARM.attributes
                0x0000062d       0x50 D:\ST_WorkSpace\Project\FlashBootloader\CM7\Middlewares\STM32_Cryptographic\lib\libSTM32Cryptographic_CM7.a(cmox_math_armv7em_llf.c.o)
 .ARM.attributes
                0x0000067d       0x4e D:\ST_WorkSpace\Project\FlashBootloader\CM7\Middlewares\STM32_Cryptographic\lib\libSTM32Cryptographic_CM7.a(cmox_modexp.c.o)
 .ARM.attributes
                0x000006cb       0x4e D:\ST_WorkSpace\Project\FlashBootloader\CM7\Middlewares\STM32_Cryptographic\lib\libSTM32Cryptographic_CM7.a(cmox_rsa.c.o)
 .ARM.attributes
                0x00000719       0x50 D:\ST_WorkSpace\Project\FlashBootloader\CM7\Middlewares\STM32_Cryptographic\lib\libSTM32Cryptographic_CM7.a(cmox_rsa_modexp.c.o)
 .ARM.attributes
                0x00000769       0x4e D:\ST_WorkSpace\Project\FlashBootloader\CM7\Middlewares\STM32_Cryptographic\lib\libSTM32Cryptographic_CM7.a(cmox_rsa_pkcs1v15.c.o)
 .ARM.attributes
                0x000007b7       0x4e D:\ST_WorkSpace\Project\FlashBootloader\CM7\Middlewares\STM32_Cryptographic\lib\libSTM32Cryptographic_CM7.a(cmox_sha256.c.o)
 .ARM.attributes
                0x00000805       0x4e D:\ST_WorkSpace\Project\FlashBootloader\CM7\Middlewares\STM32_Cryptographic\lib\libSTM32Cryptographic_CM7.a(cmox_sha256_common.c.o)
 .ARM.attributes
                0x00000853       0x4e D:\ST_WorkSpace\Project\FlashBootloader\CM7\Middlewares\STM32_Cryptographic\lib\libSTM32Cryptographic_CM7.a(cmox_utils_compare.c.o)
 .ARM.attributes
                0x000008a1       0x4e D:\ST_WorkSpace\Project\FlashBootloader\CM7\Middlewares\STM32_Cryptographic\lib\libSTM32Cryptographic_CM7.a(cmox_aesfast_encrypt.c.o)
 .ARM.attributes
                0x000008ef       0x50 D:\ST_WorkSpace\Project\FlashBootloader\CM7\Middlewares\STM32_Cryptographic\lib\libSTM32Cryptographic_CM7.a(cmox_bn.c.o)
 .ARM.attributes
                0x0000093f       0x4e D:\ST_WorkSpace\Project\FlashBootloader\CM7\Middlewares\STM32_Cryptographic\lib\libSTM32Cryptographic_CM7.a(cmox_cmac.c.o)
 .ARM.attributes
                0x0000098d       0x50 D:\ST_WorkSpace\Project\FlashBootloader\CM7\Middlewares\STM32_Cryptographic\lib\libSTM32Cryptographic_CM7.a(cmox_math.c.o)
 .ARM.attributes
                0x000009dd       0x38 D:\ST_WorkSpace\Project\FlashBootloader\CM7\Middlewares\STM32_Cryptographic\lib\libSTM32Cryptographic_CM7.a(cmox_math_armv7em_ewarm_mm-mod4.s.o)
 .ARM.attributes
                0x00000a15       0x38 D:\ST_WorkSpace\Project\FlashBootloader\CM7\Middlewares\STM32_Cryptographic\lib\libSTM32Cryptographic_CM7.a(cmox_math_armv7em_ewarm_montyred.s.o)
 .ARM.attributes
                0x00000a4d       0x38 D:\ST_WorkSpace\Project\FlashBootloader\CM7\Middlewares\STM32_Cryptographic\lib\libSTM32Cryptographic_CM7.a(cmox_math_armv7em_ewarm_mul-os.s.o)
 .ARM.attributes
                0x00000a85       0x50 D:\ST_WorkSpace\Project\FlashBootloader\CM7\Middlewares\STM32_Cryptographic\lib\libSTM32Cryptographic_CM7.a(cmox_mathutils.c.o)
 .ARM.attributes
                0x00000ad5       0x4e D:\ST_WorkSpace\Project\FlashBootloader\CM7\Middlewares\STM32_Cryptographic\lib\libSTM32Cryptographic_CM7.a(cmox_md.c.o)
 .ARM.attributes
                0x00000b23       0x50 D:\ST_WorkSpace\Project\FlashBootloader\CM7\Middlewares\STM32_Cryptographic\lib\libSTM32Cryptographic_CM7.a(cmox_membuf.c.o)
 .ARM.attributes
                0x00000b73       0x4e D:\ST_WorkSpace\Project\FlashBootloader\CM7\Middlewares\STM32_Cryptographic\lib\libSTM32Cryptographic_CM7.a(cmox_aes_common.c.o)
 .ARM.attributes
                0x00000bc1       0x4e D:\ST_WorkSpace\Project\FlashBootloader\CM7\Middlewares\STM32_Cryptographic\lib\libSTM32Cryptographic_CM7.a(cmox_cipher_modes.c.o)
 .ARM.attributes
                0x00000c0f       0x50 D:\ST_WorkSpace\Project\FlashBootloader\CM7\Middlewares\STM32_Cryptographic\lib\libSTM32Cryptographic_CM7.a(cmox_cipher_utils.c.o)
 .ARM.attributes
                0x00000c5f       0x32 C:/ST/STM32CubeIDE_1.11.0/STM32CubeIDE/plugins/com.st.stm32cube.ide.mcu.externaltools.gnu-tools-for-stm32.12.3.rel1.win32_1.0.200.202406191623/tools/bin/../lib/gcc/arm-none-eabi/12.3.1/../../../../arm-none-eabi/lib/thumb/v7e-m+dp/hard\libc_nano.a(libc_a-findfp.o)
 .ARM.attributes
                0x00000c91       0x32 C:/ST/STM32CubeIDE_1.11.0/STM32CubeIDE/plugins/com.st.stm32cube.ide.mcu.externaltools.gnu-tools-for-stm32.12.3.rel1.win32_1.0.200.202406191623/tools/bin/../lib/gcc/arm-none-eabi/12.3.1/../../../../arm-none-eabi/lib/thumb/v7e-m+dp/hard\libc_nano.a(libc_a-vsprintf.o)
 .ARM.attributes
                0x00000cc3       0x32 C:/ST/STM32CubeIDE_1.11.0/STM32CubeIDE/plugins/com.st.stm32cube.ide.mcu.externaltools.gnu-tools-for-stm32.12.3.rel1.win32_1.0.200.202406191623/tools/bin/../lib/gcc/arm-none-eabi/12.3.1/../../../../arm-none-eabi/lib/thumb/v7e-m+dp/hard\libc_nano.a(libc_a-memset.o)
 .ARM.attributes
                0x00000cf5       0x32 C:/ST/STM32CubeIDE_1.11.0/STM32CubeIDE/plugins/com.st.stm32cube.ide.mcu.externaltools.gnu-tools-for-stm32.12.3.rel1.win32_1.0.200.202406191623/tools/bin/../lib/gcc/arm-none-eabi/12.3.1/../../../../arm-none-eabi/lib/thumb/v7e-m+dp/hard\libc_nano.a(libc_a-reent.o)
 .ARM.attributes
                0x00000d27       0x32 C:/ST/STM32CubeIDE_1.11.0/STM32CubeIDE/plugins/com.st.stm32cube.ide.mcu.externaltools.gnu-tools-for-stm32.12.3.rel1.win32_1.0.200.202406191623/tools/bin/../lib/gcc/arm-none-eabi/12.3.1/../../../../arm-none-eabi/lib/thumb/v7e-m+dp/hard\libc_nano.a(libc_a-impure.o)
 .ARM.attributes