Archive member included to satisfy reference by file (symbol)

../Middlewares/STM32_Cryptographic/lib\libSTM32Cryptographic_CM7.a(cmox_cmac_aesfast.c.o)
                              ./Core/Src/cmac_check.o (CMOX_CMAC_AESFAST_ALGO)
../Middlewares/STM32_Cryptographic/lib\libSTM32Cryptographic_CM7.a(cmox_hash.c.o)
                              ./Core/Src/hash_check.o (cmox_hash_compute)
../Middlewares/STM32_Cryptographic/lib\libSTM32Cryptographic_CM7.a(cmox_init.c.o)
                              ./Core/Src/cmac_check.o (cmox_initialize)
../Middlewares/STM32_Cryptographic/lib\libSTM32Cryptographic_CM7.a(cmox_mac.c.o)
                              ./Core/Src/cmac_check.o (cmox_mac_compute)
../Middlewares/STM32_Cryptographic/lib\libSTM32Cryptographic_CM7.a(cmox_sha256.c.o)
                              ./Core/Src/hash_check.o (CMOX_SHA256_ALGO)
../Middlewares/STM32_Cryptographic/lib\libSTM32Cryptographic_CM7.a(cmox_sha256_common.c.o)
                              ../Middlewares/STM32_Cryptographic/lib\libSTM32Cryptographic_CM7.a(cmox_sha256.c.o) (CMOX_MD_SHA256_VTABLE_ST)
../Middlewares/STM32_Cryptographic/lib\libSTM32Cryptographic_CM7.a(cmox_aesfast_encrypt.c.o)
                              ../Middlewares/STM32_Cryptographic/lib\libSTM32Cryptographic_CM7.a(cmox_cmac_aesfast.c.o) (CMOX_AESFAST_ENCRYPT_VTABLE)
../Middlewares/STM32_Cryptographic/lib\libSTM32Cryptographic_CM7.a(cmox_cmac.c.o)
                              ../Middlewares/STM32_Cryptographic/lib\libSTM32Cryptographic_CM7.a(cmox_cmac_aesfast.c.o) (cmox_cmac_compute)
../Middlewares/STM32_Cryptographic/lib\libSTM32Cryptographic_CM7.a(cmox_md.c.o)
                              ../Middlewares/STM32_Cryptographic/lib\libSTM32Cryptographic_CM7.a(cmox_sha256.c.o) (cmox_md_append)
../Middlewares/STM32_Cryptographic/lib\libSTM32Cryptographic_CM7.a(cmox_utils_compare.c.o)
                              ../Middlewares/STM32_Cryptographic/lib\libSTM32Cryptographic_CM7.a(cmox_cmac.c.o) (cmox_utils_robustCmp)
../Middlewares/STM32_Cryptographic/lib\libSTM32Cryptographic_CM7.a(cmox_aes_common.c.o)
                              ../Middlewares/STM32_Cryptographic/lib\libSTM32Cryptographic_CM7.a(cmox_aesfast_encrypt.c.o) (CMOX_AES_SBOX)
../Middlewares/STM32_Cryptographic/lib\libSTM32Cryptographic_CM7.a(cmox_cipher_modes.c.o)
                              ../Middlewares/STM32_Cryptographic/lib\libSTM32Cryptographic_CM7.a(cmox_cmac.c.o) (cmox_cipherMode_setKey)
../Middlewares/STM32_Cryptographic/lib\libSTM32Cryptographic_CM7.a(cmox_cipher_utils.c.o)
                              ../Middlewares/STM32_Cryptographic/lib\libSTM32Cryptographic_CM7.a(cmox_cmac.c.o) (convert_block_2_words)
C:/ST/STM32CubeIDE_1.11.0/STM32CubeIDE/plugins/com.st.stm32cube.ide.mcu.externaltools.gnu-tools-for-stm32.12.3.rel1.win32_1.0.200.202406191623/tools/bin/../lib/gcc/arm-none-eabi/12.3.1/../../../../arm-none-eabi/lib/thumb/v7e-m+dp/hard\libc_nano.a(libc_a-exit.o)
                              C:/ST/STM32CubeIDE_1.11.0/STM32CubeIDE/plugins/com.st.stm32cube.ide.mcu.externaltools.gnu-tools-for-stm32.12.3.rel1.win32_1.0.200.202406191623/tools/bin/../lib/gcc/arm-none-eabi/12.3.1/../../../../arm-none-eabi/lib/thumb/v7e-m+dp/hard/crt0.o (exit)
C:/ST/STM32CubeIDE_1.11.0/STM32CubeIDE/plugins/com.st.stm32cube.ide.mcu.externaltools.gnu-tools-for-stm32.12.3.rel1.win32_1.0.200.202406191623/tools/bin/../lib/gcc/arm-none-eabi/12.3.1/../../../../arm-none-eabi/lib/thumb/v7e-m+dp/hard\libc_nano.a(libc_a-findfp.o)
                              C:/ST/STM32CubeIDE_1.11.0/STM32CubeIDE/plugins/com.st.stm32cube.ide.mcu.externaltools.gnu-tools-for-stm32.12.3.rel1.win32_1.0.200.202406191623/tools/bin/../lib/gcc/arm-none-eabi/12.3.1/../../../../arm-none-eabi/lib/thumb/v7e-m+dp/hard\libc_nano.a(libc_a-exit.o) (__stdio_exit_handler)
C:/ST/STM32CubeIDE_1.11.0/STM32CubeIDE/plugins/com.st.stm32cube.ide.mcu.externaltools.gnu-tools-for-stm32.12.3.rel1.win32_1.0.200.202406191623/tools/bin/../lib/gcc/arm-none-eabi/12.3.1/../../../../arm-none-eabi/lib/thumb/v7e-m+dp/hard\libc_nano.a(libc_a-fwalk.o)
                              C:/ST/STM32CubeIDE_1.11.0/STM32CubeIDE/plugins/com.st.stm32cube.ide.mcu.externaltools.gnu-tools-for-stm32.12.3.rel1.win32_1.0.200.202406191623/tools/bin/../lib/gcc/arm-none-eabi/12.3.1/../../../../arm-none-eabi/lib/thumb/v7e-m+dp/hard\libc_nano.a(libc_a-findfp.o) (_fwalk_sglue)
C:/ST/STM32CubeIDE_1.11.0/STM32CubeIDE/plugins/com.st.stm32cube.ide.mcu.externaltools.gnu-tools-for-stm32.12.3.rel1.win32_1.0.200.202406191623/tools/bin/../lib/gcc/arm-none-eabi/12.3.1/../../../../arm-none-eabi/lib/thumb/v7e-m+dp/hard\libc_nano.a(libc_a-stdio.o)
                              C:/ST/STM32CubeIDE_1.11.0/STM32CubeIDE/plugins/com.st.stm32cube.ide.mcu.externaltools.gnu-tools-for-stm32.12.3.rel1.win32_1.0.200.202406191623/tools/bin/../lib/gcc/arm-none-eabi/12.3.1/../../../../arm-none-eabi/lib/thumb/v7e-m+dp/hard\libc_nano.a(libc_a-findfp.o) (__sread)
[...]
Memory Configuration

Name             Origin             Length             Attributes
RAM_D1           0x24000000         0x00080000         xrw
FLASH            0x08000000         0x00100000         xr
DTCMRAM          0x20000000         0x00020000         xrw
RAM_D2           0x30000000         0x00048000         xrw
RAM_D3           0x38000000         0x00010000         xrw
ITCMRAM          0x00000000         0x00010000         xrw
*default*        0x00000000         0xffffffff

Linker script and memory map

LOAD C:/ST/STM32CubeIDE_1.11.0/STM32CubeIDE/plugins/com.st.stm32cube.ide.mcu.externaltools.gnu-tools-for-stm32.12.3.rel1.win32_1.0.200.202406191623/tools/bin/../lib/gcc/arm-none-eabi/12.3.1/thumb/v7e-m+dp/hard/crti.o
LOAD C:/ST/STM32CubeIDE_1.11.0/STM32CubeIDE/plugins/com.st.stm32cube.ide.mcu.externaltools.gnu-tools-for-stm32.12.3.rel1.win32_1.0.200.202406191623/tools/bin/../lib/gcc/arm-none-eabi/12.3.1/thumb/v7e-m+dp/hard/crtbegin.o
LOAD C:/ST/STM32CubeIDE_1.11.0/STM32CubeIDE/plugins/com.st.stm32cube.ide.mcu.externaltools.gnu-tools-for-stm32.12.3.rel1.win32_1.0.200.202406191623/tools/bin/../lib/gcc/arm-none-eabi/12.3.1/../../../../arm-none-eabi/lib/thumb/v7e-m+dp/hard/crt0.o
LOAD ./Common/Src/system_stm32h7xx_dualcore_boot_cm4_cm7.o
LOAD ./Core/Src/BootManager_FSM.o
LOAD ./Core/Src/cmac_check.o
LOAD ./Core/Src/cmox_low_level.o
LOAD ./Core/Src/eeprom.o
LOAD ./Core/Src/hash_check.o
LOAD ./Core/Src/main.o
LOAD ./Core/Src/stm32h7xx_hal_msp.o
LOAD ./Core/Src/stm32h7xx_it.o
LOAD ./Core/Src/syscalls.o
LOAD ./Core/Src/sysmem.o
LOAD ./Core/Startup/startup_stm32h755zitx.o
LOAD ./Drivers/BSP/STM32H7xx_Nucleo/stm32h7xx_nucleo.o
LOAD ./Drivers/STM32H7xx_HAL_Driver/stm32h7xx_hal.o
LOAD ./Drivers/STM32H7xx_HAL_Driver/stm32h7xx_hal_cortex.o
LOAD ./Drivers/STM32H7xx_HAL_Driver/stm32h7xx_hal_crc.o
LOAD ./Drivers/STM32H7xx_HAL_Driver/stm32h7xx_hal_crc_ex.o
LOAD ./Drivers/STM32H7xx_HAL_Driver/stm32h7xx_hal_dma.o
LOAD ./Drivers/STM32H7xx_HAL_Driver/stm32h7xx_hal_dma_ex.o
LOAD ./Drivers/STM32H7xx_HAL_Driver/stm32h7xx_hal_exti.o
LOAD ./Drivers/STM32H7xx_HAL_Driver/stm32h7xx_hal_flash.o
LOAD ./Drivers/STM32H7xx_HAL_Driver/stm32h7xx_hal_flash_ex.o
LOAD ./Drivers/STM32H7xx_HAL_Driver/stm32h7xx_hal_gpio.o
LOAD ./Drivers/STM32H7xx_HAL_Driver/stm32h7xx_hal_hsem.o
LOAD ./Drivers/STM32H7xx_HAL_Driver/stm32h7xx_hal_i2c.o
LOAD ./Drivers/STM32H7xx_HAL_Driver/stm32h7xx_hal_i2c_ex.o
LOAD ./Drivers/STM32H7xx_HAL_Driver/stm32h7xx_hal_mdma.o
LOAD ./Drivers/STM32H7xx_HAL_Driver/stm32h7xx_hal_pwr.o
LOAD ./Drivers/STM32H7xx_HAL_Driver/stm32h7xx_hal_pwr_ex.o
LOAD ./Drivers/STM32H7xx_HAL_Driver/stm32h7xx_hal_rcc.o
LOAD ./Drivers/STM32H7xx_HAL_Driver/stm32h7xx_hal_rcc_ex.o
LOAD ./Drivers/STM32H7xx_HAL_Driver/stm32h7xx_hal_tim.o
LOAD ./Drivers/STM32H7xx_HAL_Driver/stm32h7xx_hal_tim_ex.o
LOAD ./Drivers/STM32H7xx_HAL_Driver/stm32h7xx_hal_uart.o
LOAD ./Drivers/STM32H7xx_HAL_Driver/stm32h7xx_hal_uart_ex.o
LOAD ./Drivers/STM32H7xx_HAL_Driver/stm32h7xx_hal_usart.o
LOAD ./Drivers/STM32H7xx_HAL_Driver/stm32h7xx_hal_usart_ex.o
LOAD ../Middlewares/STM32_Cryptographic/lib\libSTM32Cryptographic_CM7.a
START GROUP
LOAD C:/ST/STM32CubeIDE_1.11.0/STM32CubeIDE/plugins/com.st.stm32cube.ide.mcu.externaltools.gnu-tools-for-stm32.12.3.rel1.win32_1.0.200.202406191623/tools/bin/../lib/gcc/arm-none-eabi/12.3.1/../../../../arm-none-eabi/lib/thumb/v7e-m+dp/hard\libc_nano.a
LOAD C:/ST/STM32CubeIDE_1.11.0/STM32CubeIDE/plugins/com.st.stm32cube.ide.mcu.externaltools.gnu-tools-for-stm32.12.3.rel1.win32_1.0.200.202406191623/tools/bin/../lib/gcc/arm-none-eabi/12.3.1/../../../../arm-none-eabi/lib/thumb/v7e-m+dp/hard\libm.a
END GROUP
START GROUP
LOAD C:/ST/STM32CubeIDE_1.11.0/STM32CubeIDE/plugins/com.st.stm32cube.ide.mcu.externaltools.gnu-tools-for-stm32.12.3.rel1.win32_1.0.200.202406191623/tools/bin/../lib/gcc/arm-none-eabi/12.3.1/thumb/v7e-m+dp/hard\libgcc.a
LOAD C:/ST/STM32CubeIDE_1.11.0/STM32CubeIDE/plugins/com.st.stm32cube.ide.mcu.externaltools.gnu-tools-for-stm32.12.3.rel1.win32_1.0.200.202406191623/tools/bin/../lib/gcc/arm-none-eabi/12.3.1/../../../../arm-none-eabi/lib/thumb/v7e-m+dp/hard\libc_nano.a
END GROUP
START GROUP
LOAD C:/ST/STM32CubeIDE_1.11.0/STM32CubeIDE/plugins/com.st.stm32cube.ide.mcu.externaltools.gnu-tools-for-stm32.12.3.rel1.win32_1.0.200.202406191623/tools/bin/../lib/gcc/arm-none-eabi/12.3.1/thumb/v7e-m+dp/hard\libgcc.a
LOAD C:/ST/STM32CubeIDE_1.11.0/STM32CubeIDE/plugins/com.st.stm32cube.ide.mcu.externaltools.gnu-tools-for-stm32.12.3.rel1.win32_1.0.200.202406191623/tools/bin/../lib/gcc/arm-none-eabi/12.3.1/../../../../arm-none-eabi/lib/thumb/v7e-m+dp/hard\libc_nano.a
LOAD C:/ST/STM32CubeIDE_1.11.0/STM32CubeIDE/plugins/com.st.stm32cube.ide.mcu.externaltools.gnu-tools-for-stm32.12.3.rel1.win32_1.0.200.202406191623/tools/bin/../lib/gcc/arm-none-eabi/12.3.1/../../../../arm-none-eabi/lib/thumb/v7e-m+dp/hard\libnosys.a
END GROUP
START GROUP
LOAD C:/ST/STM32CubeIDE_1.11.0/STM32CubeIDE/plugins/com.st.stm32cube.ide.mcu.externaltools.gnu-tools-for-stm32.12.3.rel1.win32_1.0.200.202406191623/tools/bin/../lib/gcc/arm-none-eabi/12.3.1/thumb/v7e-m+dp/hard\libgcc.a
LOAD C:/ST/STM32CubeIDE_1.11.0/STM32CubeIDE/plugins/com.st.stm32cube.ide.mcu.externaltools.gnu-tools-for-stm32.12.3.rel1.win32_1.0.200.202406191623/tools/bin/../lib/gcc/arm-none-eabi/12.3.1/../../../../arm-none-eabi/lib/thumb/v7e-m+dp/hard\libc_nano.a
LOAD C:/ST/STM32CubeIDE_1.11.0/STM32CubeIDE/plugins/com.st.stm32cube.ide.mcu.externaltools.gnu-tools-for-stm32.12.3.rel1.win32_1.0.200.202406191623/tools/bin/../lib/gcc/arm-none-eabi/12.3.1/../../../../arm-none-eabi/lib/thumb/v7e-m+dp/hard\libnosys.a
END GROUP
LOAD C:/ST/STM32CubeIDE_1.11.0/STM32CubeIDE/plugins/com.st.stm32cube.ide.mcu.externaltools.gnu-tools-for-stm32.12.3.rel1.win32_1.0.200.202406191623/tools/bin/../lib/gcc/arm-none-eabi/12.3.1/thumb/v7e-m+dp/hard/crtend.o
LOAD C:/ST/STM32CubeIDE_1.11.0/STM32CubeIDE/plugins/com.st.stm32cube.ide.mcu.externaltools.gnu-tools-for-stm32.12.3.rel1.win32_1.0.200.202406191623/tools/bin/../lib/gcc/arm-none-eabi/12.3.1/thumb/v7e-m+dp/hard/crtn.o
                0x24080000                        _estack = (ORIGIN (RAM_D1) + LENGTH (RAM_D1))
                0x00000200                        _Min_Heap_Size = 0x200
                0x00000400                        _Min_Stack_Size = 0x400

.isr_vector     0x08000000      0x298
                0x08000000                        . = ALIGN (0x4)
 *(.isr_vector)
 .isr_vector    0x08000000      0x298 ./Core/Startup/startup_stm32h755zitx.o
                0x08000000                g_pfnVectors
                0x08000298                        . = ALIGN (0x4)

.text           0x080002a0     0x8010
                0x080002a0                        . = ALIGN (0x4)
 *(.text)
 .text          0x080002a0       0x40 C:/ST/STM32CubeIDE_1.11.0/STM32CubeIDE/plugins/com.st.stm32cube.ide.mcu.externaltools.gnu-tools-for-stm32.12.3.rel1.win32_1.0.200.202406191623/tools/bin/../lib/gcc/arm-none-eabi/12.3.1/thumb/v7e-m+dp/hard/crtbegin.o
 .text          0x080002e0       0x2c ../Middlewares/STM32_Cryptographic/lib\libSTM32Cryptographic_CM7.a(cmox_cmac_aesfast.c.o)
 .text          0x0800030c       0x24 ../Middlewares/STM32_Cryptographic/lib\libSTM32Cryptographic_CM7.a(cmox_cmac_aesfast.c.o)
 .text          0x08000330       0x80 ../Middlewares/STM32_Cryptographic/lib\libSTM32Cryptographic_CM7.a(cmox_init.c.o)
                0x08000330                cmox_initialize
 .text          0x080003b0       0x86 ../Middlewares/STM32_Cryptographic/lib\libSTM32Cryptographic_CM7.a(cmox_mac.c.o)
                0x080003b0                cmox_mac_innerCompute
 .text          0x08000436       0x86 ../Middlewares/STM32_Cryptographic/lib\libSTM32Cryptographic_CM7.a(cmox_mac.c.o)
                0x08000436                cmox_mac_innerVerify
 .text          0x080004bc        0x6 ../Middlewares/STM32_Cryptographic/lib\libSTM32Cryptographic_CM7.a(cmox_mac.c.o)
                0x080004bc                cmox_mac_setCustomData_empty
 *fill*         0x080004c2        0x2 
 .text          0x080004c4       0x44 ../Middlewares/STM32_Cryptographic/lib\libSTM32Cryptographic_CM7.a(cmox_mac.c.o)
                0x080004c4                cmox_mac_compute
 .text          0x08000508      0x31c ../Middlewares/STM32_Cryptographic/lib\libSTM32Cryptographic_CM7.a(cmox_aesfast_encrypt.c.o)
 .text          0x08000824       0x20 ../Middlewares/STM32_Cryptographic/lib\libSTM32Cryptographic_CM7.a(cmox_cmac.c.o)
 .text          0x08000844       0x38 ../Middlewares/STM32_Cryptographic/lib\libSTM32Cryptographic_CM7.a(cmox_cmac.c.o)
 .text          0x0800087c       0x28 ../Middlewares/STM32_Cryptographic/lib\libSTM32Cryptographic_CM7.a(cmox_cmac.c.o)
 .text          0x080008a4       0x34 ../Middlewares/STM32_Cryptographic/lib\libSTM32Cryptographic_CM7.a(cmox_cmac.c.o)
 .text          0x080008d8       0x28 ../Middlewares/STM32_Cryptographic/lib\libSTM32Cryptographic_CM7.a(cmox_cmac.c.o)
 .text          0x08000900       0xc4 ../Middlewares/STM32_Cryptographic/lib\libSTM32Cryptographic_CM7.a(cmox_cmac.c.o)
 .text          0x080009c4      0x130 ../Middlewares/STM32_Cryptographic/lib\libSTM32Cryptographic_CM7.a(cmox_cmac.c.o)
 .text          0x08000af4      0x154 ../Middlewares/STM32_Cryptographic/lib\libSTM32Cryptographic_CM7.a(cmox_cmac.c.o)
 .text          0x08000c48       0x30 ../Middlewares/STM32_Cryptographic/lib\libSTM32Cryptographic_CM7.a(cmox_cmac.c.o)
 .text          0x08000c78       0x14 ../Middlewares/STM32_Cryptographic/lib\libSTM32Cryptographic_CM7.a(cmox_cmac.c.o)
                0x08000c78                cmox_cmac_construct
 .text          0x08000c8c       0x36 ../Middlewares/STM32_Cryptographic/lib\libSTM32Cryptographic_CM7.a(cmox_cmac.c.o)
                0x08000c8c                cmox_cmac_compute
 .text          0x08000cc2       0x32 ../Middlewares/STM32_Cryptographic/lib\libSTM32Cryptographic_CM7.a(cmox_cmac.c.o)
                0x08000cc2                cmox_cmac_verify
 .text          0x08000cf4       0x30 ../Middlewares/STM32_Cryptographic/lib\libSTM32Cryptographic_CM7.a(cmox_utils_compare.c.o)
 .text          0x08000d24       0x36 ../Middlewares/STM32_Cryptographic/lib\libSTM32Cryptographic_CM7.a(cmox_utils_compare.c.o)
 *fill*         0x08000d5a        0x2 
 .text          0x08000d5c      0x104 ../Middlewares/STM32_Cryptographic/lib\libSTM32Cryptographic_CM7.a(cmox_utils_compare.c.o)
                0x08000d68                cmox_utils_robustCmp
 .text          0x08000e60      0x114 ../Middlewares/STM32_Cryptographic/lib\libSTM32Cryptographic_CM7.a(cmox_aes_common.c.o)
                0x08000e60                cmox_aesSmall_keySchedule
 .text          0x08000f74      0x3c8 ../Middlewares/STM32_Cryptographic/lib\libSTM32Cryptographic_CM7.a(cmox_cipher_modes.c.o)
                0x08000f74                cmox_cipherMode_setKey
 .text          0x0800133c        0x8 ../Middlewares/STM32_Cryptographic/lib\libSTM32Cryptographic_CM7.a(cmox_cipher_modes.c.o)
 .text          0x08001344       0x28 ../Middlewares/STM32_Cryptographic/lib\libSTM32Cryptographic_CM7.a(cmox_cipher_utils.c.o)
                0x08001344                convert_block_2_words
 .text          0x0800136c       0x1a ../Middlewares/STM32_Cryptographic/lib\libSTM32Cryptographic_CM7.a(cmox_cipher_utils.c.o)
                0x0800136c                xor_blocks
 .text          0x08001386       0x10 C:/ST/STM32CubeIDE_1.11.0/STM32CubeIDE/plugins/com.st.stm32cube.ide.mcu.externaltools.gnu-tools-for-stm32.12.3.rel1.win32_1.0.200.202406191623/tools/bin/../lib/gcc/arm-none-eabi/12.3.1/../../../../arm-none-eabi/lib/thumb/v7e-m+dp/hard\libc_nano.a(libc_a-strlen.o)
                0x08001386                strlen
 .text          0x08001396       0x9a C:/ST/STM32CubeIDE_1.11.0/STM32CubeIDE/plugins/com.st.stm32cube.ide.mcu.externaltools.gnu-tools-for-stm32.12.3.rel1.win32_1.0.200.202406191623/tools/bin/../lib/gcc/arm-none-eabi/12.3.1/../../../../arm-none-eabi/lib/thumb/v7e-m+dp/hard\libc_nano.a(libc_a-aeabi_memset-soft.o)
                0x08001396                __aeabi_memset8
                0x08001396                __aeabi_memset4
                0x08001396                __aeabi_memset
 .text          0x08001430       0xa0 C:/ST/STM32CubeIDE_1.11.0/STM32CubeIDE/plugins/com.st.stm32cube.ide.mcu.externaltools.gnu-tools-for-stm32.12.3.rel1.win32_1.0.200.202406191623/tools/bin/../lib/gcc/arm-none-eabi/12.3.1/../../../../arm-none-eabi/lib/thumb/v7e-m+dp/hard\libc_nano.a(libc_a-memchr.o)
                0x08001430                memchr
 .text          0x080014d0       0x30 C:/ST/STM32CubeIDE_1.11.0/STM32CubeIDE/plugins/com.st.stm32cube.ide.mcu.externaltools.gnu-tools-for-stm32.12.3.rel1.win32_1.0.200.202406191623/tools/bin/../lib/gcc/arm-none-eabi/12.3.1/thumb/v7e-m+dp/hard\libgcc.a(_aeabi_uldivmod.o)
                0x080014d0                __aeabi_uldivmod
 .text          0x08001500      0x2bc C:/ST/STM32CubeIDE_1.11.0/STM32CubeIDE/plugins/com.st.stm32cube.ide.mcu.externaltools.gnu-tools-for-stm32.12.3.rel1.win32_1.0.200.202406191623/tools/bin/../lib/gcc/arm-none-eabi/12.3.1/thumb/v7e-m+dp/hard\libgcc.a(_udivmoddi4.o)
                0x08001500                __udivmoddi4
 .text          0x080017bc        0x4 C:/ST/STM32CubeIDE_1.11.0/STM32CubeIDE/plugins/com.st.stm32cube.ide.mcu.externaltools.gnu-tools-for-stm32.12.3.rel1.win32_1.0.200.202406191623/tools/bin/../lib/gcc/arm-none-eabi/12.3.1/thumb/v7e-m+dp/hard\libgcc.a(_dvmd_tls.o)
                0x080017bc                __aeabi_idiv0
                0x080017bc                __aeabi_ldiv0
 *(.text*)
 .text.SystemInit
                0x080017c0      0x12c ./Common/Src/system_stm32h7xx_dualcore_boot_cm4_cm7.o
                0x080017c0                SystemInit
 .text.BootManager_FSM
                0x080018ec       0xc8 ./Core/Src/BootManager_FSM.o
                0x080018ec                BootManager_FSM
 .text.Initialize
                0x080019b4       0x50 ./Core/Src/BootManager_FSM.o
                0x080019b4                Initialize
 .text.JumpToFW
                0x08001a04       0x60 ./Core/Src/BootManager_FSM.o
                0x08001a04                JumpToFW
 .text.FBL_Check
                0x08001a64       0x88 ./Core/Src/BootManager_FSM.o
                0x08001a64                FBL_Check
 .text.APP_Check
                0x08001aec       0x80 ./Core/Src/BootManager_FSM.o
                0x08001aec                APP_Check
 .text.CAL_Check
                0x08001b6c       0x80 ./Core/Src/BootManager_FSM.o
                0x08001b6c                CAL_Check
 .text.Set_Target_FW
                0x08001bec       0x38 ./Core/Src/BootManager_FSM.o
                0x08001bec                Set_Target_FW
 .text.ProgRequest_Check
                0x08001c24       0x78 ./Core/Src/BootManager_FSM.o
                0x08001c24                ProgRequest_Check
 .text.APP_Check_Fails
                0x08001c9c       0x20 ./Core/Src/BootManager_FSM.o
                0x08001c9c                APP_Check_Fails
 .text.FBL_Check_Fails
                0x08001cbc       0x20 ./Core/Src/BootManager_FSM.o
                0x08001cbc                FBL_Check_Fails
 .text.CAL_Check_Fails
                0x08001cdc       0x20 ./Core/Src/BootManager_FSM.o
                0x08001cdc                CAL_Check_Fails
 .text.AES_CMAC_Init
                0x08001cfc       0x22 ./Core/Src/cmac_check.o
                0x08001cfc                AES_CMAC_Init
 *fill*         0x08001d1e        0x2 
 .text.AES_CMAC_Encrypt
                0x08001d20       0x70 ./Core/Src/cmac_check.o
                0x08001d20                AES_CMAC_Encrypt
 .text.cmox_ll_init
                0x08001d90       0x48 ./Core/Src/cmox_low_level.o
                0x08001d90                cmox_ll_init
 .text.EE_Init  0x08001dd8      0x474 ./Core/Src/eeprom.o
                0x08001dd8                EE_Init
 .text.EE_VerifyPageFullyErased
                0x0800224c       0x54 ./Core/Src/eeprom.o
 .text.EE_ReadVariable
                0x080022a0       0x90 ./Core/Src/eeprom.o
                0x080022a0                EE_ReadVariable
 .text.EE_Format
                0x08002330       0xc8 ./Core/Src/eeprom.o
 .text.EE_FindValidPage
                0x080023f8       0x8c ./Core/Src/eeprom.o
 .text.EE_VerifyPageFullWriteVariable
                0x08002484       0xec ./Core/Src/eeprom.o
 .text.main     0x08002570        0xa ./Core/Src/main.o
                0x08002570                main
 *fill*         0x0800257a        0x2 
 .text.SystemClock_Config
                0x0800257c       0xd4 ./Core/Src/main.o
                0x0800257c                SystemClock_Config
 .text.MX_CRC_Init
                0x08002650       0x44 ./Core/Src/main.o
                0x08002650                MX_CRC_Init
 .text.MX_USART3_UART_Init
                0x08002694       0x98 ./Core/Src/main.o
                0x08002694                MX_USART3_UART_Init
 .text.MX_GPIO_Init
                0x0800272c       0x54 ./Core/Src/main.o
                0x0800272c                MX_GPIO_Init
 .text.printmsg
                0x08002780       0x44 ./Core/Src/main.o
                0x08002780                printmsg
 .text.Error_Handler
                0x080027c4        0xc ./Core/Src/main.o
                0x080027c4                Error_Handler
 .text.HAL_MspInit
                0x080027d0       0x34 ./Core/Src/stm32h7xx_hal_msp.o
                0x080027d0                HAL_MspInit
 .text.HAL_CRC_MspInit
                0x08002804       0x44 ./Core/Src/stm32h7xx_hal_msp.o
                0x08002804                HAL_CRC_MspInit
 .text.HAL_UART_MspInit
                0x08002848      0x174 ./Core/Src/stm32h7xx_hal_msp.o
                0x08002848                HAL_UART_MspInit
 .text.NMI_Handler
                0x080029bc        0x8 ./Core/Src/stm32h7xx_it.o
                0x080029bc                NMI_Handler
 .text.HardFault_Handler
                0x080029c4        0x8 ./Core/Src/stm32h7xx_it.o
                0x080029c4                HardFault_Handler
 .text.MemManage_Handler
                0x080029cc        0x8 ./Core/Src/stm32h7xx_it.o
                0x080029cc                MemManage_Handler
 .text.BusFault_Handler
                0x080029d4        0x8 ./Core/Src/stm32h7xx_it.o
                0x080029d4                BusFault_Handler
 .text.UsageFault_Handler
                0x080029dc        0x8 ./Core/Src/stm32h7xx_it.o
                0x080029dc                UsageFault_Handler
 .text.SVC_Handler
                0x080029e4        0xe ./Core/Src/stm32h7xx_it.o
                0x080029e4                SVC_Handler
 .text.DebugMon_Handler
                0x080029f2        0xe ./Core/Src/stm32h7xx_it.o
                0x080029f2                DebugMon_Handler
 .text.PendSV_Handler
                0x08002a00        0xe ./Core/Src/stm32h7xx_it.o
                0x08002a00                PendSV_Handler
 .text.SysTick_Handler
                0x08002a0e        0xc ./Core/Src/stm32h7xx_it.o
                0x08002a0e                SysTick_Handler
 *fill*         0x08002a1a        0x2 
 .text._sbrk    0x08002a1c       0x6c ./Core/Src/sysmem.o
                0x08002a1c                _sbrk
 .text.Reset_Handler
                0x08002a88       0x50 ./Core/Startup/startup_stm32h755zitx.o
                0x08002a88                Reset_Handler
 .text.Default_Handler
                0x08002ad8        0x2 ./Core/Startup/startup_stm32h755zitx.o
                0x08002ad8                RTC_Alarm_IRQHandler
                0x08002ad8                HASH_RNG_IRQHandler
                0x08002ad8                EXTI2_IRQHandler
                0x08002ad8                TIM8_CC_IRQHandler
                0x08002ad8                HRTIM1_Master_IRQHandler
                0x08002ad8                UART8_IRQHandler
                0x08002ad8                SPI4_IRQHandler
                0x08002ad8                TIM1_CC_IRQHandler
                0x08002ad8                BDMA_Channel6_IRQHandler
                0x08002ad8                DMA2_Stream5_IRQHandler
                0x08002ad8                HRTIM1_FLT_IRQHandler
                0x08002ad8                JPEG_IRQHandler
                0x08002ad8                DMA1_Stream5_IRQHandler
                0x08002ad8                BDMA_Channel1_IRQHandler
                0x08002ad8                HRTIM1_TIMD_IRQHandler
                0x08002ad8                TAMP_STAMP_IRQHandler
                0x08002ad8                EXTI3_IRQHandler
                0x08002ad8                LPTIM4_IRQHandler
                0x08002ad8                TIM8_TRG_COM_TIM14_IRQHandler
                0x08002ad8                LPTIM2_IRQHandler
                0x08002ad8                DFSDM1_FLT1_IRQHandler
                0x08002ad8                DMAMUX2_OVR_IRQHandler
                0x08002ad8                TIM8_UP_TIM13_IRQHandler
                0x08002ad8                I2C3_ER_IRQHandler
                0x08002ad8                DFSDM1_FLT2_IRQHandler
                0x08002ad8                MDMA_IRQHandler
                0x08002ad8                LPTIM3_IRQHandler
                0x08002ad8                HSEM1_IRQHandler
                0x08002ad8                EXTI0_IRQHandler
                0x08002ad8                I2C2_EV_IRQHandler
                0x08002ad8                DMA1_Stream2_IRQHandler
                0x08002ad8                FPU_IRQHandler
                0x08002ad8                OTG_HS_WKUP_IRQHandler
                0x08002ad8                FDCAN1_IT1_IRQHandler
                0x08002ad8                LTDC_ER_IRQHandler
                0x08002ad8                DMA2_Stream2_IRQHandler
                0x08002ad8                HRTIM1_TIME_IRQHandler
                0x08002ad8                SPI1_IRQHandler
                0x08002ad8                TIM6_DAC_IRQHandler
                0x08002ad8                DCMI_IRQHandler
                0x08002ad8                HRTIM1_TIMC_IRQHandler
                0x08002ad8                DMA2_Stream3_IRQHandler
                0x08002ad8                SAI2_IRQHandler
                0x08002ad8                DFSDM1_FLT3_IRQHandler
                0x08002ad8                USART6_IRQHandler
                0x08002ad8                TIM17_IRQHandler
                0x08002ad8                USART3_IRQHandler
                0x08002ad8                BDMA_Channel7_IRQHandler
                0x08002ad8                CRYP_IRQHandler
                0x08002ad8                LPTIM5_IRQHandler
                0x08002ad8                UART5_IRQHandler
                0x08002ad8                ADC3_IRQHandler
                0x08002ad8                DMA2_Stream0_IRQHandler
                0x08002ad8                TIM4_IRQHandler
                0x08002ad8                BDMA_Channel2_IRQHandler
                0x08002ad8                QUADSPI_IRQHandler
                0x08002ad8                I2C1_EV_IRQHandler
                0x08002ad8                DMA1_Stream6_IRQHandler
                0x08002ad8                DMAMUX1_OVR_IRQHandler
                0x08002ad8                DMA1_Stream1_IRQHandler
                0x08002ad8                TIM16_IRQHandler
                0x08002ad8                UART4_IRQHandler
                0x08002ad8                BDMA_Channel5_IRQHandler
                0x08002ad8                TIM3_IRQHandler
                0x08002ad8                RCC_IRQHandler
                0x08002ad8                TIM8_BRK_TIM12_IRQHandler
                0x08002ad8                TIM1_TRG_COM_IRQHandler
                0x08002ad8                Default_Handler
                0x08002ad8                ECC_IRQHandler
                0x08002ad8                CEC_IRQHandler
                0x08002ad8                EXTI15_10_IRQHandler
                0x08002ad8                BDMA_Channel0_IRQHandler
                0x08002ad8                ADC_IRQHandler
                0x08002ad8                DMA1_Stream7_IRQHandler
                0x08002ad8                HRTIM1_TIMA_IRQHandler
                0x08002ad8                SPI5_IRQHandler
                0x08002ad8                TIM7_IRQHandler
                0x08002ad8                SDMMC1_IRQHandler
                0x08002ad8                TIM5_IRQHandler
                0x08002ad8                DMA2_Stream7_IRQHandler
                0x08002ad8                TIM15_IRQHandler
                0x08002ad8                PVD_AVD_IRQHandler
                0x08002ad8                I2C3_EV_IRQHandler
                0x08002ad8                EXTI9_5_IRQHandler
                0x08002ad8                RTC_WKUP_IRQHandler
                0x08002ad8                LTDC_IRQHandler
                0x08002ad8                SAI3_IRQHandler
                0x08002ad8                ETH_WKUP_IRQHandler
                0x08002ad8                SPDIF_RX_IRQHandler
                0x08002ad8                SPI2_IRQHandler
                0x08002ad8                OTG_HS_EP1_IN_IRQHandler
                0x08002ad8                DMA1_Stream0_IRQHandler
                0x08002ad8                CRS_IRQHandler
                0x08002ad8                CM7_SEV_IRQHandler
                0x08002ad8                EXTI4_IRQHandler
                0x08002ad8                CM4_SEV_IRQHandler
                0x08002ad8                HRTIM1_TIMB_IRQHandler
                0x08002ad8                FDCAN2_IT1_IRQHandler
                0x08002ad8                ETH_IRQHandler
                0x08002ad8                TIM1_UP_IRQHandler
                0x08002ad8                WWDG_RST_IRQHandler
                0x08002ad8                BDMA_Channel4_IRQHandler
                0x08002ad8                OTG_HS_EP1_OUT_IRQHandler
                0x08002ad8                WWDG_IRQHandler
                0x08002ad8                SPI6_IRQHandler
                0x08002ad8                MDIOS_IRQHandler
                0x08002ad8                I2C4_EV_IRQHandler
                0x08002ad8                FDCAN2_IT0_IRQHandler
                0x08002ad8                LPUART1_IRQHandler
                0x08002ad8                FDCAN1_IT0_IRQHandler
                0x08002ad8                TIM2_IRQHandler
                0x08002ad8                OTG_FS_WKUP_IRQHandler
                0x08002ad8                OTG_HS_IRQHandler
                0x08002ad8                HSEM2_IRQHandler
                0x08002ad8                DMA2D_IRQHandler
                0x08002ad8                TIM1_BRK_IRQHandler
                0x08002ad8                EXTI1_IRQHandler
                0x08002ad8                SDMMC2_IRQHandler
                0x08002ad8                OTG_FS_EP1_OUT_IRQHandler
                0x08002ad8                BDMA_Channel3_IRQHandler
                0x08002ad8                HOLD_CORE_IRQHandler
                0x08002ad8                UART7_IRQHandler
                0x08002ad8                MDIOS_WKUP_IRQHandler
                0x08002ad8                USART2_IRQHandler
                0x08002ad8                DFSDM1_FLT0_IRQHandler
                0x08002ad8                SAI4_IRQHandler
                0x08002ad8                I2C2_ER_IRQHandler
                0x08002ad8                DMA2_Stream1_IRQHandler
                0x08002ad8                FLASH_IRQHandler
                0x08002ad8                DMA2_Stream4_IRQHandler
                0x08002ad8                USART1_IRQHandler
                0x08002ad8                OTG_FS_IRQHandler
                0x08002ad8                SPI3_IRQHandler
                0x08002ad8                WAKEUP_PIN_IRQHandler
                0x08002ad8                DMA1_Stream4_IRQHandler
                0x08002ad8                OTG_FS_EP1_IN_IRQHandler
                0x08002ad8                I2C1_ER_IRQHandler
                0x08002ad8                FMC_IRQHandler
                0x08002ad8                FDCAN_CAL_IRQHandler
                0x08002ad8                SWPMI1_IRQHandler
                0x08002ad8                COMP1_IRQHandler
                0x08002ad8                LPTIM1_IRQHandler
                0x08002ad8                I2C4_ER_IRQHandler
                0x08002ad8                DMA2_Stream6_IRQHandler
                0x08002ad8                SAI1_IRQHandler
                0x08002ad8                DMA1_Stream3_IRQHandler
 *fill*         0x08002ada        0x2 
 .text.BSP_LED_Init
                0x08002adc       0xec ./Drivers/BSP/STM32H7xx_Nucleo/stm32h7xx_nucleo.o
                0x08002adc                BSP_LED_Init
 .text.HAL_Init
                0x08002bc8       0x78 ./Drivers/STM32H7xx_HAL_Driver/stm32h7xx_hal.o
                0x08002bc8                HAL_Init
 .text.HAL_InitTick
                0x08002c40       0x6c ./Drivers/STM32H7xx_HAL_Driver/stm32h7xx_hal.o
                0x08002c40                HAL_InitTick
 .text.HAL_IncTick
                0x08002cac       0x28 ./Drivers/STM32H7xx_HAL_Driver/stm32h7xx_hal.o
                0x08002cac                HAL_IncTick
 .text.HAL_GetTick
                0x08002cd4       0x18 ./Drivers/STM32H7xx_HAL_Driver/stm32h7xx_hal.o
                0x08002cd4                HAL_GetTick
 .text.HAL_GetREVID
                0x08002cec       0x18 ./Drivers/STM32H7xx_HAL_Driver/stm32h7xx_hal.o
                0x08002cec                HAL_GetREVID
 .text.__NVIC_SetPriorityGrouping
                0x08002d04       0x48 ./Drivers/STM32H7xx_HAL_Driver/stm32h7xx_hal_cortex.o
 .text.__NVIC_GetPriorityGrouping
                0x08002d4c       0x1c ./Drivers/STM32H7xx_HAL_Driver/stm32h7xx_hal_cortex.o
 .text.__NVIC_SetPriority
                0x08002d68       0x54 ./Drivers/STM32H7xx_HAL_Driver/stm32h7xx_hal_cortex.o
 .text.NVIC_EncodePriority
                0x08002dbc       0x66 ./Drivers/STM32H7xx_HAL_Driver/stm32h7xx_hal_cortex.o
 *fill*         0x08002e22        0x2 
 .text.SysTick_Config
                0x08002e24       0x44 ./Drivers/STM32H7xx_HAL_Driver/stm32h7xx_hal_cortex.o
 .text.HAL_NVIC_SetPriorityGrouping
                0x08002e68       0x16 ./Drivers/STM32H7xx_HAL_Driver/stm32h7xx_hal_cortex.o
                0x08002e68                HAL_NVIC_SetPriorityGrouping
 .text.HAL_NVIC_SetPriority
                0x08002e7e       0x34 ./Drivers/STM32H7xx_HAL_Driver/stm32h7xx_hal_cortex.o
                0x08002e7e                HAL_NVIC_SetPriority
 .text.HAL_SYSTICK_Config
                0x08002eb2       0x18 ./Drivers/STM32H7xx_HAL_Driver/stm32h7xx_hal_cortex.o
                0x08002eb2                HAL_SYSTICK_Config
 *fill*         0x08002eca        0x2 
 .text.HAL_CRC_Init
                0x08002ecc       0xc8 ./Drivers/STM32H7xx_HAL_Driver/stm32h7xx_hal_crc.o
                0x08002ecc                HAL_CRC_Init
 .text.HAL_CRCEx_Polynomial_Set
                0x08002f94      0x11c ./Drivers/STM32H7xx_HAL_Driver/stm32h7xx_hal_crc_ex.o
                0x08002f94                HAL_CRCEx_Polynomial_Set
 .text.HAL_FLASH_Program
                0x080030b0      0x124 ./Drivers/STM32H7xx_HAL_Driver/stm32h7xx_hal_flash.o
                0x080030b0                HAL_FLASH_Program
 .text.FLASH_WaitForLastOperation
                0x080031d4      0x138 ./Drivers/STM32H7xx_HAL_Driver/stm32h7xx_hal_flash.o
                0x080031d4                FLASH_WaitForLastOperation
 .text.HAL_FLASHEx_Erase
                0x0800330c      0x194 ./Drivers/STM32H7xx_HAL_Driver/stm32h7xx_hal_flash_ex.o
                0x0800330c                HAL_FLASHEx_Erase
 .text.FLASH_MassErase
                0x080034a0       0xd4 ./Drivers/STM32H7xx_HAL_Driver/stm32h7xx_hal_flash_ex.o
 .text.FLASH_Erase_Sector
                0x08003574       0x7c ./Drivers/STM32H7xx_HAL_Driver/stm32h7xx_hal_flash_ex.o
                0x08003574                FLASH_Erase_Sector
 .text.HAL_GPIO_Init
                0x080035f0      0x360 ./Drivers/STM32H7xx_HAL_Driver/stm32h7xx_hal_gpio.o
                0x080035f0                HAL_GPIO_Init
 .text.HAL_GPIO_WritePin
                0x08003950       0x32 ./Drivers/STM32H7xx_HAL_Driver/stm32h7xx_hal_gpio.o
                0x08003950                HAL_GPIO_WritePin
 *fill*         0x08003982        0x2 
 .text.HAL_PWREx_ConfigSupply
                0x08003984       0xb4 ./Drivers/STM32H7xx_HAL_Driver/stm32h7xx_hal_pwr_ex.o
                0x08003984                HAL_PWREx_ConfigSupply
 .text.HAL_RCC_OscConfig
                0x08003a38      0x8b4 ./Drivers/STM32H7xx_HAL_Driver/stm32h7xx_hal_rcc.o
                0x08003a38                HAL_RCC_OscConfig
 .text.HAL_RCC_ClockConfig
                0x080042ec      0x36c ./Drivers/STM32H7xx_HAL_Driver/stm32h7xx_hal_rcc.o
                0x080042ec                HAL_RCC_ClockConfig
 .text.HAL_RCC_GetSysClockFreq
                0x08004658      0x2f4 ./Drivers/STM32H7xx_HAL_Driver/stm32h7xx_hal_rcc.o
                0x08004658                HAL_RCC_GetSysClockFreq
 .text.HAL_RCC_GetHCLKFreq
                0x0800494c       0x60 ./Drivers/STM32H7xx_HAL_Driver/stm32h7xx_hal_rcc.o
                0x0800494c                HAL_RCC_GetHCLKFreq
 .text.HAL_RCC_GetPCLK1Freq
                0x080049ac       0x2c ./Drivers/STM32H7xx_HAL_Driver/stm32h7xx_hal_rcc.o
                0x080049ac                HAL_RCC_GetPCLK1Freq
 .text.HAL_RCC_GetPCLK2Freq
                0x080049d8       0x2c ./Drivers/STM32H7xx_HAL_Driver/stm32h7xx_hal_rcc.o
                0x080049d8                HAL_RCC_GetPCLK2Freq
 .text.HAL_RCCEx_PeriphCLKConfig
                0x08004a04     0x1414 ./Drivers/STM32H7xx_HAL_Driver/stm32h7xx_hal_rcc_ex.o
                0x08004a04                HAL_RCCEx_PeriphCLKConfig
 .text.HAL_RCCEx_GetD3PCLK1Freq
                0x08005e18       0x2c ./Drivers/STM32H7xx_HAL_Driver/stm32h7xx_hal_rcc_ex.o
                0x08005e18                HAL_RCCEx_GetD3PCLK1Freq
 .text.HAL_RCCEx_GetPLL2ClockFreq
                0x08005e44      0x2a8 ./Drivers/STM32H7xx_HAL_Driver/stm32h7xx_hal_rcc_ex.o
                0x08005e44                HAL_RCCEx_GetPLL2ClockFreq
 .text.HAL_RCCEx_GetPLL3ClockFreq
                0x080060ec      0x2a8 ./Drivers/STM32H7xx_HAL_Driver/stm32h7xx_hal_rcc_ex.o
                0x080060ec                HAL_RCCEx_GetPLL3ClockFreq
 .text.RCCEx_PLL2_Config
                0x08006394      0x164 ./Drivers/STM32H7xx_HAL_Driver/stm32h7xx_hal_rcc_ex.o
 .text.RCCEx_PLL3_Config
                0x080064f8      0x164 ./Drivers/STM32H7xx_HAL_Driver/stm32h7xx_hal_rcc_ex.o
 .text.HAL_UART_Init
                0x0800665c       0xa0 ./Drivers/STM32H7xx_HAL_Driver/stm32h7xx_hal_uart.o
                0x0800665c                HAL_UART_Init
 .text.HAL_UART_Transmit
                0x080066fc      0x11c ./Drivers/STM32H7xx_HAL_Driver/stm32h7xx_hal_uart.o
                0x080066fc                HAL_UART_Transmit
 .text.UART_SetConfig
                0x08006818      0xad0 ./Drivers/STM32H7xx_HAL_Driver/stm32h7xx_hal_uart.o
                0x08006818                UART_SetConfig
 .text.UART_AdvFeatureConfig
                0x080072e8      0x144 ./Drivers/STM32H7xx_HAL_Driver/stm32h7xx_hal_uart.o
                0x080072e8                UART_AdvFeatureConfig
 .text.UART_CheckIdleState
                0x0800742c      0x154 ./Drivers/STM32H7xx_HAL_Driver/stm32h7xx_hal_uart.o
                0x0800742c                UART_CheckIdleState
 .text.UART_WaitOnFlagUntilTimeout
                0x08007580       0xda ./Drivers/STM32H7xx_HAL_Driver/stm32h7xx_hal_uart.o
                0x08007580                UART_WaitOnFlagUntilTimeout
 *fill*         0x0800765a        0x2 
 .text.UART_EndRxTransfer
                0x0800765c       0xcc ./Drivers/STM32H7xx_HAL_Driver/stm32h7xx_hal_uart.o
 .text.HAL_UARTEx_DisableFifoMode
                0x08007728       0x72 ./Drivers/STM32H7xx_HAL_Driver/stm32h7xx_hal_uart_ex.o
                0x08007728                HAL_UARTEx_DisableFifoMode
 .text.HAL_UARTEx_SetTxFifoThreshold
                0x0800779a       0x7c ./Drivers/STM32H7xx_HAL_Driver/stm32h7xx_hal_uart_ex.o
                0x0800779a                HAL_UARTEx_SetTxFifoThreshold
 .text.HAL_UARTEx_SetRxFifoThreshold
                0x08007816       0x7c ./Drivers/STM32H7xx_HAL_Driver/stm32h7xx_hal_uart_ex.o
                0x08007816                HAL_UARTEx_SetRxFifoThreshold
 *fill*         0x08007892        0x2 
 .text.UARTEx_SetNbDataToProcess
                0x08007894       0x9c ./Drivers/STM32H7xx_HAL_Driver/stm32h7xx_hal_uart_ex.o
 .text._vsprintf_r
                0x08007930       0x2c C:/ST/STM32CubeIDE_1.11.0/STM32CubeIDE/plugins/com.st.stm32cube.ide.mcu.externaltools.gnu-tools-for-stm32.12.3.rel1.win32_1.0.200.202406191623/tools/bin/../lib/gcc/arm-none-eabi/12.3.1/../../../../arm-none-eabi/lib/thumb/v7e-m+dp/hard\libc_nano.a(libc_a-vsprintf.o)
                0x08007930                _vsprintf_r
                0x08007930                _vsiprintf_r
 .text.vsprintf
                0x0800795c       0x14 C:/ST/STM32CubeIDE_1.11.0/STM32CubeIDE/plugins/com.st.stm32cube.ide.mcu.externaltools.gnu-tools-for-stm32.12.3.rel1.win32_1.0.200.202406191623/tools/bin/../lib/gcc/arm-none-eabi/12.3.1/../../../../arm-none-eabi/lib/thumb/v7e-m+dp/hard\libc_nano.a(libc_a-vsprintf.o)
                0x0800795c                vsiprintf
                0x0800795c                vsprintf
 .text.memcmp   0x08007970       0x20 C:/ST/STM32CubeIDE_1.11.0/STM32CubeIDE/plugins/com.st.stm32cube.ide.mcu.externaltools.gnu-tools-for-stm32.12.3.rel1.win32_1.0.200.202406191623/tools/bin/../lib/gcc/arm-none-eabi/12.3.1/../../../../arm-none-eabi/lib/thumb/v7e-m+dp/hard\libc_nano.a(libc_a-memcmp.o)
                0x08007970                memcmp
 .text.memset   0x08007990       0x10 C:/ST/STM32CubeIDE_1.11.0/STM32CubeIDE/plugins/com.st.stm32cube.ide.mcu.externaltools.gnu-tools-for-stm32.12.3.rel1.win32_1.0.200.202406191623/tools/bin/../lib/gcc/arm-none-eabi/12.3.1/../../../../arm-none-eabi/lib/thumb/v7e-m+dp/hard\libc_nano.a(libc_a-memset.o)
                0x08007990                memset
 .text.__errno  0x080079a0        0xc C:/ST/STM32CubeIDE_1.11.0/STM32CubeIDE/plugins/com.st.stm32cube.ide.mcu.externaltools.gnu-tools-for-stm32.12.3.rel1.win32_1.0.200.202406191623/tools/bin/../lib/gcc/arm-none-eabi/12.3.1/../../../../arm-none-eabi/lib/thumb/v7e-m+dp/hard\libc_nano.a(libc_a-errno.o)
                0x080079a0                __errno
 .text.__libc_init_array
                0x080079ac       0x48 C:/ST/STM32CubeIDE_1.11.0/STM32CubeIDE/plugins/com.st.stm32cube.ide.mcu.externaltools.gnu-tools-for-stm32.12.3.rel1.win32_1.0.200.202406191623/tools/bin/../lib/gcc/arm-none-eabi/12.3.1/../../../../arm-none-eabi/lib/thumb/v7e-m+dp/hard\libc_nano.a(libc_a-init.o)
                0x080079ac                __libc_init_array
 .text.__retarget_lock_acquire_recursive
                0x080079f4        0x2 C:/ST/STM32CubeIDE_1.11.0/STM32CubeIDE/plugins/com.st.stm32cube.ide.mcu.externaltools.gnu-tools-for-stm32.12.3.rel1.win32_1.0.200.202406191623/tools/bin/../lib/gcc/arm-none-eabi/12.3.1/../../../../arm-none-eabi/lib/thumb/v7e-m+dp/hard\libc_nano.a(libc_a-lock.o)
                0x080079f4                __retarget_lock_acquire_recursive
 .text.__retarget_lock_release_recursive
                0x080079f6        0x2 C:/ST/STM32CubeIDE_1.11.0/STM32CubeIDE/plugins/com.st.stm32cube.ide.mcu.externaltools.gnu-tools-for-stm32.12.3.rel1.win32_1.0.200.202406191623/tools/bin/../lib/gcc/arm-none-eabi/12.3.1/../../../../arm-none-eabi/lib/thumb/v7e-m+dp/hard\libc_nano.a(libc_a-lock.o)
                0x080079f6                __retarget_lock_release_recursive
 .text.__aeabi_memclr
                0x080079f8        0x6 C:/ST/STM32CubeIDE_1.11.0/STM32CubeIDE/plugins/com.st.stm32cube.ide.mcu.externaltools.gnu-tools-for-stm32.12.3.rel1.win32_1.0.200.202406191623/tools/bin/../lib/gcc/arm-none-eabi/12.3.1/../../../../arm-none-eabi/lib/thumb/v7e-m+dp/hard\libc_nano.a(libc_a-aeabi_memclr.o)
                0x080079f8                __aeabi_memclr
                0x080079f8                __aeabi_memclr4
                0x080079f8                __aeabi_memclr8
 .text.memcpy   0x080079fe       0x1c C:/ST/STM32CubeIDE_1.11.0/STM32CubeIDE/plugins/com.st.stm32cube.ide.mcu.externaltools.gnu-tools-for-stm32.12.3.rel1.win32_1.0.200.202406191623/tools/bin/../lib/gcc/arm-none-eabi/12.3.1/../../../../arm-none-eabi/lib/thumb/v7e-m+dp/hard\libc_nano.a(libc_a-memcpy-stub.o)
                0x080079fe                memcpy
 *fill*         0x08007a1a        0x2 
 .text._free_r  0x08007a1c       0x94 C:/ST/STM32CubeIDE_1.11.0/STM32CubeIDE/plugins/com.st.stm32cube.ide.mcu.externaltools.gnu-tools-for-stm32.12.3.rel1.win32_1.0.200.202406191623/tools/bin/../lib/gcc/arm-none-eabi/12.3.1/../../../../arm-none-eabi/lib/thumb/v7e-m+dp/hard\libc_nano.a(libc_a-freer.o)
                0x08007a1c                _free_r
 .text.sbrk_aligned
                0x08007ab0       0x44 C:/ST/STM32CubeIDE_1.11.0/STM32CubeIDE/plugins/com.st.stm32cube.ide.mcu.externaltools.gnu-tools-for-stm32.12.3.rel1.win32_1.0.200.202406191623/tools/bin/../lib/gcc/arm-none-eabi/12.3.1/../../../../arm-none-eabi/lib/thumb/v7e-m+dp/hard\libc_nano.a(libc_a-mallocr.o)
 .text._malloc_r
                0x08007af4      0x100 C:/ST/STM32CubeIDE_1.11.0/STM32CubeIDE/plugins/com.st.stm32cube.ide.mcu.externaltools.gnu-tools-for-stm32.12.3.rel1.win32_1.0.200.202406191623/tools/bin/../lib/gcc/arm-none-eabi/12.3.1/../../../../arm-none-eabi/lib/thumb/v7e-m+dp/hard\libc_nano.a(libc_a-mallocr.o)
                0x08007af4                _malloc_r
 .text.__malloc_lock
                0x08007bf4        0xc C:/ST/STM32CubeIDE_1.11.0/STM32CubeIDE/plugins/com.st.stm32cube.ide.mcu.externaltools.gnu-tools-for-stm32.12.3.rel1.win32_1.0.200.202406191623/tools/bin/../lib/gcc/arm-none-eabi/12.3.1/../../../../arm-none-eabi/lib/thumb/v7e-m+dp/hard\libc_nano.a(libc_a-mlock.o)
                0x08007bf4                __malloc_lock
 .text.__malloc_unlock
                0x08007c00        0xc C:/ST/STM32CubeIDE_1.11.0/STM32CubeIDE/plugins/com.st.stm32cube.ide.mcu.externaltools.gnu-tools-for-stm32.12.3.rel1.win32_1.0.200.202406191623/tools/bin/../lib/gcc/arm-none-eabi/12.3.1/../../../../arm-none-eabi/lib/thumb/v7e-m+dp/hard\libc_nano.a(libc_a-mlock.o)
                0x08007c00                __malloc_unlock
 .text.__ssputs_r
                0x08007c0c       0xb6 C:/ST/STM32CubeIDE_1.11.0/STM32CubeIDE/plugins/com.st.stm32cube.ide.mcu.externaltools.gnu-tools-for-stm32.12.3.rel1.win32_1.0.200.202406191623/tools/bin/../lib/gcc/arm-none-eabi/12.3.1/../../../../arm-none-eabi/lib/thumb/v7e-m+dp/hard\libc_nano.a(libc_a-nano-svfprintf.o)
                0x08007c0c                __ssputs_r
 *fill*         0x08007cc2        0x2 
 .text._svfprintf_r
                0x08007cc4      0x1f8 C:/ST/STM32CubeIDE_1.11.0/STM32CubeIDE/plugins/com.st.stm32cube.ide.mcu.externaltools.gnu-tools-for-stm32.12.3.rel1.win32_1.0.200.202406191623/tools/bin/../lib/gcc/arm-none-eabi/12.3.1/../../../../arm-none-eabi/lib/thumb/v7e-m+dp/hard\libc_nano.a(libc_a-nano-svfprintf.o)
                0x08007cc4                _svfiprintf_r
                0x08007cc4                _svfprintf_r
 .text._printf_common
                0x08007ebc       0xda C:/ST/STM32CubeIDE_1.11.0/STM32CubeIDE/plugins/com.st.stm32cube.ide.mcu.externaltools.gnu-tools-for-stm32.12.3.rel1.win32_1.0.200.202406191623/tools/bin/../lib/gcc/arm-none-eabi/12.3.1/../../../../arm-none-eabi/lib/thumb/v7e-m+dp/hard\libc_nano.a(libc_a-nano-vfprintf_i.o)
                0x08007ebc                _printf_common
 *fill*         0x08007f96        0x2 
 .text._printf_i
                0x08007f98      0x240 C:/ST/STM32CubeIDE_1.11.0/STM32CubeIDE/plugins/com.st.stm32cube.ide.mcu.externaltools.gnu-tools-for-stm32.12.3.rel1.win32_1.0.200.202406191623/tools/bin/../lib/gcc/arm-none-eabi/12.3.1/../../../../arm-none-eabi/lib/thumb/v7e-m+dp/hard\libc_nano.a(libc_a-nano-vfprintf_i.o)
                0x08007f98                _printf_i
 .text.memmove  0x080081d8       0x34 C:/ST/STM32CubeIDE_1.11.0/STM32CubeIDE/plugins/com.st.stm32cube.ide.mcu.externaltools.gnu-tools-for-stm32.12.3.rel1.win32_1.0.200.202406191623/tools/bin/../lib/gcc/arm-none-eabi/12.3.1/../../../../arm-none-eabi/lib/thumb/v7e-m+dp/hard\libc_nano.a(libc_a-memmove.o)
                0x080081d8                memmove
 .text._sbrk_r  0x0800820c       0x20 C:/ST/STM32CubeIDE_1.11.0/STM32CubeIDE/plugins/com.st.stm32cube.ide.mcu.externaltools.gnu-tools-for-stm32.12.3.rel1.win32_1.0.200.202406191623/tools/bin/../lib/gcc/arm-none-eabi/12.3.1/../../../../arm-none-eabi/lib/thumb/v7e-m+dp/hard\libc_nano.a(libc_a-sbrkr.o)
                0x0800820c                _sbrk_r
 .text._realloc_r
                0x0800822c       0x5c C:/ST/STM32CubeIDE_1.11.0/STM32CubeIDE/plugins/com.st.stm32cube.ide.mcu.externaltools.gnu-tools-for-stm32.12.3.rel1.win32_1.0.200.202406191623/tools/bin/../lib/gcc/arm-none-eabi/12.3.1/../../../../arm-none-eabi/lib/thumb/v7e-m+dp/hard\libc_nano.a(libc_a-reallocr.o)
                0x0800822c                _realloc_r
 .text._malloc_usable_size_r
                0x08008288       0x10 C:/ST/STM32CubeIDE_1.11.0/STM32CubeIDE/plugins/com.st.stm32cube.ide.mcu.externaltools.gnu-tools-for-stm32.12.3.rel1.win32_1.0.200.202406191623/tools/bin/../lib/gcc/arm-none-eabi/12.3.1/../../../../arm-none-eabi/lib/thumb/v7e-m+dp/hard\libc_nano.a(libc_a-msizer.o)
                0x08008288                _malloc_usable_size_r
 *(.glue_7)
 .glue_7        0x08008298        0x0 linker stubs
 *(.glue_7t)
 .glue_7t       0x08008298        0x0 linker stubs
 *(.eh_frame)
 .eh_frame      0x08008298        0x0 C:/ST/STM32CubeIDE_1.11.0/STM32CubeIDE/plugins/com.st.stm32cube.ide.mcu.externaltools.gnu-tools-for-stm32.12.3.rel1.win32_1.0.200.202406191623/tools/bin/../lib/gcc/arm-none-eabi/12.3.1/thumb/v7e-m+dp/hard/crtbegin.o
 *(.init)
 .init          0x08008298        0x4 C:/ST/STM32CubeIDE_1.11.0/STM32CubeIDE/plugins/com.st.stm32cube.ide.mcu.externaltools.gnu-tools-for-stm32.12.3.rel1.win32_1.0.200.202406191623/tools/bin/../lib/gcc/arm-none-eabi/12.3.1/thumb/v7e-m+dp/hard/crti.o
                0x08008298                _init
 .init          0x0800829c        0x8 C:/ST/STM32CubeIDE_1.11.0/STM32CubeIDE/plugins/com.st.stm32cube.ide.mcu.externaltools.gnu-tools-for-stm32.12.3.rel1.win32_1.0.200.202406191623/tools/bin/../lib/gcc/arm-none-eabi/12.3.1/thumb/v7e-m+dp/hard/crtn.o
 *(.fini)
 .fini          0x080082a4        0x4 C:/ST/STM32CubeIDE_1.11.0/STM32CubeIDE/plugins/com.st.stm32cube.ide.mcu.externaltools.gnu-tools-for-stm32.12.3.rel1.win32_1.0.200.202406191623/tools/bin/../lib/gcc/arm-none-eabi/12.3.1/thumb/v7e-m+dp/hard/crti.o
                0x080082a4                _fini
 .fini          0x080082a8        0x8 C:/ST/STM32CubeIDE_1.11.0/STM32CubeIDE/plugins/com.st.stm32cube.ide.mcu.externaltools.gnu-tools-for-stm32.12.3.rel1.win32_1.0.200.202406191623/tools/bin/../lib/gcc/arm-none-eabi/12.3.1/thumb/v7e-m+dp/hard/crtn.o
                0x080082b0                        . = ALIGN (0x4)
                0x080082b0                        _etext = .

.vfp11_veneer   0x080082b0        0x0
 .vfp11_veneer  0x080082b0        0x0 linker stubs

.v4_bx          0x080082b0        0x0
 .v4_bx         0x080082b0        0x0 linker stubs

.iplt           0x080082b0        0x0
 .iplt          0x080082b0        0x0 C:/ST/STM32CubeIDE_1.11.0/STM32CubeIDE/plugins/com.st.stm32cube.ide.mcu.externaltools.gnu-tools-for-stm32.12.3.rel1.win32_1.0.200.202406191623/tools/bin/../lib/gcc/arm-none-eabi/12.3.1/thumb/v7e-m+dp/hard/crtbegin.o

.rodata         0x080082b0      0x1ac
                0x080082b0                        . = ALIGN (0x4)
 *(.rodata)
 .rodata        0x080082b0       0xea ./Core/Src/BootManager_FSM.o
 *fill*         0x0800839a        0x2 
 .rodata        0x0800839c        0x8 ../Middlewares/STM32_Cryptographic/lib\libSTM32Cryptographic_CM7.a(cmox_cmac_aesfast.c.o)
 .rodata        0x080083a4        0x4 ../Middlewares/STM32_Cryptographic/lib\libSTM32Cryptographic_CM7.a(cmox_cmac_aesfast.c.o)
                0x080083a4                CMOX_CMAC_AESFAST_ALGO
 .rodata        0x080083a8        0x8 ../Middlewares/STM32_Cryptographic/lib\libSTM32Cryptographic_CM7.a(cmox_init.c.o)
                0x080083a8                cmox_table
 .rodata        0x080083b0        0x8 ../Middlewares/STM32_Cryptographic/lib\libSTM32Cryptographic_CM7.a(cmox_aesfast_encrypt.c.o)
 .rodata        0x080083b8        0x4 ../Middlewares/STM32_Cryptographic/lib\libSTM32Cryptographic_CM7.a(cmox_aesfast_encrypt.c.o)
                0x080083b8                CMOX_AESFAST_ENCRYPT_VTABLE
 .rodata        0x080083bc        0x4 ../Middlewares/STM32_Cryptographic/lib\libSTM32Cryptographic_CM7.a(cmox_utils_compare.c.o)
                0x080083bc                cmox_utils_robustCmp_bt_bb
 .rodata        0x080083c0       0x28 ../Middlewares/STM32_Cryptographic/lib\libSTM32Cryptographic_CM7.a(cmox_aes_common.c.o)
 *(.rodata*)
 .rodata.D1CorePrescTable
                0x080083e8       0x10 ./Common/Src/system_stm32h7xx_dualcore_boot_cm4_cm7.o
                0x080083e8                D1CorePrescTable
 .rodata.LED_PIN
                0x080083f8        0x6 ./Drivers/BSP/STM32H7xx_Nucleo/stm32h7xx_nucleo.o
 *fill*         0x080083fe        0x2 
 .rodata.UARTPrescTable
                0x08008400       0x18 ./Drivers/STM32H7xx_HAL_Driver/stm32h7xx_hal_uart.o
                0x08008400                UARTPrescTable
 .rodata.numerator.1
                0x08008418        0x8 ./Drivers/STM32H7xx_HAL_Driver/stm32h7xx_hal_uart_ex.o
 .rodata.denominator.0
                0x08008420        0x8 ./Drivers/STM32H7xx_HAL_Driver/stm32h7xx_hal_uart_ex.o
 .rodata._svfprintf_r.str1.1
                0x08008428       0x11 C:/ST/STM32CubeIDE_1.11.0/STM32CubeIDE/plugins/com.st.stm32cube.ide.mcu.externaltools.gnu-tools-for-stm32.12.3.rel1.win32_1.0.200.202406191623/tools/bin/../lib/gcc/arm-none-eabi/12.3.1/../../../../arm-none-eabi/lib/thumb/v7e-m+dp/hard\libc_nano.a(libc_a-nano-svfprintf.o)
 .rodata._printf_i.str1.1
                0x08008439       0x22 C:/ST/STM32CubeIDE_1.11.0/STM32CubeIDE/plugins/com.st.stm32cube.ide.mcu.externaltools.gnu-tools-for-stm32.12.3.rel1.win32_1.0.200.202406191623/tools/bin/../lib/gcc/arm-none-eabi/12.3.1/../../../../arm-none-eabi/lib/thumb/v7e-m+dp/hard\libc_nano.a(libc_a-nano-vfprintf_i.o)
                0x0800845c                        . = ALIGN (0x4)
 *fill*         0x0800845b        0x1 

CMOX_CTA_PROTECTED_DATA
                0x0800845c      0x500
 CMOX_CTA_PROTECTED_DATA
                0x0800845c      0x400 ../Middlewares/STM32_Cryptographic/lib\libSTM32Cryptographic_CM7.a(cmox_aesfast_encrypt.c.o)
                0x0800845c                CMOX_AES_ENC_TABLE
 CMOX_CTA_PROTECTED_DATA
                0x0800885c      0x100 ../Middlewares/STM32_Cryptographic/lib\libSTM32Cryptographic_CM7.a(cmox_aes_common.c.o)
                0x0800885c                CMOX_AES_SBOX

.ARM.extab      0x0800895c        0x0
                0x0800895c                        . = ALIGN (0x4)
 *(.ARM.extab* .gnu.linkonce.armextab.*)
                0x0800895c                        . = ALIGN (0x4)

.ARM            0x0800895c        0x8
                0x0800895c                        . = ALIGN (0x4)
                0x0800895c                        __exidx_start = .
 *(.ARM.exidx*)
 .ARM.exidx     0x0800895c        0x8 C:/ST/STM32CubeIDE_1.11.0/STM32CubeIDE/plugins/com.st.stm32cube.ide.mcu.externaltools.gnu-tools-for-stm32.12.3.rel1.win32_1.0.200.202406191623/tools/bin/../lib/gcc/arm-none-eabi/12.3.1/../../../../arm-none-eabi/lib/thumb/v7e-m+dp/hard\libc_nano.a(libc_a-strlen.o)
 .ARM.exidx     0x08008964        0x0 C:/ST/STM32CubeIDE_1.11.0/STM32CubeIDE/plugins/com.st.stm32cube.ide.mcu.externaltools.gnu-tools-for-stm32.12.3.rel1.win32_1.0.200.202406191623/tools/bin/../lib/gcc/arm-none-eabi/12.3.1/../../../../arm-none-eabi/lib/thumb/v7e-m+dp/hard\libc_nano.a(libc_a-aeabi_memset-soft.o)
                                  0x8 (size before relaxing)
 .ARM.exidx     0x08008964        0x0 C:/ST/STM32CubeIDE_1.11.0/STM32CubeIDE/plugins/com.st.stm32cube.ide.mcu.externaltools.gnu-tools-for-stm32.12.3.rel1.win32_1.0.200.202406191623/tools/bin/../lib/gcc/arm-none-eabi/12.3.1/../../../../arm-none-eabi/lib/thumb/v7e-m+dp/hard\libc_nano.a(libc_a-memchr.o)
                                  0x8 (size before relaxing)
 .ARM.exidx     0x08008964        0x0 C:/ST/STM32CubeIDE_1.11.0/STM32CubeIDE/plugins/com.st.stm32cube.ide.mcu.externaltools.gnu-tools-for-stm32.12.3.rel1.win32_1.0.200.202406191623/tools/bin/../lib/gcc/arm-none-eabi/12.3.1/thumb/v7e-m+dp/hard\libgcc.a(_udivmoddi4.o)
                                  0x8 (size before relaxing)
                0x08008964                        __exidx_end = .
                0x08008964                        . = ALIGN (0x4)

.preinit_array  0x08008964        0x0
                0x08008964                        . = ALIGN (0x4)
                0x08008964                        PROVIDE (__preinit_array_start = .)
 *(.preinit_array*)
                0x08008964                        PROVIDE (__preinit_array_end = .)
                0x08008964                        . = ALIGN (0x4)

.init_array     0x08008964        0x4
                0x08008964                        . = ALIGN (0x4)
                0x08008964                        PROVIDE (__init_array_start = .)
 *(SORT_BY_NAME(.init_array.*))
 *(.init_array*)
 .init_array    0x08008964        0x4 C:/ST/STM32CubeIDE_1.11.0/STM32CubeIDE/plugins/com.st.stm32cube.ide.mcu.externaltools.gnu-tools-for-stm32.12.3.rel1.win32_1.0.200.202406191623/tools/bin/../lib/gcc/arm-none-eabi/12.3.1/thumb/v7e-m+dp/hard/crtbegin.o
                0x08008968                        PROVIDE (__init_array_end = .)
                0x08008968                        . = ALIGN (0x4)

.fini_array     0x08008968        0x4
                0x08008968                        . = ALIGN (0x4)
                [!provide]                        PROVIDE (__fini_array_start = .)
 *(SORT_BY_NAME(.fini_array.*))
 *(.fini_array*)
 .fini_array    0x08008968        0x4 C:/ST/STM32CubeIDE_1.11.0/STM32CubeIDE/plugins/com.st.stm32cube.ide.mcu.externaltools.gnu-tools-for-stm32.12.3.rel1.win32_1.0.200.202406191623/tools/bin/../lib/gcc/arm-none-eabi/12.3.1/thumb/v7e-m+dp/hard/crtbegin.o
                [!provide]                        PROVIDE (__fini_array_end = .)
                0x0800896c                        . = ALIGN (0x4)
                0x0800896c                        _sidata = LOADADDR (.data)

.rel.dyn        0x0800896c        0x0
 .rel.iplt      0x0800896c        0x0 C:/ST/STM32CubeIDE_1.11.0/STM32CubeIDE/plugins/com.st.stm32cube.ide.mcu.externaltools.gnu-tools-for-stm32.12.3.rel1.win32_1.0.200.202406191623/tools/bin/../lib/gcc/arm-none-eabi/12.3.1/thumb/v7e-m+dp/hard/crtbegin.o

.data           0x24000000       0x80 load address 0x0800896c
                0x24000000                        . = ALIGN (0x4)
                0x24000000                        _sdata = .
 *(.data)
 *(.data*)
 .data.SystemCoreClock
                0x24000000        0x4 ./Common/Src/system_stm32h7xx_dualcore_boot_cm4_cm7.o
                0x24000000                SystemCoreClock
 .data.SystemD2Clock
                0x24000004        0x4 ./Common/Src/system_stm32h7xx_dualcore_boot_cm4_cm7.o
                0x24000004                SystemD2Clock
 .data.VirtAddVarTab
                0x24000008        0x2 ./Core/Src/BootManager_FSM.o
                0x24000008                VirtAddVarTab
 *fill*         0x2400000a        0x2 
 .data.crypt_key
                0x2400000c       0x10 ./Core/Src/cmac_check.o
                0x2400000c                crypt_key
 .data.LED_PORT
                0x2400001c        0xc ./Drivers/BSP/STM32H7xx_Nucleo/stm32h7xx_nucleo.o
 .data.uwTickPrio
                0x24000028        0x4 ./Drivers/STM32H7xx_HAL_Driver/stm32h7xx_hal.o
                0x24000028                uwTickPrio
 .data.uwTickFreq
                0x2400002c        0x1 ./Drivers/STM32H7xx_HAL_Driver/stm32h7xx_hal.o
                0x2400002c                uwTickFreq
 *fill*         0x2400002d        0x3 
 .data._impure_ptr
                0x24000030        0x4 C:/ST/STM32CubeIDE_1.11.0/STM32CubeIDE/plugins/com.st.stm32cube.ide.mcu.externaltools.gnu-tools-for-stm32.12.3.rel1.win32_1.0.200.202406191623/tools/bin/../lib/gcc/arm-none-eabi/12.3.1/../../../../arm-none-eabi/lib/thumb/v7e-m+dp/hard\libc_nano.a(libc_a-impure.o)
                0x24000030                _impure_ptr
 .data._impure_data
                0x24000034       0x4c C:/ST/STM32CubeIDE_1.11.0/STM32CubeIDE/plugins/com.st.stm32cube.ide.mcu.externaltools.gnu-tools-for-stm32.12.3.rel1.win32_1.0.200.202406191623/tools/bin/../lib/gcc/arm-none-eabi/12.3.1/../../../../arm-none-eabi/lib/thumb/v7e-m+dp/hard\libc_nano.a(libc_a-impure.o)
                0x24000034                _impure_data
 *(.RamFunc)
 *(.RamFunc*)
                0x24000080                        . = ALIGN (0x4)
                0x24000080                        _edata = .

.igot.plt       0x24000080        0x0 load address 0x080089ec
 .igot.plt      0x24000080        0x0 C:/ST/STM32CubeIDE_1.11.0/STM32CubeIDE/plugins/com.st.stm32cube.ide.mcu.externaltools.gnu-tools-for-stm32.12.3.rel1.win32_1.0.200.202406191623/tools/bin/../lib/gcc/arm-none-eabi/12.3.1/thumb/v7e-m+dp/hard/crtbegin.o
                0x24000080                        . = ALIGN (0x4)

.bss            0x24000080      0x260 load address 0x080089ec
                0x24000080                        _sbss = .
                0x24000080                        __bss_start__ = _sbss
 *(.bss)
 .bss           0x24000080       0x1c C:/ST/STM32CubeIDE_1.11.0/STM32CubeIDE/plugins/com.st.stm32cube.ide.mcu.externaltools.gnu-tools-for-stm32.12.3.rel1.win32_1.0.200.202406191623/tools/bin/../lib/gcc/arm-none-eabi/12.3.1/thumb/v7e-m+dp/hard/crtbegin.o
 .bss           0x2400009c        0x1 ../Middlewares/STM32_Cryptographic/lib\libSTM32Cryptographic_CM7.a(cmox_init.c.o)
                0x2400009c                cmox_init_ctxi
 *(.bss*)
 .bss.State     0x2400009d        0x1 ./Core/Src/BootManager_FSM.o
                0x2400009d                State
 *fill*         0x2400009e        0x2 
 .bss.JumpToApplication
                0x240000a0        0x4 ./Core/Src/BootManager_FSM.o
                0x240000a0                JumpToApplication
 .bss.ProgrammingMode
                0x240000a4        0x4 ./Core/Src/BootManager_FSM.o
                0x240000a4                ProgrammingMode
 .bss.JumpAddress
                0x240000a8        0x4 ./Core/Src/BootManager_FSM.o
                0x240000a8                JumpAddress
 .bss.LoadAddress
                0x240000ac        0x4 ./Core/Src/BootManager_FSM.o
                0x240000ac                LoadAddress
 .bss.TargetAddress
                0x240000b0        0x4 ./Core/Src/BootManager_FSM.o
                0x240000b0                TargetAddress
 .bss.data      0x240000b4        0x4 ./Core/Src/BootManager_FSM.o
                0x240000b4                data
 .bss.DataVar   0x240000b8        0x2 ./Core/Src/eeprom.o
                0x240000b8                DataVar
 *fill*         0x240000ba        0x2 
 .bss.hcrc      0x240000bc       0x24 ./Core/Src/main.o
                0x240000bc                hcrc
 .bss.huart3    0x240000e0       0x94 ./Core/Src/main.o
                0x240000e0                huart3
 .bss.__sbrk_heap_end
                0x24000174        0x4 ./Core/Src/sysmem.o
 .bss.uwTick    0x24000178        0x4 ./Drivers/STM32H7xx_HAL_Driver/stm32h7xx_hal.o
                0x24000178                uwTick
 .bss.pFlash    0x2400017c       0x1c ./Drivers/STM32H7xx_HAL_Driver/stm32h7xx_hal_flash.o
                0x2400017c                pFlash
 .bss.__sf      0x24000198      0x138 C:/ST/STM32CubeIDE_1.11.0/STM32CubeIDE/plugins/com.st.stm32cube.ide.mcu.externaltools.gnu-tools-for-stm32.12.3.rel1.win32_1.0.200.202406191623/tools/bin/../lib/gcc/arm-none-eabi/12.3.1/../../../../arm-none-eabi/lib/thumb/v7e-m+dp/hard\libc_nano.a(libc_a-findfp.o)
                0x24000198                __sf
 .bss.errno     0x240002d0        0x4 C:/ST/STM32CubeIDE_1.11.0/STM32CubeIDE/plugins/com.st.stm32cube.ide.mcu.externaltools.gnu-tools-for-stm32.12.3.rel1.win32_1.0.200.202406191623/tools/bin/../lib/gcc/arm-none-eabi/12.3.1/../../../../arm-none-eabi/lib/thumb/v7e-m+dp/hard\libc_nano.a(libc_a-reent.o)
                0x240002d0                errno
 .bss.__lock___malloc_recursive_mutex
                0x240002d4        0x1 C:/ST/STM32CubeIDE_1.11.0/STM32CubeIDE/plugins/com.st.stm32cube.ide.mcu.externaltools.gnu-tools-for-stm32.12.3.rel1.win32_1.0.200.202406191623/tools/bin/../lib/gcc/arm-none-eabi/12.3.1/../../../../arm-none-eabi/lib/thumb/v7e-m+dp/hard\libc_nano.a(libc_a-lock.o)
                0x240002d4                __lock___malloc_recursive_mutex
 *fill*         0x240002d5        0x3 
 .bss.__malloc_sbrk_start
                0x240002d8        0x4 C:/ST/STM32CubeIDE_1.11.0/STM32CubeIDE/plugins/com.st.stm32cube.ide.mcu.externaltools.gnu-tools-for-stm32.12.3.rel1.win32_1.0.200.202406191623/tools/bin/../lib/gcc/arm-none-eabi/12.3.1/../../../../arm-none-eabi/lib/thumb/v7e-m+dp/hard\libc_nano.a(libc_a-mallocr.o)
                0x240002d8                __malloc_sbrk_start
 .bss.__malloc_free_list
                0x240002dc        0x4 C:/ST/STM32CubeIDE_1.11.0/STM32CubeIDE/plugins/com.st.stm32cube.ide.mcu.externaltools.gnu-tools-for-stm32.12.3.rel1.win32_1.0.200.202406191623/tools/bin/../lib/gcc/arm-none-eabi/12.3.1/../../../../arm-none-eabi/lib/thumb/v7e-m+dp/hard\libc_nano.a(libc_a-mallocr.o)
                0x240002dc                __malloc_free_list
 *(COMMON)
                0x240002e0                        . = ALIGN (0x4)
                0x240002e0                        _ebss = .
                0x240002e0                        __bss_end__ = _ebss

._user_heap_stack
                0x240002e0      0x600 load address 0x080089ec
                0x240002e0                        . = ALIGN (0x8)
                [!provide]                        PROVIDE (end = .)
                0x240002e0                        PROVIDE (_end = .)
                0x240004e0                        . = (. + _Min_Heap_Size)
 *fill*         0x240002e0      0x200 
                0x240008e0                        . = (. + _Min_Stack_Size)
 *fill*         0x240004e0      0x400 
                0x240008e0                        . = ALIGN (0x8)

/DISCARD/
 libc.a(*)
 libm.a(*)
 libgcc.a(*)

.ARM.attributes
                0x00000000       0x32
 *(.ARM.attributes)
 .ARM.attributes
                0x00000000       0x20 C:/ST/STM32CubeIDE_1.11.0/STM32CubeIDE/plugins/com.st.stm32cube.ide.mcu.externaltools.gnu-tools-for-stm32.12.3.rel1.win32_1.0.200.202406191623/tools/bin/../lib/gcc/arm-none-eabi/12.3.1/thumb/v7e-m+dp/hard/crti.o
 .ARM.attributes
                0x00000020       0x32 C:/ST/STM32CubeIDE_1.11.0/STM32CubeIDE/plugins/com.st.stm32cube.ide.mcu.externaltools.gnu-tools-for-stm32.12.3.rel1.win32_1.0.200.202406191623/tools/bin/../lib/gcc/arm-none-eabi/12.3.1/thumb/v7e-m+dp/hard/crtbegin.o
 .ARM.attributes
                0x00000052       0x32 ./Common/Src/system_stm32h7xx_dualcore_boot_cm4_cm7.o
 .ARM.attributes
                0x00000084       0x32 ./Core/Src/BootManager_FSM.o
 .ARM.attributes
                0x000000b6       0x32 ./Core/Src/cmac_check.o
 .ARM.attributes
                0x000000e8       0x32 ./Core/Src/cmox_low_level.o
 .ARM.attributes
                0x0000011a       0x32 ./Core/Src/eeprom.o
 .ARM.attributes
                0x0000014c       0x32 ./Core/Src/main.o
 .ARM.attributes
                0x0000017e       0x32 ./Core/Src/stm32h7xx_hal_msp.o
 .ARM.attributes
                0x000001b0       0x32 ./Core/Src/stm32h7xx_it.o
 .ARM.attributes
                0x000001e2       0x32 ./Core/Src/sysmem.o
 .ARM.attributes
                0x00000214       0x21 ./Core/Startup/startup_stm32h755zitx.o
 .ARM.attributes
                0x00000235       0x32 ./Drivers/BSP/STM32H7xx_Nucleo/stm32h7xx_nucleo.o
 .ARM.attributes
                0x00000267       0x32 ./Drivers/STM32H7xx_HAL_Driver/stm32h7xx_hal.o
 .ARM.attributes
                0x00000299       0x32 ./Drivers/STM32H7xx_HAL_Driver/stm32h7xx_hal_cortex.o
 .ARM.attributes
                0x000002cb       0x32 ./Drivers/STM32H7xx_HAL_Driver/stm32h7xx_hal_crc.o
 .ARM.attributes
                0x000002fd       0x32 ./Drivers/STM32H7xx_HAL_Driver/stm32h7xx_hal_crc_ex.o
 .ARM.attributes
                0x0000032f       0x32 ./Drivers/STM32H7xx_HAL_Driver/stm32h7xx_hal_flash.o
 .ARM.attributes
                0x00000361       0x32 ./Drivers/STM32H7xx_HAL_Driver/stm32h7xx_hal_flash_ex.o
 .ARM.attributes
                0x00000393       0x32 ./Drivers/STM32H7xx_HAL_Driver/stm32h7xx_hal_gpio.o
 .ARM.attributes
                0x000003c5       0x32 ./Drivers/STM32H7xx_HAL_Driver/stm32h7xx_hal_pwr_ex.o
 .ARM.attributes
                0x000003f7       0x32 ./Drivers/STM32H7xx_HAL_Driver/stm32h7xx_hal_rcc.o
 .ARM.attributes
                0x00000429       0x32 ./Drivers/STM32H7xx_HAL_Driver/stm32h7xx_hal_rcc_ex.o
 .ARM.attributes
                0x0000045b       0x32 ./Drivers/STM32H7xx_HAL_Driver/stm32h7xx_hal_uart.o
 .ARM.attributes
                0x0000048d       0x32 ./Drivers/STM32H7xx_HAL_Driver/stm32h7xx_hal_uart_ex.o
 .ARM.attributes
                0x000004bf       0x4e ../Middlewares/STM32_Cryptographic/lib\libSTM32Cryptographic_CM7.a(cmox_cmac_aesfast.c.o)
 .ARM.attributes
                0x0000050d       0x4e ../Middlewares/STM32_Cryptographic/lib\libSTM32Cryptographic_CM7.a(cmox_init.c.o)
 .ARM.attributes
                0x0000055b       0x50 ../Middlewares/STM32_Cryptographic/lib\libSTM32Cryptographic_CM7.a(cmox_mac.c.o)
 .ARM.attributes
                0x000005ab       0x4e ../Middlewares/STM32_Cryptographic/lib\libSTM32Cryptographic_CM7.a(cmox_aesfast_encrypt.c.o)
 .ARM.attributes
                0x000005f9       0x4e ../Middlewares/STM32_Cryptographic/lib\libSTM32Cryptographic_CM7.a(cmox_cmac.c.o)
 .ARM.attributes
                0x00000647       0x4e ../Middlewares/STM32_Cryptographic/lib\libSTM32Cryptographic_CM7.a(cmox_utils_compare.c.o)
 .ARM.attributes
                0x00000695       0x4e ../Middlewares/STM32_Cryptographic/lib\libSTM32Cryptographic_CM7.a(cmox_aes_common.c.o)
 .ARM.attributes
                0x000006e3       0x4e ../Middlewares/STM32_Cryptographic/lib\libSTM32Cryptographic_CM7.a(cmox_cipher_modes.c.o)
 .ARM.attributes
                0x00000731       0x50 ../Middlewares/STM32_Cryptographic/lib\libSTM32Cryptographic_CM7.a(cmox_cipher_utils.c.o)
 .ARM.attributes
                0x00000781       0x32 C:/ST/STM32CubeIDE_1.11.0/STM32CubeIDE/plugins/com.st.stm32cube.ide.mcu.externaltools.gnu-tools-for-stm32.12.3.rel1.win32_1.0.200.202406191623/tools/bin/../lib/gcc/arm-none-eabi/12.3.1/../../../../arm-none-eabi/lib/thumb/v7e-m+dp/hard\libc_nano.a(libc_a-findfp.o)
 .ARM.attributes
                0x000007b3       0x32 C:/ST/STM32CubeIDE_1.11.0/STM32CubeIDE/plugins/com.st.stm32cube.ide.mcu.externaltools.gnu-tools-for-stm32.12.3.rel1.win32_1.0.200.202406191623/tools/bin/../lib/gcc/arm-none-eabi/12.3.1/../../../../arm-none-eabi/lib/thumb/v7e-m+dp/hard\libc_nano.a(libc_a-vsprintf.o)
 .ARM.attributes
                0x000007e5       0x32 C:/ST/STM32CubeIDE_1.11.0/STM32CubeIDE/plugins/com.st.stm32cube.ide.mcu.externaltools.gnu-tools-for-stm32.12.3.rel1.win32_1.0.200.202406191623/tools/bin/../lib/gcc/arm-none-eabi/12.3.1/../../../../arm-none-eabi/lib/thumb/v7e-m+dp/hard\libc_nano.a(libc_a-memcmp.o)
 .ARM.attributes
                0x00000817       0x32 C:/ST/STM32CubeIDE_1.11.0/STM32CubeIDE/plugins/com.st.stm32cube.ide.mcu.externaltools.gnu-tools-for-stm32.12.3.rel1.win32_1.0.200.202406191623/tools/bin/../lib/gcc/arm-none-eabi/12.3.1/../../../../arm-none-eabi/lib/thumb/v7e-m+dp/hard\libc_nano.a(libc_a-memset.o)
 .ARM.attributes
                0x00000849       0x32 C:/ST/STM32CubeIDE_1.11.0/STM32CubeIDE/plugins/com.st.stm32cube.ide.mcu.externaltools.gnu-tools-for-stm32.12.3.rel1.win32_1.0.200.202406191623/tools/bin/../lib/gcc/arm-none-eabi/12.3.1/../../../../arm-none-eabi/lib/thumb/v7e-m+dp/hard\libc_nano.a(libc_a-reent.o)
 .ARM.attributes
                0x0000087b       0x32 C:/ST/STM32CubeIDE_1.11.0/STM32CubeIDE/plugins/com.st.stm32cube.ide.mcu.externaltools.gnu-tools-for-stm32.12.3.rel1.win32_1.0.200.202406191623/tools/bin/../lib/gcc/arm-none-eabi/12.3.1/../../../../arm-none-eabi/lib/thumb/v7e-m+dp/hard\libc_nano.a(libc_a-impure.o)
 .ARM.attributes
                0x000008ad       0x32 C:/ST/STM32CubeIDE_1.11.0/STM32CubeIDE/plugins/com.st.stm32cube.ide.mcu.externaltools.gnu-tools-for-stm32.12.3.rel1.win32_1.0.200.202406191623/tools/bin/../lib/gcc/arm-none-eabi/12.3.1/../../../../arm-none-eabi/lib/thumb/v7e-m+dp/hard\libc_nano.a(libc_a-errno.o)
 .ARM.attributes
                0x000008df       0x32 C:/ST/STM32CubeIDE_1.11.0/STM32CubeIDE/plugins/com.st.stm32cube.ide.mcu.externaltools.gnu-tools-for-stm32.12.3.rel1.win32_1.0.200.202406191623/tools/bin/../lib/gcc/arm-none-eabi/12.3.1/../../../../arm-none-eabi/lib/thumb/v7e-m+dp/hard\libc_nano.a(libc_a-init.o)
 .ARM.attributes
                0x00000911       0x32 C:/ST/STM32CubeIDE_1.11.0/STM32CubeIDE/plugins/com.st.stm32cube.ide.mcu.externaltools.gnu-tools-for-stm32.12.3.rel1.win32_1.0.200.202406191623/tools/bin/../lib/gcc/arm-none-eabi/12.3.1/../../../../arm-none-eabi/lib/thumb/v7e-m+dp/hard\libc_nano.a(libc_a-lock.o)
 .ARM.attributes
                0x00000943       0x32 C:/ST/STM32CubeIDE_1.11.0/STM32CubeIDE/plugins/com.st.stm32cube.ide.mcu.externaltools.gnu-tools-for-stm32.12.3.rel1.win32_1.0.200.202406191623/tools/bin/../lib/gcc/arm-none-eabi/12.3.1/../../../../arm-none-eabi/lib/thumb/v7e-m+dp/hard\libc_nano.a(libc_a-aeabi_memclr.o)
 .ARM.attributes
                0x00000975       0x32 C:/ST/STM32CubeIDE_1.11.0/STM32CubeIDE/plugins/com.st.stm32cube.ide.mcu.externaltools.gnu-tools-for-stm32.12.3.rel1.win32_1.0.200.202406191623/tools/bin/../lib/gcc/arm-none-eabi/12.3.1/../../../../arm-none-eabi/lib/thumb/v7e-m+dp/hard\libc_nano.a(libc_a-memcpy-stub.o)
 .ARM.attributes
                0x000009a7       0x17 C:/ST/STM32CubeIDE_1.11.0/STM32CubeIDE/plugins/com.st.stm32cube.ide.mcu.externaltools.gnu-tools-for-stm32.12.3.rel1.win32_1.0.200.202406191623/tools/bin/../lib/gcc/arm-none-eabi/12.3.1/../../../../arm-none-eabi/lib/thumb/v7e-m+dp/hard\libc_nano.a(libc_a-strlen.o)
 .ARM.attributes
                0x000009be       0x32 C:/ST/STM32CubeIDE_1.11.0/STM32CubeIDE/plugins/com.st.stm32cube.ide.mcu.externaltools.gnu-tools-for-stm32.12.3.rel1.win32_1.0.200.202406191623/tools/bin/../lib/gcc/arm-none-eabi/12.3.1/../../../../arm-none-eabi/lib/thumb/v7e-m+dp/hard\libc_nano.a(libc_a-freer.o)
 .ARM.attributes
                0x000009f0       0x32 C:/ST/STM32CubeIDE_1.11.0/STM32CubeIDE/plugins/com.st.stm32cube.ide.mcu.externaltools.gnu-tools-for-stm32.12.3.rel1.win32_1.0.200.202406191623/tools/bin/../lib/gcc/arm-none-eabi/12.3.1/../../../../arm-none-eabi/lib/thumb/v7e-m+dp/hard\libc_nano.a(libc_a-mallocr.o)
 .ARM.attributes
                0x00000a22       0x32 C:/ST/STM32CubeIDE_1.11.0/STM32CubeIDE/plugins/com.st.stm32cube.ide.mcu.externaltools.gnu-tools-for-stm32.12.3.rel1.win32_1.0.200.202406191623/tools/bin/../lib/gcc/arm-none-eabi/12.3.1/../../../../arm-none-eabi/lib/thumb/v7e-m+dp/hard\libc_nano.a(libc_a-mlock.o)
 .ARM.attributes
                0x00000a54       0x32 C:/ST/STM32CubeIDE_1.11.0/STM32CubeIDE/plugins/com.st.stm32cube.ide.mcu.externaltools.gnu-tools-for-stm32.12.3.rel1.win32_1.0.200.202406191623/tools/bin/../lib/gcc/arm-none-eabi/12.3.1/../../../../arm-none-eabi/lib/thumb/v7e-m+dp/hard\libc_nano.a(libc_a-nano-svfprintf.o)
 .ARM.attributes
                0x00000a86       0x32 C:/ST/STM32CubeIDE_1.11.0/STM32CubeIDE/plugins/com.st.stm32cube.ide.mcu.externaltools.gnu-tools-for-stm32.12.3.rel1.win32_1.0.200.202406191623/tools/bin/../lib/gcc/arm-none-eabi/12.3.1/../../../../arm-none-eabi/lib/thumb/v7e-m+dp/hard\libc_nano.a(libc_a-nano-vfprintf_i.o)
 .ARM.attributes
                0x00000ab8       0x32 C:/ST/STM32CubeIDE_1.11.0/STM32CubeIDE/plugins/com.st.stm32cube.ide.mcu.externaltools.gnu-tools-for-stm32.12.3.rel1.win32_1.0.200.202406191623/tools/bin/../lib/gcc/arm-none-eabi/12.3.1/../../../../arm-none-eabi/lib/thumb/v7e-m+dp/hard\libc_nano.a(libc_a-memmove.o)
 .ARM.attributes
                0x00000aea       0x32 C:/ST/STM32CubeIDE_1.11.0/STM32CubeIDE/plugins/com.st.stm32cube.ide.mcu.externaltools.gnu-tools-for-stm32.12.3.rel1.win32_1.0.200.202406191623/tools/bin/../lib/gcc/arm-none-eabi/12.3.1/../../../../arm-none-eabi/lib/thumb/v7e-m+dp/hard\libc_nano.a(libc_a-sbrkr.o)
 .ARM.attributes
                0x00000b1c       0x1e C:/ST/STM32CubeIDE_1.11.0/STM32CubeIDE/plugins/com.st.stm32cube.ide.mcu.externaltools.gnu-tools-for-stm32.12.3.rel1.win32_1.0.200.202406191623/tools/bin/../lib/gcc/arm-none-eabi/12.3.1/../../../../arm-none-eabi/lib/thumb/v7e-m+dp/hard\libc_nano.a(libc_a-aeabi_memset-soft.o)
 .ARM.attributes
                0x00000b3a       0x1c C:/ST/STM32CubeIDE_1.11.0/STM32CubeIDE/plugins/com.st.stm32cube.ide.mcu.externaltools.gnu-tools-for-stm32.12.3.rel1.win32_1.0.200.202406191623/tools/bin/../lib/gcc/arm-none-eabi/12.3.1/../../../../arm-none-eabi/lib/thumb/v7e-m+dp/hard\libc_nano.a(libc_a-memchr.o)
 .ARM.attributes
                0x00000b56       0x32 C:/ST/STM32CubeIDE_1.11.0/STM32CubeIDE/plugins/com.st.stm32cube.ide.mcu.externaltools.gnu-tools-for-stm32.12.3.rel1.win32_1.0.200.202406191623/tools/bin/../lib/gcc/arm-none-eabi/12.3.1/../../../../arm-none-eabi/lib/thumb/v7e-m+dp/hard\libc_nano.a(libc_a-reallocr.o)
 .ARM.attributes
                0x00000b88       0x32 C:/ST/STM32CubeIDE_1.11.0/STM32CubeIDE/plugins/com.st.stm32cube.ide.mcu.externaltools.gnu-tools-for-stm32.12.3.rel1.win32_1.0.200.202406191623/tools/bin/../lib/gcc/arm-none-eabi/12.3.1/../../../../arm-none-eabi/lib/thumb/v7e-m+dp/hard\libc_nano.a(libc_a-msizer.o)
 .ARM.attributes
                0x00000bba       0x20 C:/ST/STM32CubeIDE_1.11.0/STM32CubeIDE/plugins/com.st.stm32cube.ide.mcu.externaltools.gnu-tools-for-stm32.12.3.rel1.win32_1.0.200.202406191623/tools/bin/../lib/gcc/arm-none-eabi/12.3.1/thumb/v7e-m+dp/hard\libgcc.a(_aeabi_uldivmod.o)
 .ARM.attributes
                0x00000bda       0x32 C:/ST/STM32CubeIDE_1.11.0/STM32CubeIDE/plugins/com.st.stm32cube.ide.mcu.externaltools.gnu-tools-for-stm32.12.3.rel1.win32_1.0.200.202406191623/tools/bin/../lib/gcc/arm-none-eabi/12.3.1/thumb/v7e-m+dp/hard\libgcc.a(_udivmoddi4.o)
 .ARM.attributes
                0x00000c0c       0x20 C:/ST/STM32CubeIDE_1.11.0/STM32CubeIDE/plugins/com.st.stm32cube.ide.mcu.externaltools.gnu-tools-for-stm32.12.3.rel1.win32_1.0.200.202406191623/tools/bin/../lib/gcc/arm-none-eabi/12.3.1/thumb/v7e-m+dp/hard\libgcc.a(_dvmd_tls.o)
 .ARM.attributes
                0x00000c2c       0x20 C:/ST/STM32CubeIDE_1.11.0/STM32CubeIDE/plugins/com.st.stm32cube.ide.mcu.externaltools.gnu-tools-for-stm32.12.3.rel1.win32_1.0.200.202406191623/tools/bin/../lib/gcc/arm-none-eabi/12.3.1/thumb/v7e-m+dp/hard/crtn.o
OUTPUT(BootManager_CM7.elf elf32-littlearm)
LOAD linker stubs
LOAD C:/ST/STM32CubeIDE_1.11.0/STM32CubeIDE/plugins/com.st.stm32cube.ide.mcu.externaltools.gnu-tools-for-stm32.12.3.rel1.win32_1.0.200.202406191623/tools/bin/../lib/gcc/arm-none-eabi/12.3.1/../../../../arm-none-eabi/lib/thumb/v7e-m+dp/hard\libc.a
LOAD C:/ST/STM32CubeIDE_1.11.0/STM32CubeIDE/plugins/com.st.stm32cube.ide.mcu.externaltools.gnu-tools-for-stm32.12.3.rel1.win32_1.0.200.202406191623/tools/bin/../lib/gcc/arm-none-eabi/12.3.1/../../../../arm-none-eabi/lib/thumb/v7e-m+dp/hard\libm.a
LOAD C:/ST/STM32CubeIDE_1.11.0/STM32CubeIDE/plugins/com.st.stm32cube.ide.mcu.externaltools.gnu-tools-for-stm32.12.3.rel1.win32_1.0.200.202406191623/tools/bin/../lib/gcc/arm-none-eabi/12.3.1/thumb/v7e-m+dp/hard\libgcc.a

.debug_info     0x00000000    0x13e31
 .debug_info    0x00000000      0xdb0 ./Common/Src/system_stm32h7xx_dualcore_boot_cm4_cm7.o
 .debug_info    0x00000db0      0x6b2 ./Core/Src/BootManager_FSM.o
 .debug_info    0x00001462      0x296 ./Core/Src/cmac_check.o
 .debug_info    0x000016f8      0x4ad ./Core/Src/cmox_low_level.o
 .debug_info    0x00001ba5      0x84c ./Core/Src/eeprom.o
 .debug_info    0x000023f1     0x1418 ./Core/Src/main.o
 .debug_info    0x00003809     0x125b ./Core/Src/stm32h7xx_hal_msp.o
 .debug_info    0x00004a64      0x128 ./Core/Src/stm32h7xx_it.o
 .debug_info    0x00004b8c      0x168 ./Core/Src/sysmem.o
 .debug_info    0x00004cf4       0x30 ./Core/Startup/startup_stm32h755zitx.o
 .debug_info    0x00004d24      0xfc7 ./Drivers/BSP/STM32H7xx_Nucleo/stm32h7xx_nucleo.o
 .debug_info    0x00005ceb     0x177a ./Drivers/STM32H7xx_HAL_Driver/stm32h7xx_hal.o
 .debug_info    0x00007465     0x10d0 ./Drivers/STM32H7xx_HAL_Driver/stm32h7xx_hal_cortex.o
 .debug_info    0x00008535      0x528 ./Drivers/STM32H7xx_HAL_Driver/stm32h7xx_hal_crc.o
 .debug_info    0x00008a5d      0x33b ./Drivers/STM32H7xx_HAL_Driver/stm32h7xx_hal_crc_ex.o
 .debug_info    0x00008d98      0x83b ./Drivers/STM32H7xx_HAL_Driver/stm32h7xx_hal_flash.o
 .debug_info    0x000095d3      0xd2e ./Drivers/STM32H7xx_HAL_Driver/stm32h7xx_hal_flash_ex.o
 .debug_info    0x0000a301      0xcf7 ./Drivers/STM32H7xx_HAL_Driver/stm32h7xx_hal_gpio.o
 .debug_info    0x0000aff8     0x121b ./Drivers/STM32H7xx_HAL_Driver/stm32h7xx_hal_pwr_ex.o
 .debug_info    0x0000c213      0xe58 ./Drivers/STM32H7xx_HAL_Driver/stm32h7xx_hal_rcc.o
 .debug_info    0x0000d06b     0x12f4 ./Drivers/STM32H7xx_HAL_Driver/stm32h7xx_hal_rcc_ex.o
 .debug_info    0x0000e35f     0x4b13 ./Drivers/STM32H7xx_HAL_Driver/stm32h7xx_hal_uart.o
 .debug_info    0x00012e72      0xfbf ./Drivers/STM32H7xx_HAL_Driver/stm32h7xx_hal_uart_ex.o

.debug_abbrev   0x00000000     0x2f7e
 .debug_abbrev  0x00000000      0x14c ./Common/Src/system_stm32h7xx_dualcore_boot_cm4_cm7.o
 .debug_abbrev  0x0000014c      0x2bc ./Core/Src/BootManager_FSM.o
 .debug_abbrev  0x00000408      0x130 ./Core/Src/cmac_check.o
 .debug_abbrev  0x00000538      0x113 ./Core/Src/cmox_low_level.o
 .debug_abbrev  0x0000064b      0x21b ./Core/Src/eeprom.o
 .debug_abbrev  0x00000866      0x2d4 ./Core/Src/main.o
 .debug_abbrev  0x00000b3a      0x222 ./Core/Src/stm32h7xx_hal_msp.o
 .debug_abbrev  0x00000d5c       0x73 ./Core/Src/stm32h7xx_it.o
 .debug_abbrev  0x00000dcf       0xbc ./Core/Src/sysmem.o
 .debug_abbrev  0x00000e8b       0x24 ./Core/Startup/startup_stm32h755zitx.o
 .debug_abbrev  0x00000eaf      0x2d4 ./Drivers/BSP/STM32H7xx_Nucleo/stm32h7xx_nucleo.o
 .debug_abbrev  0x00001183      0x295 ./Drivers/STM32H7xx_HAL_Driver/stm32h7xx_hal.o
 .debug_abbrev  0x00001418      0x339 ./Drivers/STM32H7xx_HAL_Driver/stm32h7xx_hal_cortex.o
 .debug_abbrev  0x00001751      0x1ee ./Drivers/STM32H7xx_HAL_Driver/stm32h7xx_hal_crc.o
 .debug_abbrev  0x0000193f      0x151 ./Drivers/STM32H7xx_HAL_Driver/stm32h7xx_hal_crc_ex.o
 .debug_abbrev  0x00001a90      0x278 ./Drivers/STM32H7xx_HAL_Driver/stm32h7xx_hal_flash.o
 .debug_abbrev  0x00001d08      0x261 ./Drivers/STM32H7xx_HAL_Driver/stm32h7xx_hal_flash_ex.o
 .debug_abbrev  0x00001f69      0x1fe ./Drivers/STM32H7xx_HAL_Driver/stm32h7xx_hal_gpio.o
 .debug_abbrev  0x00002167      0x2d7 ./Drivers/STM32H7xx_HAL_Driver/stm32h7xx_hal_pwr_ex.o
 .debug_abbrev  0x0000243e      0x2c8 ./Drivers/STM32H7xx_HAL_Driver/stm32h7xx_hal_rcc.o
 .debug_abbrev  0x00002706      0x269 ./Drivers/STM32H7xx_HAL_Driver/stm32h7xx_hal_rcc_ex.o
 .debug_abbrev  0x0000296f      0x33d ./Drivers/STM32H7xx_HAL_Driver/stm32h7xx_hal_uart.o
 .debug_abbrev  0x00002cac      0x2d2 ./Drivers/STM32H7xx_HAL_Driver/stm32h7xx_hal_uart_ex.o

.debug_aranges  0x00000000      0xe90
 .debug_aranges
                0x00000000       0x28 ./Common/Src/system_stm32h7xx_dualcore_boot_cm4_cm7.o
 .debug_aranges
                0x00000028       0x70 ./Core/Src/BootManager_FSM.o
 .debug_aranges
                0x00000098       0x28 ./Core/Src/cmac_check.o
 .debug_aranges
                0x000000c0       0x28 ./Core/Src/cmox_low_level.o
 .debug_aranges
                0x000000e8       0x58 ./Core/Src/eeprom.o
 .debug_aranges
                0x00000140       0x58 ./Core/Src/main.o
 .debug_aranges
                0x00000198       0x40 ./Core/Src/stm32h7xx_hal_msp.o
 .debug_aranges
                0x000001d8       0x60 ./Core/Src/stm32h7xx_it.o
 .debug_aranges
                0x00000238       0x20 ./Core/Src/sysmem.o
 .debug_aranges
                0x00000258       0x28 ./Core/Startup/startup_stm32h755zitx.o
 .debug_aranges
                0x00000280       0x80 ./Drivers/BSP/STM32H7xx_Nucleo/stm32h7xx_nucleo.o
 .debug_aranges
                0x00000300      0x200 ./Drivers/STM32H7xx_HAL_Driver/stm32h7xx_hal.o
 .debug_aranges
                0x00000500      0x130 ./Drivers/STM32H7xx_HAL_Driver/stm32h7xx_hal_cortex.o
 .debug_aranges
                0x00000630       0x60 ./Drivers/STM32H7xx_HAL_Driver/stm32h7xx_hal_crc.o
 .debug_aranges
                0x00000690       0x30 ./Drivers/STM32H7xx_HAL_Driver/stm32h7xx_hal_crc_ex.o
 .debug_aranges
                0x000006c0       0x88 ./Drivers/STM32H7xx_HAL_Driver/stm32h7xx_hal_flash.o
 .debug_aranges
                0x00000748      0x108 ./Drivers/STM32H7xx_HAL_Driver/stm32h7xx_hal_flash_ex.o
 .debug_aranges
                0x00000850       0x58 ./Drivers/STM32H7xx_HAL_Driver/stm32h7xx_hal_gpio.o
 .debug_aranges
                0x000008a8      0x170 ./Drivers/STM32H7xx_HAL_Driver/stm32h7xx_hal_pwr_ex.o
 .debug_aranges
                0x00000a18       0x88 ./Drivers/STM32H7xx_HAL_Driver/stm32h7xx_hal_rcc.o
 .debug_aranges
                0x00000aa0      0x100 ./Drivers/STM32H7xx_HAL_Driver/stm32h7xx_hal_rcc_ex.o
 .debug_aranges
                0x00000ba0      0x248 ./Drivers/STM32H7xx_HAL_Driver/stm32h7xx_hal_uart.o
 .debug_aranges
                0x00000de8       0xa8 ./Drivers/STM32H7xx_HAL_Driver/stm32h7xx_hal_uart_ex.o

.debug_rnglists
                0x00000000      0xb0f
 .debug_rnglists
                0x00000000       0x1b ./Common/Src/system_stm32h7xx_dualcore_boot_cm4_cm7.o
 .debug_rnglists
                0x0000001b       0x53 ./Core/Src/BootManager_FSM.o
 .debug_rnglists
                0x0000006e       0x19 ./Core/Src/cmac_check.o
 .debug_rnglists
                0x00000087       0x19 ./Core/Src/cmox_low_level.o
 .debug_rnglists
                0x000000a0       0x43 ./Core/Src/eeprom.o
 .debug_rnglists
                0x000000e3       0x40 ./Core/Src/main.o
 .debug_rnglists
                0x00000123       0x2c ./Core/Src/stm32h7xx_hal_msp.o
 .debug_rnglists
                0x0000014f       0x43 ./Core/Src/stm32h7xx_it.o
 .debug_rnglists
                0x00000192       0x13 ./Core/Src/sysmem.o
 .debug_rnglists
                0x000001a5       0x19 ./Core/Startup/startup_stm32h755zitx.o
 .debug_rnglists
                0x000001be       0x5d ./Drivers/BSP/STM32H7xx_Nucleo/stm32h7xx_nucleo.o
 .debug_rnglists
                0x0000021b      0x180 ./Drivers/STM32H7xx_HAL_Driver/stm32h7xx_hal.o
 .debug_rnglists
                0x0000039b       0xe0 ./Drivers/STM32H7xx_HAL_Driver/stm32h7xx_hal_cortex.o
 .debug_rnglists
                0x0000047b       0x47 ./Drivers/STM32H7xx_HAL_Driver/stm32h7xx_hal_crc.o
 .debug_rnglists
                0x000004c2       0x20 ./Drivers/STM32H7xx_HAL_Driver/stm32h7xx_hal_crc_ex.o
 .debug_rnglists
                0x000004e2       0x66 ./Drivers/STM32H7xx_HAL_Driver/stm32h7xx_hal_flash.o
 .debug_rnglists
                0x00000548       0xca ./Drivers/STM32H7xx_HAL_Driver/stm32h7xx_hal_flash_ex.o
 .debug_rnglists
                0x00000612       0x3f ./Drivers/STM32H7xx_HAL_Driver/stm32h7xx_hal_gpio.o
 .debug_rnglists
                0x00000651      0x117 ./Drivers/STM32H7xx_HAL_Driver/stm32h7xx_hal_pwr_ex.o
 .debug_rnglists
                0x00000768       0x68 ./Drivers/STM32H7xx_HAL_Driver/stm32h7xx_hal_rcc.o
 .debug_rnglists
                0x000007d0       0xc6 ./Drivers/STM32H7xx_HAL_Driver/stm32h7xx_hal_rcc_ex.o
 .debug_rnglists
                0x00000896      0x1fa ./Drivers/STM32H7xx_HAL_Driver/stm32h7xx_hal_uart.o
 .debug_rnglists
                0x00000a90       0x7f ./Drivers/STM32H7xx_HAL_Driver/stm32h7xx_hal_uart_ex.o

.debug_macro    0x00000000    0x3cd73
 .debug_macro   0x00000000      0x2a8 ./Common/Src/system_stm32h7xx_dualcore_boot_cm4_cm7.o
 .debug_macro   0x000002a8      0xad8 ./Common/Src/system_stm32h7xx_dualcore_boot_cm4_cm7.o
 .debug_macro   0x00000d80       0x2e ./Common/Src/system_stm32h7xx_dualcore_boot_cm4_cm7.o
 .debug_macro   0x00000dae       0x49 ./Common/Src/system_stm32h7xx_dualcore_boot_cm4_cm7.o
 .debug_macro   0x00000df7       0x22 ./Common/Src/system_stm32h7xx_dualcore_boot_cm4_cm7.o
 .debug_macro   0x00000e19       0x8e ./Common/Src/system_stm32h7xx_dualcore_boot_cm4_cm7.o
 .debug_macro   0x00000ea7       0x51 ./Common/Src/system_stm32h7xx_dualcore_boot_cm4_cm7.o
 .debug_macro   0x00000ef8      0x103 ./Common/Src/system_stm32h7xx_dualcore_boot_cm4_cm7.o
 .debug_macro   0x00000ffb       0x6a ./Common/Src/system_stm32h7xx_dualcore_boot_cm4_cm7.o
 .debug_macro   0x00001065      0x1df ./Common/Src/system_stm32h7xx_dualcore_boot_cm4_cm7.o
 .debug_macro   0x00001244       0x1c ./Common/Src/system_stm32h7xx_dualcore_boot_cm4_cm7.o
 .debug_macro   0x00001260       0x22 ./Common/Src/system_stm32h7xx_dualcore_boot_cm4_cm7.o
 .debug_macro   0x00001282       0xfb ./Common/Src/system_stm32h7xx_dualcore_boot_cm4_cm7.o
 .debug_macro   0x0000137d     0x1305 ./Common/Src/system_stm32h7xx_dualcore_boot_cm4_cm7.o
 .debug_macro   0x00002682      0x11f ./Common/Src/system_stm32h7xx_dualcore_boot_cm4_cm7.o
 .debug_macro   0x000027a1       0x27 ./Common/Src/system_stm32h7xx_dualcore_boot_cm4_cm7.o
 .debug_macro   0x000027c8    0x273f2 ./Common/Src/system_stm32h7xx_dualcore_boot_cm4_cm7.o
 .debug_macro   0x00029bba       0x6d ./Common/Src/system_stm32h7xx_dualcore_boot_cm4_cm7.o
 .debug_macro   0x00029c27      0x238 ./Common/Src/system_stm32h7xx_dualcore_boot_cm4_cm7.o
 .debug_macro   0x00029e5f     0x3d79 ./Common/Src/system_stm32h7xx_dualcore_boot_cm4_cm7.o
 .debug_macro   0x0002dbd8      0x189 ./Common/Src/system_stm32h7xx_dualcore_boot_cm4_cm7.o
 .debug_macro   0x0002dd61       0x61 ./Common/Src/system_stm32h7xx_dualcore_boot_cm4_cm7.o
 .debug_macro   0x0002ddc2       0x29 ./Common/Src/system_stm32h7xx_dualcore_boot_cm4_cm7.o
 .debug_macro   0x0002ddeb       0x43 ./Common/Src/system_stm32h7xx_dualcore_boot_cm4_cm7.o
 .debug_macro   0x0002de2e       0x34 ./Common/Src/system_stm32h7xx_dualcore_boot_cm4_cm7.o
 .debug_macro   0x0002de62       0x16 ./Common/Src/system_stm32h7xx_dualcore_boot_cm4_cm7.o
 .debug_macro   0x0002de78       0x43 ./Common/Src/system_stm32h7xx_dualcore_boot_cm4_cm7.o
 .debug_macro   0x0002debb       0x34 ./Common/Src/system_stm32h7xx_dualcore_boot_cm4_cm7.o
 .debug_macro   0x0002deef       0x10 ./Common/Src/system_stm32h7xx_dualcore_boot_cm4_cm7.o
 .debug_macro   0x0002deff       0x58 ./Common/Src/system_stm32h7xx_dualcore_boot_cm4_cm7.o
 .debug_macro   0x0002df57       0x8e ./Common/Src/system_stm32h7xx_dualcore_boot_cm4_cm7.o
 .debug_macro   0x0002dfe5       0x1c ./Common/Src/system_stm32h7xx_dualcore_boot_cm4_cm7.o
 .debug_macro   0x0002e001      0x177 ./Common/Src/system_stm32h7xx_dualcore_boot_cm4_cm7.o
 .debug_macro   0x0002e178      0x369 ./Common/Src/system_stm32h7xx_dualcore_boot_cm4_cm7.o
 .debug_macro   0x0002e4e1      0x19b ./Common/Src/system_stm32h7xx_dualcore_boot_cm4_cm7.o
 .debug_macro   0x0002e67c       0x5d ./Common/Src/system_stm32h7xx_dualcore_boot_cm4_cm7.o
 .debug_macro   0x0002e6d9     0x3b99 ./Common/Src/system_stm32h7xx_dualcore_boot_cm4_cm7.o
 .debug_macro   0x00032272     0x1072 ./Common/Src/system_stm32h7xx_dualcore_boot_cm4_cm7.o
 .debug_macro   0x000332e4      0x154 ./Common/Src/system_stm32h7xx_dualcore_boot_cm4_cm7.o
 .debug_macro   0x00033438      0x130 ./Common/Src/system_stm32h7xx_dualcore_boot_cm4_cm7.o
 .debug_macro   0x00033568      0x3c2 ./Common/Src/system_stm32h7xx_dualcore_boot_cm4_cm7.o
 .debug_macro   0x0003392a       0xac ./Common/Src/system_stm32h7xx_dualcore_boot_cm4_cm7.o
 .debug_macro   0x000339d6      0x72d ./Common/Src/system_stm32h7xx_dualcore_boot_cm4_cm7.o
 .debug_macro   0x00034103      0x228 ./Common/Src/system_stm32h7xx_dualcore_boot_cm4_cm7.o
 .debug_macro   0x0003432b       0x66 ./Common/Src/system_stm32h7xx_dualcore_boot_cm4_cm7.o
 .debug_macro   0x00034391      0x3bb ./Common/Src/system_stm32h7xx_dualcore_boot_cm4_cm7.o
 .debug_macro   0x0003474c      0x407 ./Common/Src/system_stm32h7xx_dualcore_boot_cm4_cm7.o
 .debug_macro   0x00034b53      0x27c ./Common/Src/system_stm32h7xx_dualcore_boot_cm4_cm7.o
 .debug_macro   0x00034dcf       0xc7 ./Common/Src/system_stm32h7xx_dualcore_boot_cm4_cm7.o
 .debug_macro   0x00034e96       0x4c ./Common/Src/system_stm32h7xx_dualcore_boot_cm4_cm7.o
 .debug_macro   0x00034ee2      0x3ca ./Common/Src/system_stm32h7xx_dualcore_boot_cm4_cm7.o
 .debug_macro   0x000352ac      0x4a2 ./Common/Src/system_stm32h7xx_dualcore_boot_cm4_cm7.o
 .debug_macro   0x0003574e       0x51 ./Common/Src/system_stm32h7xx_dualcore_boot_cm4_cm7.o
 .debug_macro   0x0003579f       0x4a ./Common/Src/system_stm32h7xx_dualcore_boot_cm4_cm7.o
 .debug_macro   0x000357e9      0x22c ./Common/Src/system_stm32h7xx_dualcore_boot_cm4_cm7.o
 .debug_macro   0x00035a15       0x67 ./Common/Src/system_stm32h7xx_dualcore_boot_cm4_cm7.o
 .debug_macro   0x00035a7c       0xa5 ./Common/Src/system_stm32h7xx_dualcore_boot_cm4_cm7.o
 .debug_macro   0x00035b21      0x218 ./Common/Src/system_stm32h7xx_dualcore_boot_cm4_cm7.o
 .debug_macro   0x00035d39      0x2ea ./Common/Src/system_stm32h7xx_dualcore_boot_cm4_cm7.o
 .debug_macro   0x00036023       0x35 ./Common/Src/system_stm32h7xx_dualcore_boot_cm4_cm7.o
 .debug_macro   0x00036058      0x693 ./Common/Src/system_stm32h7xx_dualcore_boot_cm4_cm7.o
 .debug_macro   0x000366eb       0xa6 ./Common/Src/system_stm32h7xx_dualcore_boot_cm4_cm7.o
 .debug_macro   0x00036791      0x798 ./Common/Src/system_stm32h7xx_dualcore_boot_cm4_cm7.o
 .debug_macro   0x00036f29      0x607 ./Core/Src/BootManager_FSM.o
 .debug_macro   0x00037530       0x58 ./Core/Src/BootManager_FSM.o
 .debug_macro   0x00037588       0x2e ./Core/Src/BootManager_FSM.o
 .debug_macro   0x000375b6       0x52 ./Core/Src/BootManager_FSM.o
 .debug_macro   0x00037608       0xc7 ./Core/Src/BootManager_FSM.o
 .debug_macro   0x000376cf       0x16 ./Core/Src/BootManager_FSM.o
 .debug_macro   0x000376e5       0x35 ./Core/Src/BootManager_FSM.o
 .debug_macro   0x0003771a       0x20 ./Core/Src/BootManager_FSM.o
 .debug_macro   0x0003773a       0x58 ./Core/Src/BootManager_FSM.o
 .debug_macro   0x00037792       0x1c ./Core/Src/BootManager_FSM.o
 .debug_macro   0x000377ae       0x1c ./Core/Src/BootManager_FSM.o
 .debug_macro   0x000377ca       0x16 ./Core/Src/BootManager_FSM.o
 .debug_macro   0x000377e0      0x146 ./Core/Src/BootManager_FSM.o
 .debug_macro   0x00037926       0xfa ./Core/Src/BootManager_FSM.o
 .debug_macro   0x00037a20       0x10 ./Core/Src/BootManager_FSM.o
 .debug_macro   0x00037a30       0x28 ./Core/Src/BootManager_FSM.o
 .debug_macro   0x00037a58       0x10 ./Core/Src/BootManager_FSM.o
 .debug_macro   0x00037a68       0x10 ./Core/Src/BootManager_FSM.o
 .debug_macro   0x00037a78       0x10 ./Core/Src/BootManager_FSM.o
 .debug_macro   0x00037a88       0x1c ./Core/Src/BootManager_FSM.o
 .debug_macro   0x00037aa4       0x10 ./Core/Src/BootManager_FSM.o
 .debug_macro   0x00037ab4       0x1c ./Core/Src/BootManager_FSM.o
 .debug_macro   0x00037ad0       0x10 ./Core/Src/BootManager_FSM.o
 .debug_macro   0x00037ae0       0x3a ./Core/Src/BootManager_FSM.o
 .debug_macro   0x00037b1a       0x16 ./Core/Src/BootManager_FSM.o
 .debug_macro   0x00037b30       0x28 ./Core/Src/BootManager_FSM.o
 .debug_macro   0x00037b58       0xf6 ./Core/Src/BootManager_FSM.o
 .debug_macro   0x00037c4e      0x110 ./Core/Src/BootManager_FSM.o
 .debug_macro   0x00037d5e       0x10 ./Core/Src/BootManager_FSM.o
 .debug_macro   0x00037d6e       0x2e ./Core/Src/BootManager_FSM.o
 .debug_macro   0x00037d9c       0x16 ./Core/Src/BootManager_FSM.o
 .debug_macro   0x00037db2       0x16 ./Core/Src/BootManager_FSM.o
 .debug_macro   0x00037dc8       0x29 ./Core/Src/BootManager_FSM.o
 .debug_macro   0x00037df1       0x52 ./Core/Src/BootManager_FSM.o
 .debug_macro   0x00037e43       0x16 ./Core/Src/BootManager_FSM.o
 .debug_macro   0x00037e59       0x4c ./Core/Src/BootManager_FSM.o
 .debug_macro   0x00037ea5      0x2b0 ./Core/Src/BootManager_FSM.o
 .debug_macro   0x00038155       0x4c ./Core/Src/BootManager_FSM.o
 .debug_macro   0x000381a1       0x94 ./Core/Src/BootManager_FSM.o
 .debug_macro   0x00038235       0xbe ./Core/Src/BootManager_FSM.o
 .debug_macro   0x000382f3       0x4c ./Core/Src/BootManager_FSM.o
 .debug_macro   0x0003833f      0x5ff ./Core/Src/cmac_check.o
 .debug_macro   0x0003893e      0x2f5 ./Core/Src/cmox_low_level.o
 .debug_macro   0x00038c33      0x11c ./Core/Src/cmox_low_level.o
 .debug_macro   0x00038d4f       0x94 ./Core/Src/cmox_low_level.o
 .debug_macro   0x00038de3       0x8e ./Core/Src/cmox_low_level.o
 .debug_macro   0x00038e71      0x5ff ./Core/Src/eeprom.o
 .debug_macro   0x00039470      0x601 ./Core/Src/main.o
 .debug_macro   0x00039a71      0x5f5 ./Core/Src/stm32h7xx_hal_msp.o
 .debug_macro   0x0003a066      0x5ff ./Core/Src/stm32h7xx_it.o
 .debug_macro   0x0003a665       0xff ./Core/Src/sysmem.o
 .debug_macro   0x0003a764      0x23c ./Core/Src/sysmem.o
 .debug_macro   0x0003a9a0      0x2cf ./Drivers/BSP/STM32H7xx_Nucleo/stm32h7xx_nucleo.o
 .debug_macro   0x0003ac6f       0x28 ./Drivers/BSP/STM32H7xx_Nucleo/stm32h7xx_nucleo.o
 .debug_macro   0x0003ac97      0x2d2 ./Drivers/STM32H7xx_HAL_Driver/stm32h7xx_hal.o
 .debug_macro   0x0003af69      0x2a8 ./Drivers/STM32H7xx_HAL_Driver/stm32h7xx_hal_cortex.o
 .debug_macro   0x0003b211      0x2a8 ./Drivers/STM32H7xx_HAL_Driver/stm32h7xx_hal_crc.o
 .debug_macro   0x0003b4b9      0x2a8 ./Drivers/STM32H7xx_HAL_Driver/stm32h7xx_hal_crc_ex.o
 .debug_macro   0x0003b761      0x2ae ./Drivers/STM32H7xx_HAL_Driver/stm32h7xx_hal_flash.o
 .debug_macro   0x0003ba0f      0x2ae ./Drivers/STM32H7xx_HAL_Driver/stm32h7xx_hal_flash_ex.o
 .debug_macro   0x0003bcbd      0x2bc ./Drivers/STM32H7xx_HAL_Driver/stm32h7xx_hal_gpio.o
 .debug_macro   0x0003bf79      0x2e1 ./Drivers/STM32H7xx_HAL_Driver/stm32h7xx_hal_pwr_ex.o
 .debug_macro   0x0003c25a      0x2cc ./Drivers/STM32H7xx_HAL_Driver/stm32h7xx_hal_rcc.o
 .debug_macro   0x0003c526      0x2c6 ./Drivers/STM32H7xx_HAL_Driver/stm32h7xx_hal_rcc_ex.o
 .debug_macro   0x0003c7ec      0x2d3 ./Drivers/STM32H7xx_HAL_Driver/stm32h7xx_hal_uart.o
 .debug_macro   0x0003cabf      0x2b4 ./Drivers/STM32H7xx_HAL_Driver/stm32h7xx_hal_uart_ex.o

.debug_line     0x00000000    0x182bc
 .debug_line    0x00000000      0xaf1 ./Common/Src/system_stm32h7xx_dualcore_boot_cm4_cm7.o