20:47:03 **** Build of configuration Debug for project BootManager_CM7 ****
make -j8 all 
arm-none-eabi-gcc "D:/ST_WorkSpace/Project/BootManager/Drivers/STM32H7xx_HAL_Driver/Src/stm32h7xx_hal.c" -mcpu=cortex-m7 -std=gnu11 -g3 -DDEBUG -DCORE_CM7 -DUSE_HAL_DRIVER -DSTM32H755xx -DUSE_NUCLEO_64 -c -I../Middlewares/STM32_Cryptographic/include/ecc -I../Middlewares/STM32_Cryptographic/include/hash -I../Middlewares/STM32_Cryptographic/include/mac -I../Middlewares/STM32_Cryptographic/include/rsa -I../Middlewares/STM32_Cryptographic/include/utils -I../Core/Inc -I../Middlewares/STM32_Cryptographic/include -I../Middlewares/STM32_Cryptographic/include/cipher -I../Middlewares/STM32_Cryptographic/include/drbg -I../../Drivers/STM32H7xx_HAL_Driver/Inc -I../../Drivers/STM32H7xx_HAL_Driver/Inc/Legacy -I../../Drivers/CMSIS/Device/ST/STM32H7xx/Include -I../../Drivers/CMSIS/Include -I../../Drivers/BSP/STM32H7xx_Nucleo -O0 -ffunction-sections -fdata-sections -Wall -fstack-usage -fcyclomatic-complexity -MMD -MP -MF"Drivers/STM32H7xx_HAL_Driver/stm32h7xx_hal.d" -MT"Drivers/STM32H7xx_HAL_Driver/stm32h7xx_hal.o" --specs=nano.specs -mfpu=fpv5-d16 -mfloat-abi=hard -mthumb -o "Drivers/STM32H7xx_HAL_Driver/stm32h7xx_hal.o"
arm-none-eabi-gcc "D:/ST_WorkSpace/Project/BootManager/Drivers/STM32H7xx_HAL_Driver/Src/stm32h7xx_hal_cortex.c" -mcpu=cortex-m7 -std=gnu11 -g3 -DDEBUG -DCORE_CM7 -DUSE_HAL_DRIVER -DSTM32H755xx -DUSE_NUCLEO_64 -c -I../Middlewares/STM32_Cryptographic/include/ecc -I../Middlewares/STM32_Cryptographic/include/hash -I../Middlewares/STM32_Cryptographic/include/mac -I../Middlewares/STM32_Cryptographic/include/rsa -I../Middlewares/STM32_Cryptographic/include/utils -I../Core/Inc -I../Middlewares/STM32_Cryptographic/include -I../Middlewares/STM32_Cryptographic/include/cipher -I../Middlewares/STM32_Cryptographic/include/drbg -I../../Drivers/STM32H7xx_HAL_Driver/Inc -I../../Drivers/STM32H7xx_HAL_Driver/Inc/Legacy -I../../Drivers/CMSIS/Device/ST/STM32H7xx/Include -I../../Drivers/CMSIS/Include -I../../Drivers/BSP/STM32H7xx_Nucleo -O0 -ffunction-sections -fdata-sections -Wall -fstack-usage -fcyclomatic-complexity -MMD -MP -MF"Drivers/STM32H7xx_HAL_Driver/stm32h7xx_hal_cortex.d" -MT"Drivers/STM32H7xx_HAL_Driver/stm32h7xx_hal_cortex.o" --specs=nano.specs -mfpu=fpv5-d16 -mfloat-abi=hard -mthumb -o "Drivers/STM32H7xx_HAL_Driver/stm32h7xx_hal_cortex.o"
arm-none-eabi-gcc "D:/ST_WorkSpace/Project/BootManager/Drivers/STM32H7xx_HAL_Driver/Src/stm32h7xx_hal_crc.c" -mcpu=cortex-m7 -std=gnu11 -g3 -DDEBUG -DCORE_CM7 -DUSE_HAL_DRIVER -DSTM32H755xx -DUSE_NUCLEO_64 -c -I../Middlewares/STM32_Cryptographic/include/ecc -I../Middlewares/STM32_Cryptographic/include/hash -I../Middlewares/STM32_Cryptographic/include/mac -I../Middlewares/STM32_Cryptographic/include/rsa -I../Middlewares/STM32_Cryptographic/include/utils -I../Core/Inc -I../Middlewares/STM32_Cryptographic/include -I../Middlewares/STM32_Cryptographic/include/cipher -I../Middlewares/STM32_Cryptographic/include/drbg -I../../Drivers/STM32H7xx_HAL_Driver/Inc -I../../Drivers/STM32H7xx_HAL_Driver/Inc/Legacy -I../../Drivers/CMSIS/Device/ST/STM32H7xx/Include -I../../Drivers/CMSIS/Include -I../../Drivers/BSP/STM32H7xx_Nucleo -O0 -ffunction-sections -fdata-sections -Wall -fstack-usage -fcyclomatic-complexity -MMD -MP -MF"Drivers/STM32H7xx_HAL_Driver/stm32h7xx_hal_crc.d" -MT"Drivers/STM32H7xx_HAL_Driver/stm32h7xx_hal_crc.o" --specs=nano.specs -mfpu=fpv5-d16 -mfloat-abi=hard -mthumb -o "Drivers/STM32H7xx_HAL_Driver/stm32h7xx_hal_crc.o"
arm-none-eabi-gcc "D:/ST_WorkSpace/Project/BootManager/Drivers/STM32H7xx_HAL_Driver/Src/stm32h7xx_hal_crc_ex.c" -mcpu=cortex-m7 -std=gnu11 -g3 -DDEBUG -DCORE_CM7 -DUSE_HAL_DRIVER -DSTM32H755xx -DUSE_NUCLEO_64 -c -I../Middlewares/STM32_Cryptographic/include/ecc -I../Middlewares/STM32_Cryptographic/include/hash -I../Middlewares/STM32_Cryptographic/include/mac -I../Middlewares/STM32_Cryptographic/include/rsa -I../Middlewares/STM32_Cryptographic/include/utils -I../Core/Inc -I../Middlewares/STM32_Cryptographic/include -I../Middlewares/STM32_Cryptographic/include/cipher -I../Middlewares/STM32_Cryptographic/include/drbg -I../../Drivers/STM32H7xx_HAL_Driver/Inc -I../../Drivers/STM32H7xx_HAL_Driver/Inc/Legacy -I../../Drivers/CMSIS/Device/ST/STM32H7xx/Include -I../../Drivers/CMSIS/Include -I../../Drivers/BSP/STM32H7xx_Nucleo -O0 -ffunction-sections -fdata-sections -Wall -fstack-usage -fcyclomatic-complexity -MMD -MP -MF"Drivers/STM32H7xx_HAL_Driver/stm32h7xx_hal_crc_ex.d" -MT"Drivers/STM32H7xx_HAL_Driver/stm32h7xx_hal_crc_ex.o" --specs=nano.specs -mfpu=fpv5-d16 -mfloat-abi=hard -mthumb -o "Drivers/STM32H7xx_HAL_Driver/stm32h7xx_hal_crc_ex.o"
arm-none-eabi-gcc "D:/ST_WorkSpace/Project/BootManager/Drivers/STM32H7xx_HAL_Driver/Src/stm32h7xx_hal_dma.c" -mcpu=cortex-m7 -std=gnu11 -g3 -DDEBUG -DCORE_CM7 -DUSE_HAL_DRIVER -DSTM32H755xx -DUSE_NUCLEO_64 -c -I../Middlewares/STM32_Cryptographic/include/ecc -I../Middlewares/STM32_Cryptographic/include/hash -I../Middlewares/STM32_Cryptographic/include/mac -I../Middlewares/STM32_Cryptographic/include/rsa -I../Middlewares/STM32_Cryptographic/include/utils -I../Core/Inc -I../Middlewares/STM32_Cryptographic/include -I../Middlewares/STM32_Cryptographic/include/cipher -I../Middlewares/STM32_Cryptographic/include/drbg -I../../Drivers/STM32H7xx_HAL_Driver/Inc -I../../Drivers/STM32H7xx_HAL_Driver/Inc/Legacy -I../../Drivers/CMSIS/Device/ST/STM32H7xx/Include -I../../Drivers/CMSIS/Include -I../../Drivers/BSP/STM32H7xx_Nucleo -O0 -ffunction-sections -fdata-sections -Wall -fstack-usage -fcyclomatic-complexity -MMD -MP -MF"Drivers/STM32H7xx_HAL_Driver/stm32h7xx_hal_dma.d" -MT"Drivers/STM32H7xx_HAL_Driver/stm32h7xx_hal_dma.o" --specs=nano.specs -mfpu=fpv5-d16 -mfloat-abi=hard -mthumb -o "Drivers/STM32H7xx_HAL_Driver/stm32h7xx_hal_dma.o"
arm-none-eabi-gcc "D:/ST_WorkSpace/Project/BootManager/Drivers/STM32H7xx_HAL_Driver/Src/stm32h7xx_hal_dma_ex.c" -mcpu=cortex-m7 -std=gnu11 -g3 -DDEBUG -DCORE_CM7 -DUSE_HAL_DRIVER -DSTM32H755xx -DUSE_NUCLEO_64 -c -I../Middlewares/STM32_Cryptographic/include/ecc -I../Middlewares/STM32_Cryptographic/include/hash -I../Middlewares/STM32_Cryptographic/include/mac -I../Middlewares/STM32_Cryptographic/include/rsa -I../Middlewares/STM32_Cryptographic/include/utils -I../Core/Inc -I../Middlewares/STM32_Cryptographic/include -I../Middlewares/STM32_Cryptographic/include/cipher -I../Middlewares/STM32_Cryptographic/include/drbg -I../../Drivers/STM32H7xx_HAL_Driver/Inc -I../../Drivers/STM32H7xx_HAL_Driver/Inc/Legacy -I../../Drivers/CMSIS/Device/ST/STM32H7xx/Include -I../../Drivers/CMSIS/Include -I../../Drivers/BSP/STM32H7xx_Nucleo -O0 -ffunction-sections -fdata-sections -Wall -fstack-usage -fcyclomatic-complexity -MMD -MP -MF"Drivers/STM32H7xx_HAL_Driver/stm32h7xx_hal_dma_ex.d" -MT"Drivers/STM32H7xx_HAL_Driver/stm32h7xx_hal_dma_ex.o" --specs=nano.specs -mfpu=fpv5-d16 -mfloat-abi=hard -mthumb -o "Drivers/STM32H7xx_HAL_Driver/stm32h7xx_hal_dma_ex.o"
arm-none-eabi-gcc "D:/ST_WorkSpace/Project/BootManager/Drivers/STM32H7xx_HAL_Driver/Src/stm32h7xx_hal_exti.c" -mcpu=cortex-m7 -std=gnu11 -g3 -DDEBUG -DCORE_CM7 -DUSE_HAL_DRIVER -DSTM32H755xx -DUSE_NUCLEO_64 -c -I../Middlewares/STM32_Cryptographic/include/ecc -I../Middlewares/STM32_Cryptographic/include/hash -I../Middlewares/STM32_Cryptographic/include/mac -I../Middlewares/STM32_Cryptographic/include/rsa -I../Middlewares/STM32_Cryptographic/include/utils -I../Core/Inc -I../Middlewares/STM32_Cryptographic/include -I../Middlewares/STM32_Cryptographic/include/cipher -I../Middlewares/STM32_Cryptographic/include/drbg -I../../Drivers/STM32H7xx_HAL_Driver/Inc -I../../Drivers/STM32H7xx_HAL_Driver/Inc/Legacy -I../../Drivers/CMSIS/Device/ST/STM32H7xx/Include -I../../Drivers/CMSIS/Include -I../../Drivers/BSP/STM32H7xx_Nucleo -O0 -ffunction-sections -fdata-sections -Wall -fstack-usage -fcyclomatic-complexity -MMD -MP -MF"Drivers/STM32H7xx_HAL_Driver/stm32h7xx_hal_exti.d" -MT"Drivers/STM32H7xx_HAL_Driver/stm32h7xx_hal_exti.o" --specs=nano.specs -mfpu=fpv5-d16 -mfloat-abi=hard -mthumb -o "Drivers/STM32H7xx_HAL_Driver/stm32h7xx_hal_exti.o"
arm-none-eabi-gcc "D:/ST_WorkSpace/Project/BootManager/Drivers/STM32H7xx_HAL_Driver/Src/stm32h7xx_hal_flash.c" -mcpu=cortex-m7 -std=gnu11 -g3 -DDEBUG -DCORE_CM7 -DUSE_HAL_DRIVER -DSTM32H755xx -DUSE_NUCLEO_64 -c -I../Middlewares/STM32_Cryptographic/include/ecc -I../Middlewares/STM32_Cryptographic/include/hash -I../Middlewares/STM32_Cryptographic/include/mac -I../Middlewares/STM32_Cryptographic/include/rsa -I../Middlewares/STM32_Cryptographic/include/utils -I../Core/Inc -I../Middlewares/STM32_Cryptographic/include -I../Middlewares/STM32_Cryptographic/include/cipher -I../Middlewares/STM32_Cryptographic/include/drbg -I../../Drivers/STM32H7xx_HAL_Driver/Inc -I../../Drivers/STM32H7xx_HAL_Driver/Inc/Legacy -I../../Drivers/CMSIS/Device/ST/STM32H7xx/Include -I../../Drivers/CMSIS/Include -I../../Drivers/BSP/STM32H7xx_Nucleo -O0 -ffunction-sections -fdata-sections -Wall -fstack-usage -fcyclomatic-complexity -MMD -MP -MF"Drivers/STM32H7xx_HAL_Driver/stm32h7xx_hal_flash.d" -MT"Drivers/STM32H7xx_HAL_Driver/stm32h7xx_hal_flash.o" --specs=nano.specs -mfpu=fpv5-d16 -mfloat-abi=hard -mthumb -o "Drivers/STM32H7xx_HAL_Driver/stm32h7xx_hal_flash.o"
arm-none-eabi-gcc "D:/ST_WorkSpace/Project/BootManager/Drivers/STM32H7xx_HAL_Driver/Src/stm32h7xx_hal_flash_ex.c" -mcpu=cortex-m7 -std=gnu11 -g3 -DDEBUG -DCORE_CM7 -DUSE_HAL_DRIVER -DSTM32H755xx -DUSE_NUCLEO_64 -c -I../Middlewares/STM32_Cryptographic/include/ecc -I../Middlewares/STM32_Cryptographic/include/hash -I../Middlewares/STM32_Cryptographic/include/mac -I../Middlewares/STM32_Cryptographic/include/rsa -I../Middlewares/STM32_Cryptographic/include/utils -I../Core/Inc -I../Middlewares/STM32_Cryptographic/include -I../Middlewares/STM32_Cryptographic/include/cipher -I../Middlewares/STM32_Cryptographic/include/drbg -I../../Drivers/STM32H7xx_HAL_Driver/Inc -I../../Drivers/STM32H7xx_HAL_Driver/Inc/Legacy -I../../Drivers/CMSIS/Device/ST/STM32H7xx/Include -I../../Drivers/CMSIS/Include -I../../Drivers/BSP/STM32H7xx_Nucleo -O0 -ffunction-sections -fdata-sections -Wall -fstack-usage -fcyclomatic-complexity -MMD -MP -MF"Drivers/STM32H7xx_HAL_Driver/stm32h7xx_hal_flash_ex.d" -MT"Drivers/STM32H7xx_HAL_Driver/stm32h7xx_hal_flash_ex.o" --specs=nano.specs -mfpu=fpv5-d16 -mfloat-abi=hard -mthumb -o "Drivers/STM32H7xx_HAL_Driver/stm32h7xx_hal_flash_ex.o"
arm-none-eabi-gcc "D:/ST_WorkSpace/Project/BootManager/Drivers/STM32H7xx_HAL_Driver/Src/stm32h7xx_hal_gpio.c" -mcpu=cortex-m7 -std=gnu11 -g3 -DDEBUG -DCORE_CM7 -DUSE_HAL_DRIVER -DSTM32H755xx -DUSE_NUCLEO_64 -c -I../Middlewares/STM32_Cryptographic/include/ecc -I../Middlewares/STM32_Cryptographic/include/hash -I../Middlewares/STM32_Cryptographic/include/mac -I../Middlewares/STM32_Cryptographic/include/rsa -I../Middlewares/STM32_Cryptographic/include/utils -I../Core/Inc -I../Middlewares/STM32_Cryptographic/include -I../Middlewares/STM32_Cryptographic/include/cipher -I../Middlewares/STM32_Cryptographic/include/drbg -I../../Drivers/STM32H7xx_HAL_Driver/Inc -I../../Drivers/STM32H7xx_HAL_Driver/Inc/Legacy -I../../Drivers/CMSIS/Device/ST/STM32H7xx/Include -I../../Drivers/CMSIS/Include -I../../Drivers/BSP/STM32H7xx_Nucleo -O0 -ffunction-sections -fdata-sections -Wall -fstack-usage -fcyclomatic-complexity -MMD -MP -MF"Drivers/STM32H7xx_HAL_Driver/stm32h7xx_hal_gpio.d" -MT"Drivers/STM32H7xx_HAL_Driver/stm32h7xx_hal_gpio.o" --specs=nano.specs -mfpu=fpv5-d16 -mfloat-abi=hard -mthumb -o "Drivers/STM32H7xx_HAL_Driver/stm32h7xx_hal_gpio.o"
arm-none-eabi-gcc "D:/ST_WorkSpace/Project/BootManager/Drivers/STM32H7xx_HAL_Driver/Src/stm32h7xx_hal_hsem.c" -mcpu=cortex-m7 -std=gnu11 -g3 -DDEBUG -DCORE_CM7 -DUSE_HAL_DRIVER -DSTM32H755xx -DUSE_NUCLEO_64 -c -I../Middlewares/STM32_Cryptographic/include/ecc -I../Middlewares/STM32_Cryptographic/include/hash -I../Middlewares/STM32_Cryptographic/include/mac -I../Middlewares/STM32_Cryptographic/include/rsa -I../Middlewares/STM32_Cryptographic/include/utils -I../Core/Inc -I../Middlewares/STM32_Cryptographic/include -I../Middlewares/STM32_Cryptographic/include/cipher -I../Middlewares/STM32_Cryptographic/include/drbg -I../../Drivers/STM32H7xx_HAL_Driver/Inc -I../../Drivers/STM32H7xx_HAL_Driver/Inc/Legacy -I../../Drivers/CMSIS/Device/ST/STM32H7xx/Include -I../../Drivers/CMSIS/Include -I../../Drivers/BSP/STM32H7xx_Nucleo -O0 -ffunction-sections -fdata-sections -Wall -fstack-usage -fcyclomatic-complexity -MMD -MP -MF"Drivers/STM32H7xx_HAL_Driver/stm32h7xx_hal_hsem.d" -MT"Drivers/STM32H7xx_HAL_Driver/stm32h7xx_hal_hsem.o" --specs=nano.specs -mfpu=fpv5-d16 -mfloat-abi=hard -mthumb -o "Drivers/STM32H7xx_HAL_Driver/stm32h7xx_hal_hsem.o"
arm-none-eabi-gcc "D:/ST_WorkSpace/Project/BootManager/Drivers/STM32H7xx_HAL_Driver/Src/stm32h7xx_hal_i2c.c" -mcpu=cortex-m7 -std=gnu11 -g3 -DDEBUG -DCORE_CM7 -DUSE_HAL_DRIVER -DSTM32H755xx -DUSE_NUCLEO_64 -c -I../Middlewares/STM32_Cryptographic/include/ecc -I../Middlewares/STM32_Cryptographic/include/hash -I../Middlewares/STM32_Cryptographic/include/mac -I../Middlewares/STM32_Cryptographic/include/rsa -I../Middlewares/STM32_Cryptographic/include/utils -I../Core/Inc -I../Middlewares/STM32_Cryptographic/include -I../Middlewares/STM32_Cryptographic/include/cipher -I../Middlewares/STM32_Cryptographic/include/drbg -I../../Drivers/STM32H7xx_HAL_Driver/Inc -I../../Drivers/STM32H7xx_HAL_Driver/Inc/Legacy -I../../Drivers/CMSIS/Device/ST/STM32H7xx/Include -I../../Drivers/CMSIS/Include -I../../Drivers/BSP/STM32H7xx_Nucleo -O0 -ffunction-sections -fdata-sections -Wall -fstack-usage -fcyclomatic-complexity -MMD -MP -MF"Drivers/STM32H7xx_HAL_Driver/stm32h7xx_hal_i2c.d" -MT"Drivers/STM32H7xx_HAL_Driver/stm32h7xx_hal_i2c.o" --specs=nano.specs -mfpu=fpv5-d16 -mfloat-abi=hard -mthumb -o "Drivers/STM32H7xx_HAL_Driver/stm32h7xx_hal_i2c.o"
arm-none-eabi-gcc "D:/ST_WorkSpace/Project/BootManager/Drivers/STM32H7xx_HAL_Driver/Src/stm32h7xx_hal_i2c_ex.c" -mcpu=cortex-m7 -std=gnu11 -g3 -DDEBUG -DCORE_CM7 -DUSE_HAL_DRIVER -DSTM32H755xx -DUSE_NUCLEO_64 -c -I../Middlewares/STM32_Cryptographic/include/ecc -I../Middlewares/STM32_Cryptographic/include/hash -I../Middlewares/STM32_Cryptographic/include/mac -I../Middlewares/STM32_Cryptographic/include/rsa -I../Middlewares/STM32_Cryptographic/include/utils -I../Core/Inc -I../Middlewares/STM32_Cryptographic/include -I../Middlewares/STM32_Cryptographic/include/cipher -I../Middlewares/STM32_Cryptographic/include/drbg -I../../Drivers/STM32H7xx_HAL_Driver/Inc -I../../Drivers/STM32H7xx_HAL_Driver/Inc/Legacy -I../../Drivers/CMSIS/Device/ST/STM32H7xx/Include -I../../Drivers/CMSIS/Include -I../../Drivers/BSP/STM32H7xx_Nucleo -O0 -ffunction-sections -fdata-sections -Wall -fstack-usage -fcyclomatic-complexity -MMD -MP -MF"Drivers/STM32H7xx_HAL_Driver/stm32h7xx_hal_i2c_ex.d" -MT"Drivers/STM32H7xx_HAL_Driver/stm32h7xx_hal_i2c_ex.o" --specs=nano.specs -mfpu=fpv5-d16 -mfloat-abi=hard -mthumb -o "Drivers/STM32H7xx_HAL_Driver/stm32h7xx_hal_i2c_ex.o"
arm-none-eabi-gcc "D:/ST_WorkSpace/Project/BootManager/Drivers/STM32H7xx_HAL_Driver/Src/stm32h7xx_hal_mdma.c" -mcpu=cortex-m7 -std=gnu11 -g3 -DDEBUG -DCORE_CM7 -DUSE_HAL_DRIVER -DSTM32H755xx -DUSE_NUCLEO_64 -c -I../Middlewares/STM32_Cryptographic/include/ecc -I../Middlewares/STM32_Cryptographic/include/hash -I../Middlewares/STM32_Cryptographic/include/mac -I../Middlewares/STM32_Cryptographic/include/rsa -I../Middlewares/STM32_Cryptographic/include/utils -I../Core/Inc -I../Middlewares/STM32_Cryptographic/include -I../Middlewares/STM32_Cryptographic/include/cipher -I../Middlewares/STM32_Cryptographic/include/drbg -I../../Drivers/STM32H7xx_HAL_Driver/Inc -I../../Drivers/STM32H7xx_HAL_Driver/Inc/Legacy -I../../Drivers/CMSIS/Device/ST/STM32H7xx/Include -I../../Drivers/CMSIS/Include -I../../Drivers/BSP/STM32H7xx_Nucleo -O0 -ffunction-sections -fdata-sections -Wall -fstack-usage -fcyclomatic-complexity -MMD -MP -MF"Drivers/STM32H7xx_HAL_Driver/stm32h7xx_hal_mdma.d" -MT"Drivers/STM32H7xx_HAL_Driver/stm32h7xx_hal_mdma.o" --specs=nano.specs -mfpu=fpv5-d16 -mfloat-abi=hard -mthumb -o "Drivers/STM32H7xx_HAL_Driver/stm32h7xx_hal_mdma.o"
arm-none-eabi-gcc "D:/ST_WorkSpace/Project/BootManager/Drivers/STM32H7xx_HAL_Driver/Src/stm32h7xx_hal_pwr.c" -mcpu=cortex-m7 -std=gnu11 -g3 -DDEBUG -DCORE_CM7 -DUSE_HAL_DRIVER -DSTM32H755xx -DUSE_NUCLEO_64 -c -I../Middlewares/STM32_Cryptographic/include/ecc -I../Middlewares/STM32_Cryptographic/include/hash -I../Middlewares/STM32_Cryptographic/include/mac -I../Middlewares/STM32_Cryptographic/include/rsa -I../Middlewares/STM32_Cryptographic/include/utils -I../Core/Inc -I../Middlewares/STM32_Cryptographic/include -I../Middlewares/STM32_Cryptographic/include/cipher -I../Middlewares/STM32_Cryptographic/include/drbg -I../../Drivers/STM32H7xx_HAL_Driver/Inc -I../../Drivers/STM32H7xx_HAL_Driver/Inc/Legacy -I../../Drivers/CMSIS/Device/ST/STM32H7xx/Include -I../../Drivers/CMSIS/Include -I../../Drivers/BSP/STM32H7xx_Nucleo -O0 -ffunction-sections -fdata-sections -Wall -fstack-usage -fcyclomatic-complexity -MMD -MP -MF"Drivers/STM32H7xx_HAL_Driver/stm32h7xx_hal_pwr.d" -MT"Drivers/STM32H7xx_HAL_Driver/stm32h7xx_hal_pwr.o" --specs=nano.specs -mfpu=fpv5-d16 -mfloat-abi=hard -mthumb -o "Drivers/STM32H7xx_HAL_Driver/stm32h7xx_hal_pwr.o"
arm-none-eabi-gcc "D:/ST_WorkSpace/Project/BootManager/Drivers/STM32H7xx_HAL_Driver/Src/stm32h7xx_hal_pwr_ex.c" -mcpu=cortex-m7 -std=gnu11 -g3 -DDEBUG -DCORE_CM7 -DUSE_HAL_DRIVER -DSTM32H755xx -DUSE_NUCLEO_64 -c -I../Middlewares/STM32_Cryptographic/include/ecc -I../Middlewares/STM32_Cryptographic/include/hash -I../Middlewares/STM32_Cryptographic/include/mac -I../Middlewares/STM32_Cryptographic/include/rsa -I../Middlewares/STM32_Cryptographic/include/utils -I../Core/Inc -I../Middlewares/STM32_Cryptographic/include -I../Middlewares/STM32_Cryptographic/include/cipher -I../Middlewares/STM32_Cryptographic/include/drbg -I../../Drivers/STM32H7xx_HAL_Driver/Inc -I../../Drivers/STM32H7xx_HAL_Driver/Inc/Legacy -I../../Drivers/CMSIS/Device/ST/STM32H7xx/Include -I../../Drivers/CMSIS/Include -I../../Drivers/BSP/STM32H7xx_Nucleo -O0 -ffunction-sections -fdata-sections -Wall -fstack-usage -fcyclomatic-complexity -MMD -MP -MF"Drivers/STM32H7xx_HAL_Driver/stm32h7xx_hal_pwr_ex.d" -MT"Drivers/STM32H7xx_HAL_Driver/stm32h7xx_hal_pwr_ex.o" --specs=nano.specs -mfpu=fpv5-d16 -mfloat-abi=hard -mthumb -o "Drivers/STM32H7xx_HAL_Driver/stm32h7xx_hal_pwr_ex.o"
arm-none-eabi-gcc "D:/ST_WorkSpace/Project/BootManager/Drivers/STM32H7xx_HAL_Driver/Src/stm32h7xx_hal_rcc.c" -mcpu=cortex-m7 -std=gnu11 -g3 -DDEBUG -DCORE_CM7 -DUSE_HAL_DRIVER -DSTM32H755xx -DUSE_NUCLEO_64 -c -I../Middlewares/STM32_Cryptographic/include/ecc -I../Middlewares/STM32_Cryptographic/include/hash -I../Middlewares/STM32_Cryptographic/include/mac -I../Middlewares/STM32_Cryptographic/include/rsa -I../Middlewares/STM32_Cryptographic/include/utils -I../Core/Inc -I../Middlewares/STM32_Cryptographic/include -I../Middlewares/STM32_Cryptographic/include/cipher -I../Middlewares/STM32_Cryptographic/include/drbg -I../../Drivers/STM32H7xx_HAL_Driver/Inc -I../../Drivers/STM32H7xx_HAL_Driver/Inc/Legacy -I../../Drivers/CMSIS/Device/ST/STM32H7xx/Include -I../../Drivers/CMSIS/Include -I../../Drivers/BSP/STM32H7xx_Nucleo -O0 -ffunction-sections -fdata-sections -Wall -fstack-usage -fcyclomatic-complexity -MMD -MP -MF"Drivers/STM32H7xx_HAL_Driver/stm32h7xx_hal_rcc.d" -MT"Drivers/STM32H7xx_HAL_Driver/stm32h7xx_hal_rcc.o" --specs=nano.specs -mfpu=fpv5-d16 -mfloat-abi=hard -mthumb -o "Drivers/STM32H7xx_HAL_Driver/stm32h7xx_hal_rcc.o"
arm-none-eabi-gcc "D:/ST_WorkSpace/Project/BootManager/Drivers/STM32H7xx_HAL_Driver/Src/stm32h7xx_hal_rcc_ex.c" -mcpu=cortex-m7 -std=gnu11 -g3 -DDEBUG -DCORE_CM7 -DUSE_HAL_DRIVER -DSTM32H755xx -DUSE_NUCLEO_64 -c -I../Middlewares/STM32_Cryptographic/include/ecc -I../Middlewares/STM32_Cryptographic/include/hash -I../Middlewares/STM32_Cryptographic/include/mac -I../Middlewares/STM32_Cryptographic/include/rsa -I../Middlewares/STM32_Cryptographic/include/utils -I../Core/Inc -I../Middlewares/STM32_Cryptographic/include -I../Middlewares/STM32_Cryptographic/include/cipher -I../Middlewares/STM32_Cryptographic/include/drbg -I../../Drivers/STM32H7xx_HAL_Driver/Inc -I../../Drivers/STM32H7xx_HAL_Driver/Inc/Legacy -I../../Drivers/CMSIS/Device/ST/STM32H7xx/Include -I../../Drivers/CMSIS/Include -I../../Drivers/BSP/STM32H7xx_Nucleo -O0 -ffunction-sections -fdata-sections -Wall -fstack-usage -fcyclomatic-complexity -MMD -MP -MF"Drivers/STM32H7xx_HAL_Driver/stm32h7xx_hal_rcc_ex.d" -MT"Drivers/STM32H7xx_HAL_Driver/stm32h7xx_hal_rcc_ex.o" --specs=nano.specs -mfpu=fpv5-d16 -mfloat-abi=hard -mthumb -o "Drivers/STM32H7xx_HAL_Driver/stm32h7xx_hal_rcc_ex.o"
arm-none-eabi-gcc "D:/ST_WorkSpace/Project/BootManager/Drivers/STM32H7xx_HAL_Driver/Src/stm32h7xx_hal_tim.c" -mcpu=cortex-m7 -std=gnu11 -g3 -DDEBUG -DCORE_CM7 -DUSE_HAL_DRIVER -DSTM32H755xx -DUSE_NUCLEO_64 -c -I../Middlewares/STM32_Cryptographic/include/ecc -I../Middlewares/STM32_Cryptographic/include/hash -I../Middlewares/STM32_Cryptographic/include/mac -I../Middlewares/STM32_Cryptographic/include/rsa -I../Middlewares/STM32_Cryptographic/include/utils -I../Core/Inc -I../Middlewares/STM32_Cryptographic/include -I../Middlewares/STM32_Cryptographic/include/cipher -I../Middlewares/STM32_Cryptographic/include/drbg -I../../Drivers/STM32H7xx_HAL_Driver/Inc -I../../Drivers/STM32H7xx_HAL_Driver/Inc/Legacy -I../../Drivers/CMSIS/Device/ST/STM32H7xx/Include -I../../Drivers/CMSIS/Include -I../../Drivers/BSP/STM32H7xx_Nucleo -O0 -ffunction-sections -fdata-sections -Wall -fstack-usage -fcyclomatic-complexity -MMD -MP -MF"Drivers/STM32H7xx_HAL_Driver/stm32h7xx_hal_tim.d" -MT"Drivers/STM32H7xx_HAL_Driver/stm32h7xx_hal_tim.o" --specs=nano.specs -mfpu=fpv5-d16 -mfloat-abi=hard -mthumb -o "Drivers/STM32H7xx_HAL_Driver/stm32h7xx_hal_tim.o"
arm-none-eabi-gcc "D:/ST_WorkSpace/Project/BootManager/Drivers/STM32H7xx_HAL_Driver/Src/stm32h7xx_hal_tim_ex.c" -mcpu=cortex-m7 -std=gnu11 -g3 -DDEBUG -DCORE_CM7 -DUSE_HAL_DRIVER -DSTM32H755xx -DUSE_NUCLEO_64 -c -I../Middlewares/STM32_Cryptographic/include/ecc -I../Middlewares/STM32_Cryptographic/include/hash -I../Middlewares/STM32_Cryptographic/include/mac -I../Middlewares/STM32_Cryptographic/include/rsa -I../Middlewares/STM32_Cryptographic/include/utils -I../Core/Inc -I../Middlewares/STM32_Cryptographic/include -I../Middlewares/STM32_Cryptographic/include/cipher -I../Middlewares/STM32_Cryptographic/include/drbg -I../../Drivers/STM32H7xx_HAL_Driver/Inc -I../../Drivers/STM32H7xx_HAL_Driver/Inc/Legacy -I../../Drivers/CMSIS/Device/ST/STM32H7xx/Include -I../../Drivers/CMSIS/Include -I../../Drivers/BSP/STM32H7xx_Nucleo -O0 -ffunction-sections -fdata-sections -Wall -fstack-usage -fcyclomatic-complexity -MMD -MP -MF"Drivers/STM32H7xx_HAL_Driver/stm32h7xx_hal_tim_ex.d" -MT"Drivers/STM32H7xx_HAL_Driver/stm32h7xx_hal_tim_ex.o" --specs=nano.specs -mfpu=fpv5-d16 -mfloat-abi=hard -mthumb -o "Drivers/STM32H7xx_HAL_Driver/stm32h7xx_hal_tim_ex.o"
arm-none-eabi-gcc "D:/ST_WorkSpace/Project/BootManager/Drivers/STM32H7xx_HAL_Driver/Src/stm32h7xx_hal_uart.c" -mcpu=cortex-m7 -std=gnu11 -g3 -DDEBUG -DCORE_CM7 -DUSE_HAL_DRIVER -DSTM32H755xx -DUSE_NUCLEO_64 -c -I../Middlewares/STM32_Cryptographic/include/ecc -I../Middlewares/STM32_Cryptographic/include/hash -I../Middlewares/STM32_Cryptographic/include/mac -I../Middlewares/STM32_Cryptographic/include/rsa -I../Middlewares/STM32_Cryptographic/include/utils -I../Core/Inc -I../Middlewares/STM32_Cryptographic/include -I../Middlewares/STM32_Cryptographic/include/cipher -I../Middlewares/STM32_Cryptographic/include/drbg -I../../Drivers/STM32H7xx_HAL_Driver/Inc -I../../Drivers/STM32H7xx_HAL_Driver/Inc/Legacy -I../../Drivers/CMSIS/Device/ST/STM32H7xx/Include -I../../Drivers/CMSIS/Include -I../../Drivers/BSP/STM32H7xx_Nucleo -O0 -ffunction-sections -fdata-sections -Wall -fstack-usage -fcyclomatic-complexity -MMD -MP -MF"Drivers/STM32H7xx_HAL_Driver/stm32h7xx_hal_uart.d" -MT"Drivers/STM32H7xx_HAL_Driver/stm32h7xx_hal_uart.o" --specs=nano.specs -mfpu=fpv5-d16 -mfloat-abi=hard -mthumb -o "Drivers/STM32H7xx_HAL_Driver/stm32h7xx_hal_uart.o"
arm-none-eabi-gcc "D:/ST_WorkSpace/Project/BootManager/Drivers/STM32H7xx_HAL_Driver/Src/stm32h7xx_hal_uart_ex.c" -mcpu=cortex-m7 -std=gnu11 -g3 -DDEBUG -DCORE_CM7 -DUSE_HAL_DRIVER -DSTM32H755xx -DUSE_NUCLEO_64 -c -I../Middlewares/STM32_Cryptographic/include/ecc -I../Middlewares/STM32_Cryptographic/include/hash -I../Middlewares/STM32_Cryptographic/include/mac -I../Middlewares/STM32_Cryptographic/include/rsa -I../Middlewares/STM32_Cryptographic/include/utils -I../Core/Inc -I../Middlewares/STM32_Cryptographic/include -I../Middlewares/STM32_Cryptographic/include/cipher -I../Middlewares/STM32_Cryptographic/include/drbg -I../../Drivers/STM32H7xx_HAL_Driver/Inc -I../../Drivers/STM32H7xx_HAL_Driver/Inc/Legacy -I../../Drivers/CMSIS/Device/ST/STM32H7xx/Include -I../../Drivers/CMSIS/Include -I../../Drivers/BSP/STM32H7xx_Nucleo -O0 -ffunction-sections -fdata-sections -Wall -fstack-usage -fcyclomatic-complexity -MMD -MP -MF"Drivers/STM32H7xx_HAL_Driver/stm32h7xx_hal_uart_ex.d" -MT"Drivers/STM32H7xx_HAL_Driver/stm32h7xx_hal_uart_ex.o" --specs=nano.specs -mfpu=fpv5-d16 -mfloat-abi=hard -mthumb -o "Drivers/STM32H7xx_HAL_Driver/stm32h7xx_hal_uart_ex.o"
arm-none-eabi-gcc "D:/ST_WorkSpace/Project/BootManager/Drivers/STM32H7xx_HAL_Driver/Src/stm32h7xx_hal_usart.c" -mcpu=cortex-m7 -std=gnu11 -g3 -DDEBUG -DCORE_CM7 -DUSE_HAL_DRIVER -DSTM32H755xx -DUSE_NUCLEO_64 -c -I../Middlewares/STM32_Cryptographic/include/ecc -I../Middlewares/STM32_Cryptographic/include/hash -I../Middlewares/STM32_Cryptographic/include/mac -I../Middlewares/STM32_Cryptographic/include/rsa -I../Middlewares/STM32_Cryptographic/include/utils -I../Core/Inc -I../Middlewares/STM32_Cryptographic/include -I../Middlewares/STM32_Cryptographic/include/cipher -I../Middlewares/STM32_Cryptographic/include/drbg -I../../Drivers/STM32H7xx_HAL_Driver/Inc -I../../Drivers/STM32H7xx_HAL_Driver/Inc/Legacy -I../../Drivers/CMSIS/Device/ST/STM32H7xx/Include -I../../Drivers/CMSIS/Include -I../../Drivers/BSP/STM32H7xx_Nucleo -O0 -ffunction-sections -fdata-sections -Wall -fstack-usage -fcyclomatic-complexity -MMD -MP -MF"Drivers/STM32H7xx_HAL_Driver/stm32h7xx_hal_usart.d" -MT"Drivers/STM32H7xx_HAL_Driver/stm32h7xx_hal_usart.o" --specs=nano.specs -mfpu=fpv5-d16 -mfloat-abi=hard -mthumb -o "Drivers/STM32H7xx_HAL_Driver/stm32h7xx_hal_usart.o"
arm-none-eabi-gcc "D:/ST_WorkSpace/Project/BootManager/Drivers/STM32H7xx_HAL_Driver/Src/stm32h7xx_hal_usart_ex.c" -mcpu=cortex-m7 -std=gnu11 -g3 -DDEBUG -DCORE_CM7 -DUSE_HAL_DRIVER -DSTM32H755xx -DUSE_NUCLEO_64 -c -I../Middlewares/STM32_Cryptographic/include/ecc -I../Middlewares/STM32_Cryptographic/include/hash -I../Middlewares/STM32_Cryptographic/include/mac -I../Middlewares/STM32_Cryptographic/include/rsa -I../Middlewares/STM32_Cryptographic/include/utils -I../Core/Inc -I../Middlewares/STM32_Cryptographic/include -I../Middlewares/STM32_Cryptographic/include/cipher -I../Middlewares/STM32_Cryptographic/include/drbg -I../../Drivers/STM32H7xx_HAL_Driver/Inc -I../../Drivers/STM32H7xx_HAL_Driver/Inc/Legacy -I../../Drivers/CMSIS/Device/ST/STM32H7xx/Include -I../../Drivers/CMSIS/Include -I../../Drivers/BSP/STM32H7xx_Nucleo -O0 -ffunction-sections -fdata-sections -Wall -fstack-usage -fcyclomatic-complexity -MMD -MP -MF"Drivers/STM32H7xx_HAL_Driver/stm32h7xx_hal_usart_ex.d" -MT"Drivers/STM32H7xx_HAL_Driver/stm32h7xx_hal_usart_ex.o" --specs=nano.specs -mfpu=fpv5-d16 -mfloat-abi=hard -mthumb -o "Drivers/STM32H7xx_HAL_Driver/stm32h7xx_hal_usart_ex.o"
arm-none-eabi-gcc "D:/ST_WorkSpace/Project/BootManager/Drivers/BSP/STM32H7xx_Nucleo/stm32h7xx_nucleo.c" -mcpu=cortex-m7 -std=gnu11 -g3 -DDEBUG -DCORE_CM7 -DUSE_HAL_DRIVER -DSTM32H755xx -DUSE_NUCLEO_64 -c -I../Middlewares/STM32_Cryptographic/include/ecc -I../Middlewares/STM32_Cryptographic/include/hash -I../Middlewares/STM32_Cryptographic/include/mac -I../Middlewares/STM32_Cryptographic/include/rsa -I../Middlewares/STM32_Cryptographic/include/utils -I../Core/Inc -I../Middlewares/STM32_Cryptographic/include -I../Middlewares/STM32_Cryptographic/include/cipher -I../Middlewares/STM32_Cryptographic/include/drbg -I../../Drivers/STM32H7xx_HAL_Driver/Inc -I../../Drivers/STM32H7xx_HAL_Driver/Inc/Legacy -I../../Drivers/CMSIS/Device/ST/STM32H7xx/Include -I../../Drivers/CMSIS/Include -I../../Drivers/BSP/STM32H7xx_Nucleo -O0 -ffunction-sections -fdata-sections -Wall -fstack-usage -fcyclomatic-complexity -MMD -MP -MF"Drivers/BSP/STM32H7xx_Nucleo/stm32h7xx_nucleo.d" -MT"Drivers/BSP/STM32H7xx_Nucleo/stm32h7xx_nucleo.o" --specs=nano.specs -mfpu=fpv5-d16 -mfloat-abi=hard -mthumb -o "Drivers/BSP/STM32H7xx_Nucleo/stm32h7xx_nucleo.o"
arm-none-eabi-gcc -mcpu=cortex-m7 -g3 -DDEBUG -c -x assembler-with-cpp -MMD -MP -MF"Core/Startup/startup_stm32h755zitx.d" -MT"Core/Startup/startup_stm32h755zitx.o" --specs=nano.specs -mfpu=fpv5-d16 -mfloat-abi=hard -mthumb -o "Core/Startup/startup_stm32h755zitx.o" "../Core/Startup/startup_stm32h755zitx.s"
arm-none-eabi-gcc "../Core/Src/BootManager_FSM.c" -mcpu=cortex-m7 -std=gnu11 -g3 -DDEBUG -DCORE_CM7 -DUSE_HAL_DRIVER -DSTM32H755xx -DUSE_NUCLEO_64 -c -I../Middlewares/STM32_Cryptographic/include/ecc -I../Middlewares/STM32_Cryptographic/include/hash -I../Middlewares/STM32_Cryptographic/include/mac -I../Middlewares/STM32_Cryptographic/include/rsa -I../Middlewares/STM32_Cryptographic/include/utils -I../Core/Inc -I../Middlewares/STM32_Cryptographic/include -I../Middlewares/STM32_Cryptographic/include/cipher -I../Middlewares/STM32_Cryptographic/include/drbg -I../../Drivers/STM32H7xx_HAL_Driver/Inc -I../../Drivers/STM32H7xx_HAL_Driver/Inc/Legacy -I../../Drivers/CMSIS/Device/ST/STM32H7xx/Include -I../../Drivers/CMSIS/Include -I../../Drivers/BSP/STM32H7xx_Nucleo -O0 -ffunction-sections -fdata-sections -Wall -fstack-usage -fcyclomatic-complexity -MMD -MP -MF"Core/Src/BootManager_FSM.d" -MT"Core/Src/BootManager_FSM.o" --specs=nano.specs -mfpu=fpv5-d16 -mfloat-abi=hard -mthumb -o "Core/Src/BootManager_FSM.o"
arm-none-eabi-gcc "../Core/Src/cmac_check.c" -mcpu=cortex-m7 -std=gnu11 -g3 -DDEBUG -DCORE_CM7 -DUSE_HAL_DRIVER -DSTM32H755xx -DUSE_NUCLEO_64 -c -I../Middlewares/STM32_Cryptographic/include/ecc -I../Middlewares/STM32_Cryptographic/include/hash -I../Middlewares/STM32_Cryptographic/include/mac -I../Middlewares/STM32_Cryptographic/include/rsa -I../Middlewares/STM32_Cryptographic/include/utils -I../Core/Inc -I../Middlewares/STM32_Cryptographic/include -I../Middlewares/STM32_Cryptographic/include/cipher -I../Middlewares/STM32_Cryptographic/include/drbg -I../../Drivers/STM32H7xx_HAL_Driver/Inc -I../../Drivers/STM32H7xx_HAL_Driver/Inc/Legacy -I../../Drivers/CMSIS/Device/ST/STM32H7xx/Include -I../../Drivers/CMSIS/Include -I../../Drivers/BSP/STM32H7xx_Nucleo -O0 -ffunction-sections -fdata-sections -Wall -fstack-usage -fcyclomatic-complexity -MMD -MP -MF"Core/Src/cmac_check.d" -MT"Core/Src/cmac_check.o" --specs=nano.specs -mfpu=fpv5-d16 -mfloat-abi=hard -mthumb -o "Core/Src/cmac_check.o"
arm-none-eabi-gcc "../Core/Src/cmox_low_level.c" -mcpu=cortex-m7 -std=gnu11 -g3 -DDEBUG -DCORE_CM7 -DUSE_HAL_DRIVER -DSTM32H755xx -DUSE_NUCLEO_64 -c -I../Middlewares/STM32_Cryptographic/include/ecc -I../Middlewares/STM32_Cryptographic/include/hash -I../Middlewares/STM32_Cryptographic/include/mac -I../Middlewares/STM32_Cryptographic/include/rsa -I../Middlewares/STM32_Cryptographic/include/utils -I../Core/Inc -I../Middlewares/STM32_Cryptographic/include -I../Middlewares/STM32_Cryptographic/include/cipher -I../Middlewares/STM32_Cryptographic/include/drbg -I../../Drivers/STM32H7xx_HAL_Driver/Inc -I../../Drivers/STM32H7xx_HAL_Driver/Inc/Legacy -I../../Drivers/CMSIS/Device/ST/STM32H7xx/Include -I../../Drivers/CMSIS/Include -I../../Drivers/BSP/STM32H7xx_Nucleo -O0 -ffunction-sections -fdata-sections -Wall -fstack-usage -fcyclomatic-complexity -MMD -MP -MF"Core/Src/cmox_low_level.d" -MT"Core/Src/cmox_low_level.o" --specs=nano.specs -mfpu=fpv5-d16 -mfloat-abi=hard -mthumb -o "Core/Src/cmox_low_level.o"
arm-none-eabi-gcc "../Core/Src/eeprom.c" -mcpu=cortex-m7 -std=gnu11 -g3 -DDEBUG -DCORE_CM7 -DUSE_HAL_DRIVER -DSTM32H755xx -DUSE_NUCLEO_64 -c -I../Middlewares/STM32_Cryptographic/include/ecc -I../Middlewares/STM32_Cryptographic/include/hash -I../Middlewares/STM32_Cryptographic/include/mac -I../Middlewares/STM32_Cryptographic/include/rsa -I../Middlewares/STM32_Cryptographic/include/utils -I../Core/Inc -I../Middlewares/STM32_Cryptographic/include -I../Middlewares/STM32_Cryptographic/include/cipher -I../Middlewares/STM32_Cryptographic/include/drbg -I../../Drivers/STM32H7xx_HAL_Driver/Inc -I../../Drivers/STM32H7xx_HAL_Driver/Inc/Legacy -I../../Drivers/CMSIS/Device/ST/STM32H7xx/Include -I../../Drivers/CMSIS/Include -I../../Drivers/BSP/STM32H7xx_Nucleo -O0 -ffunction-sections -fdata-sections -Wall -fstack-usage -fcyclomatic-complexity -MMD -MP -MF"Core/Src/eeprom.d" -MT"Core/Src/eeprom.o" --specs=nano.specs -mfpu=fpv5-d16 -mfloat-abi=hard -mthumb -o "Core/Src/eeprom.o"
arm-none-eabi-gcc "../Core/Src/hash_check.c" -mcpu=cortex-m7 -std=gnu11 -g3 -DDEBUG -DCORE_CM7 -DUSE_HAL_DRIVER -DSTM32H755xx -DUSE_NUCLEO_64 -c -I../Middlewares/STM32_Cryptographic/include/ecc -I../Middlewares/STM32_Cryptographic/include/hash -I../Middlewares/STM32_Cryptographic/include/mac -I../Middlewares/STM32_Cryptographic/include/rsa -I../Middlewares/STM32_Cryptographic/include/utils -I../Core/Inc -I../Middlewares/STM32_Cryptographic/include -I../Middlewares/STM32_Cryptographic/include/cipher -I../Middlewares/STM32_Cryptographic/include/drbg -I../../Drivers/STM32H7xx_HAL_Driver/Inc -I../../Drivers/STM32H7xx_HAL_Driver/Inc/Legacy -I../../Drivers/CMSIS/Device/ST/STM32H7xx/Include -I../../Drivers/CMSIS/Include -I../../Drivers/BSP/STM32H7xx_Nucleo -O0 -ffunction-sections -fdata-sections -Wall -fstack-usage -fcyclomatic-complexity -MMD -MP -MF"Core/Src/hash_check.d" -MT"Core/Src/hash_check.o" --specs=nano.specs -mfpu=fpv5-d16 -mfloat-abi=hard -mthumb -o "Core/Src/hash_check.o"
arm-none-eabi-gcc "../Core/Src/main.c" -mcpu=cortex-m7 -std=gnu11 -g3 -DDEBUG -DCORE_CM7 -DUSE_HAL_DRIVER -DSTM32H755xx -DUSE_NUCLEO_64 -c -I../Middlewares/STM32_Cryptographic/include/ecc -I../Middlewares/STM32_Cryptographic/include/hash -I../Middlewares/STM32_Cryptographic/include/mac -I../Middlewares/STM32_Cryptographic/include/rsa -I../Middlewares/STM32_Cryptographic/include/utils -I../Core/Inc -I../Middlewares/STM32_Cryptographic/include -I../Middlewares/STM32_Cryptographic/include/cipher -I../Middlewares/STM32_Cryptographic/include/drbg -I../../Drivers/STM32H7xx_HAL_Driver/Inc -I../../Drivers/STM32H7xx_HAL_Driver/Inc/Legacy -I../../Drivers/CMSIS/Device/ST/STM32H7xx/Include -I../../Drivers/CMSIS/Include -I../../Drivers/BSP/STM32H7xx_Nucleo -O0 -ffunction-sections -fdata-sections -Wall -fstack-usage -fcyclomatic-complexity -MMD -MP -MF"Core/Src/main.d" -MT"Core/Src/main.o" --specs=nano.specs -mfpu=fpv5-d16 -mfloat-abi=hard -mthumb -o "Core/Src/main.o"
arm-none-eabi-gcc "../Core/Src/stm32h7xx_hal_msp.c" -mcpu=cortex-m7 -std=gnu11 -g3 -DDEBUG -DCORE_CM7 -DUSE_HAL_DRIVER -DSTM32H755xx -DUSE_NUCLEO_64 -c -I../Middlewares/STM32_Cryptographic/include/ecc -I../Middlewares/STM32_Cryptographic/include/hash -I../Middlewares/STM32_Cryptographic/include/mac -I../Middlewares/STM32_Cryptographic/include/rsa -I../Middlewares/STM32_Cryptographic/include/utils -I../Core/Inc -I../Middlewares/STM32_Cryptographic/include -I../Middlewares/STM32_Cryptographic/include/cipher -I../Middlewares/STM32_Cryptographic/include/drbg -I../../Drivers/STM32H7xx_HAL_Driver/Inc -I../../Drivers/STM32H7xx_HAL_Driver/Inc/Legacy -I../../Drivers/CMSIS/Device/ST/STM32H7xx/Include -I../../Drivers/CMSIS/Include -I../../Drivers/BSP/STM32H7xx_Nucleo -O0 -ffunction-sections -fdata-sections -Wall -fstack-usage -fcyclomatic-complexity -MMD -MP -MF"Core/Src/stm32h7xx_hal_msp.d" -MT"Core/Src/stm32h7xx_hal_msp.o" --specs=nano.specs -mfpu=fpv5-d16 -mfloat-abi=hard -mthumb -o "Core/Src/stm32h7xx_hal_msp.o"
arm-none-eabi-gcc "../Core/Src/stm32h7xx_it.c" -mcpu=cortex-m7 -std=gnu11 -g3 -DDEBUG -DCORE_CM7 -DUSE_HAL_DRIVER -DSTM32H755xx -DUSE_NUCLEO_64 -c -I../Middlewares/STM32_Cryptographic/include/ecc -I../Middlewares/STM32_Cryptographic/include/hash -I../Middlewares/STM32_Cryptographic/include/mac -I../Middlewares/STM32_Cryptographic/include/rsa -I../Middlewares/STM32_Cryptographic/include/utils -I../Core/Inc -I../Middlewares/STM32_Cryptographic/include -I../Middlewares/STM32_Cryptographic/include/cipher -I../Middlewares/STM32_Cryptographic/include/drbg -I../../Drivers/STM32H7xx_HAL_Driver/Inc -I../../Drivers/STM32H7xx_HAL_Driver/Inc/Legacy -I../../Drivers/CMSIS/Device/ST/STM32H7xx/Include -I../../Drivers/CMSIS/Include -I../../Drivers/BSP/STM32H7xx_Nucleo -O0 -ffunction-sections -fdata-sections -Wall -fstack-usage -fcyclomatic-complexity -MMD -MP -MF"Core/Src/stm32h7xx_it.d" -MT"Core/Src/stm32h7xx_it.o" --specs=nano.specs -mfpu=fpv5-d16 -mfloat-abi=hard -mthumb -o "Core/Src/stm32h7xx_it.o"
arm-none-eabi-gcc "../Core/Src/syscalls.c" -mcpu=cortex-m7 -std=gnu11 -g3 -DDEBUG -DCORE_CM7 -DUSE_HAL_DRIVER -DSTM32H755xx -DUSE_NUCLEO_64 -c -I../Middlewares/STM32_Cryptographic/include/ecc -I../Middlewares/STM32_Cryptographic/include/hash -I../Middlewares/STM32_Cryptographic/include/mac -I../Middlewares/STM32_Cryptographic/include/rsa -I../Middlewares/STM32_Cryptographic/include/utils -I../Core/Inc -I../Middlewares/STM32_Cryptographic/include -I../Middlewares/STM32_Cryptographic/include/cipher -I../Middlewares/STM32_Cryptographic/include/drbg -I../../Drivers/STM32H7xx_HAL_Driver/Inc -I../../Drivers/STM32H7xx_HAL_Driver/Inc/Legacy -I../../Drivers/CMSIS/Device/ST/STM32H7xx/Include -I../../Drivers/CMSIS/Include -I../../Drivers/BSP/STM32H7xx_Nucleo -O0 -ffunction-sections -fdata-sections -Wall -fstack-usage -fcyclomatic-complexity -MMD -MP -MF"Core/Src/syscalls.d" -MT"Core/Src/syscalls.o" --specs=nano.specs -mfpu=fpv5-d16 -mfloat-abi=hard -mthumb -o "Core/Src/syscalls.o"
arm-none-eabi-gcc "../Core/Src/sysmem.c" -mcpu=cortex-m7 -std=gnu11 -g3 -DDEBUG -DCORE_CM7 -DUSE_HAL_DRIVER -DSTM32H755xx -DUSE_NUCLEO_64 -c -I../Middlewares/STM32_Cryptographic/include/ecc -I../Middlewares/STM32_Cryptographic/include/hash -I../Middlewares/STM32_Cryptographic/include/mac -I../Middlewares/STM32_Cryptographic/include/rsa -I../Middlewares/STM32_Cryptographic/include/utils -I../Core/Inc -I../Middlewares/STM32_Cryptographic/include -I../Middlewares/STM32_Cryptographic/include/cipher -I../Middlewares/STM32_Cryptographic/include/drbg -I../../Drivers/STM32H7xx_HAL_Driver/Inc -I../../Drivers/STM32H7xx_HAL_Driver/Inc/Legacy -I../../Drivers/CMSIS/Device/ST/STM32H7xx/Include -I../../Drivers/CMSIS/Include -I../../Drivers/BSP/STM32H7xx_Nucleo -O0 -ffunction-sections -fdata-sections -Wall -fstack-usage -fcyclomatic-complexity -MMD -MP -MF"Core/Src/sysmem.d" -MT"Core/Src/sysmem.o" --specs=nano.specs -mfpu=fpv5-d16 -mfloat-abi=hard -mthumb -o "Core/Src/sysmem.o"
arm-none-eabi-gcc "D:/ST_WorkSpace/Project/BootManager/Common/Src/system_stm32h7xx_dualcore_boot_cm4_cm7.c" -mcpu=cortex-m7 -std=gnu11 -g3 -DDEBUG -DCORE_CM7 -DUSE_HAL_DRIVER -DSTM32H755xx -DUSE_NUCLEO_64 -c -I../Middlewares/STM32_Cryptographic/include/ecc -I../Middlewares/STM32_Cryptographic/include/hash -I../Middlewares/STM32_Cryptographic/include/mac -I../Middlewares/STM32_Cryptographic/include/rsa -I../Middlewares/STM32_Cryptographic/include/utils -I../Core/Inc -I../Middlewares/STM32_Cryptographic/include -I../Middlewares/STM32_Cryptographic/include/cipher -I../Middlewares/STM32_Cryptographic/include/drbg -I../../Drivers/STM32H7xx_HAL_Driver/Inc -I../../Drivers/STM32H7xx_HAL_Driver/Inc/Legacy -I../../Drivers/CMSIS/Device/ST/STM32H7xx/Include -I../../Drivers/CMSIS/Include -I../../Drivers/BSP/STM32H7xx_Nucleo -O0 -ffunction-sections -fdata-sections -Wall -fstack-usage -fcyclomatic-complexity -MMD -MP -MF"Common/Src/system_stm32h7xx_dualcore_boot_cm4_cm7.d" -MT"Common/Src/system_stm32h7xx_dualcore_boot_cm4_cm7.o" --specs=nano.specs -mfpu=fpv5-d16 -mfloat-abi=hard -mthumb -o "Common/Src/system_stm32h7xx_dualcore_boot_cm4_cm7.o"
arm-none-eabi-gcc -o "BootManager_CM7.elf" @"objects.list"  -l:libSTM32Cryptographic_CM7.a -mcpu=cortex-m7 -T"D:\ST_WorkSpace\Project\BootManager\CM7\STM32H755ZITX_FLASH.ld" --specs=nosys.specs -Wl,-Map="BootManager_CM7.map" -Wl,--gc-sections -static -L../Middlewares/STM32_Cryptographic/lib --specs=nano.specs -mfpu=fpv5-d16 -mfloat-abi=hard -mthumb -Wl,--start-group -lc -lm -Wl,--end-group
Finished building target: BootManager_CM7.elf
 
arm-none-eabi-size  BootManager_CM7.elf 
arm-none-eabi-objdump -h -S BootManager_CM7.elf  > "BootManager_CM7.list"
   text	   data	    bss	    dec	    hex	filename
  35172	    128	   2144	  37444	   9244	BootManager_CM7.elf
Finished building: default.size.stdout
 
Finished building: BootManager_CM7.list
 

20:47:17 Build Finished. 0 errors, 0 warnings. (took 14s.353ms)

