13:13:57 **** Build of configuration Debug for project BootManager ****
make -j8 all 
arm-none-eabi-gcc "../STM32_Cryptographic/legacy_v3/src/hash/legacy_v3_sha1.c" -mcpu=cortex-m7 -std=gnu11 -g3 -DDEBUG -DUSE_HAL_DRIVER -DSTM32H750xx -c -I../Core/Inc -I"../STM32_Cryptographic" -I"../STM32_Cryptographic/include" -I"../STM32_Cryptographic/include/hash" -I"../STM32_Cryptographic/legacy_v3/include/hash" -I"../STM32_Cryptographic/legacy_v3/include" -I../Drivers/STM32H7xx_HAL_Driver/Inc -I../Drivers/STM32H7xx_HAL_Driver/Inc/Legacy -I../Drivers/CMSIS/Device/ST/STM32H7xx/Include -I../Drivers/CMSIS/Include -O0 -ffunction-sections -fdata-sections -Wall -fstack-usage -fcyclomatic-complexity -MMD -MP -MF"STM32_Cryptographic/legacy_v3/src/hash/legacy_v3_sha1.d" -MT"STM32_Cryptographic/legacy_v3/src/hash/legacy_v3_sha1.o" --specs=nano.specs -mfpu=fpv5-d16 -mfloat-abi=hard -mthumb -o "STM32_Cryptographic/legacy_v3/src/hash/legacy_v3_sha1.o"
arm-none-eabi-gcc "../STM32_Cryptographic/legacy_v3/src/hash/legacy_v3_sha224.c" -mcpu=cortex-m7 -std=gnu11 -g3 -DDEBUG -DUSE_HAL_DRIVER -DSTM32H750xx -c -I../Core/Inc -I"../STM32_Cryptographic" -I"../STM32_Cryptographic/include" -I"../STM32_Cryptographic/include/hash" -I"../STM32_Cryptographic/legacy_v3/include/hash" -I"../STM32_Cryptographic/legacy_v3/include" -I../Drivers/STM32H7xx_HAL_Driver/Inc -I../Drivers/STM32H7xx_HAL_Driver/Inc/Legacy -I../Drivers/CMSIS/Device/ST/STM32H7xx/Include -I../Drivers/CMSIS/Include -O0 -ffunction-sections -fdata-sections -Wall -fstack-usage -fcyclomatic-complexity -MMD -MP -MF"STM32_Cryptographic/legacy_v3/src/hash/legacy_v3_sha224.d" -MT"STM32_Cryptographic/legacy_v3/src/hash/legacy_v3_sha224.o" --specs=nano.specs -mfpu=fpv5-d16 -mfloat-abi=hard -mthumb -o "STM32_Cryptographic/legacy_v3/src/hash/legacy_v3_sha224.o"
arm-none-eabi-gcc "../STM32_Cryptographic/legacy_v3/src/hash/legacy_v3_sha256.c" -mcpu=cortex-m7 -std=gnu11 -g3 -DDEBUG -DUSE_HAL_DRIVER -DSTM32H750xx -c -I../Core/Inc -I"../STM32_Cryptographic" -I"../STM32_Cryptographic/include" -I"../STM32_Cryptographic/include/hash" -I"../STM32_Cryptographic/legacy_v3/include/hash" -I"../STM32_Cryptographic/legacy_v3/include" -I../Drivers/STM32H7xx_HAL_Driver/Inc -I../Drivers/STM32H7xx_HAL_Driver/Inc/Legacy -I../Drivers/CMSIS/Device/ST/STM32H7xx/Include -I../Drivers/CMSIS/Include -O0 -ffunction-sections -fdata-sections -Wall -fstack-usage -fcyclomatic-complexity -MMD -MP -MF"STM32_Cryptographic/legacy_v3/src/hash/legacy_v3_sha256.d" -MT"STM32_Cryptographic/legacy_v3/src/hash/legacy_v3_sha256.o" --specs=nano.specs -mfpu=fpv5-d16 -mfloat-abi=hard -mthumb -o "STM32_Cryptographic/legacy_v3/src/hash/legacy_v3_sha256.o"
arm-none-eabi-gcc "../STM32_Cryptographic/legacy_v3/src/hash/legacy_v3_sha384.c" -mcpu=cortex-m7 -std=gnu11 -g3 -DDEBUG -DUSE_HAL_DRIVER -DSTM32H750xx -c -I../Core/Inc -I"../STM32_Cryptographic" -I"../STM32_Cryptographic/include" -I"../STM32_Cryptographic/include/hash" -I"../STM32_Cryptographic/legacy_v3/include/hash" -I"../STM32_Cryptographic/legacy_v3/include" -I../Drivers/STM32H7xx_HAL_Driver/Inc -I../Drivers/STM32H7xx_HAL_Driver/Inc/Legacy -I../Drivers/CMSIS/Device/ST/STM32H7xx/Include -I../Drivers/CMSIS/Include -O0 -ffunction-sections -fdata-sections -Wall -fstack-usage -fcyclomatic-complexity -MMD -MP -MF"STM32_Cryptographic/legacy_v3/src/hash/legacy_v3_sha384.d" -MT"STM32_Cryptographic/legacy_v3/src/hash/legacy_v3_sha384.o" --specs=nano.specs -mfpu=fpv5-d16 -mfloat-abi=hard -mthumb -o "STM32_Cryptographic/legacy_v3/src/hash/legacy_v3_sha384.o"
arm-none-eabi-gcc "../STM32_Cryptographic/legacy_v3/src/hash/legacy_v3_sha512.c" -mcpu=cortex-m7 -std=gnu11 -g3 -DDEBUG -DUSE_HAL_DRIVER -DSTM32H750xx -c -I../Core/Inc -I"../STM32_Cryptographic" -I"../STM32_Cryptographic/include" -I"../STM32_Cryptographic/include/hash" -I"../STM32_Cryptographic/legacy_v3/include/hash" -I"../STM32_Cryptographic/legacy_v3/include" -I../Drivers/STM32H7xx_HAL_Driver/Inc -I../Drivers/STM32H7xx_HAL_Driver/Inc/Legacy -I../Drivers/CMSIS/Device/ST/STM32H7xx/Include -I../Drivers/CMSIS/Include -O0 -ffunction-sections -fdata-sections -Wall -fstack-usage -fcyclomatic-complexity -MMD -MP -MF"STM32_Cryptographic/legacy_v3/src/hash/legacy_v3_sha512.d" -MT"STM32_Cryptographic/legacy_v3/src/hash/legacy_v3_sha512.o" --specs=nano.specs -mfpu=fpv5-d16 -mfloat-abi=hard -mthumb -o "STM32_Cryptographic/legacy_v3/src/hash/legacy_v3_sha512.o"
arm-none-eabi-gcc "../Drivers/STM32H7xx_HAL_Driver/Src/stm32h7xx_hal.c" -mcpu=cortex-m7 -std=gnu11 -g3 -DDEBUG -DUSE_HAL_DRIVER -DSTM32H750xx -c -I../Core/Inc -I"../STM32_Cryptographic" -I"../STM32_Cryptographic/include" -I"../STM32_Cryptographic/include/hash" -I"../STM32_Cryptographic/legacy_v3/include/hash" -I"../STM32_Cryptographic/legacy_v3/include" -I../Drivers/STM32H7xx_HAL_Driver/Inc -I../Drivers/STM32H7xx_HAL_Driver/Inc/Legacy -I../Drivers/CMSIS/Device/ST/STM32H7xx/Include -I../Drivers/CMSIS/Include -O0 -ffunction-sections -fdata-sections -Wall -fstack-usage -fcyclomatic-complexity -MMD -MP -MF"Drivers/STM32H7xx_HAL_Driver/Src/stm32h7xx_hal.d" -MT"Drivers/STM32H7xx_HAL_Driver/Src/stm32h7xx_hal.o" --specs=nano.specs -mfpu=fpv5-d16 -mfloat-abi=hard -mthumb -o "Drivers/STM32H7xx_HAL_Driver/Src/stm32h7xx_hal.o"
arm-none-eabi-gcc "../Drivers/STM32H7xx_HAL_Driver/Src/stm32h7xx_hal_cortex.c" -mcpu=cortex-m7 -std=gnu11 -g3 -DDEBUG -DUSE_HAL_DRIVER -DSTM32H750xx -c -I../Core/Inc -I"../STM32_Cryptographic" -I"../STM32_Cryptographic/include" -I"../STM32_Cryptographic/include/hash" -I"../STM32_Cryptographic/legacy_v3/include/hash" -I"../STM32_Cryptographic/legacy_v3/include" -I../Drivers/STM32H7xx_HAL_Driver/Inc -I../Drivers/STM32H7xx_HAL_Driver/Inc/Legacy -I../Drivers/CMSIS/Device/ST/STM32H7xx/Include -I../Drivers/CMSIS/Include -O0 -ffunction-sections -fdata-sections -Wall -fstack-usage -fcyclomatic-complexity -MMD -MP -MF"Drivers/STM32H7xx_HAL_Driver/Src/stm32h7xx_hal_cortex.d" -MT"Drivers/STM32H7xx_HAL_Driver/Src/stm32h7xx_hal_cortex.o" --specs=nano.specs -mfpu=fpv5-d16 -mfloat-abi=hard -mthumb -o "Drivers/STM32H7xx_HAL_Driver/Src/stm32h7xx_hal_cortex.o"
arm-none-eabi-gcc "../Drivers/STM32H7xx_HAL_Driver/Src/stm32h7xx_hal_dma.c" -mcpu=cortex-m7 -std=gnu11 -g3 -DDEBUG -DUSE_HAL_DRIVER -DSTM32H750xx -c -I../Core/Inc -I"../STM32_Cryptographic" -I"../STM32_Cryptographic/include" -I"../STM32_Cryptographic/include/hash" -I"../STM32_Cryptographic/legacy_v3/include/hash" -I"../STM32_Cryptographic/legacy_v3/include" -I../Drivers/STM32H7xx_HAL_Driver/Inc -I../Drivers/STM32H7xx_HAL_Driver/Inc/Legacy -I../Drivers/CMSIS/Device/ST/STM32H7xx/Include -I../Drivers/CMSIS/Include -O0 -ffunction-sections -fdata-sections -Wall -fstack-usage -fcyclomatic-complexity -MMD -MP -MF"Drivers/STM32H7xx_HAL_Driver/Src/stm32h7xx_hal_dma.d" -MT"Drivers/STM32H7xx_HAL_Driver/Src/stm32h7xx_hal_dma.o" --specs=nano.specs -mfpu=fpv5-d16 -mfloat-abi=hard -mthumb -o "Drivers/STM32H7xx_HAL_Driver/Src/stm32h7xx_hal_dma.o"
arm-none-eabi-gcc "../Drivers/STM32H7xx_HAL_Driver/Src/stm32h7xx_hal_dma_ex.c" -mcpu=cortex-m7 -std=gnu11 -g3 -DDEBUG -DUSE_HAL_DRIVER -DSTM32H750xx -c -I../Core/Inc -I"../STM32_Cryptographic" -I"../STM32_Cryptographic/include" -I"../STM32_Cryptographic/include/hash" -I"../STM32_Cryptographic/legacy_v3/include/hash" -I"../STM32_Cryptographic/legacy_v3/include" -I../Drivers/STM32H7xx_HAL_Driver/Inc -I../Drivers/STM32H7xx_HAL_Driver/Inc/Legacy -I../Drivers/CMSIS/Device/ST/STM32H7xx/Include -I../Drivers/CMSIS/Include -O0 -ffunction-sections -fdata-sections -Wall -fstack-usage -fcyclomatic-complexity -MMD -MP -MF"Drivers/STM32H7xx_HAL_Driver/Src/stm32h7xx_hal_dma_ex.d" -MT"Drivers/STM32H7xx_HAL_Driver/Src/stm32h7xx_hal_dma_ex.o" --specs=nano.specs -mfpu=fpv5-d16 -mfloat-abi=hard -mthumb -o "Drivers/STM32H7xx_HAL_Driver/Src/stm32h7xx_hal_dma_ex.o"
arm-none-eabi-gcc "../Drivers/STM32H7xx_HAL_Driver/Src/stm32h7xx_hal_exti.c" -mcpu=cortex-m7 -std=gnu11 -g3 -DDEBUG -DUSE_HAL_DRIVER -DSTM32H750xx -c -I../Core/Inc -I"../STM32_Cryptographic" -I"../STM32_Cryptographic/include" -I"../STM32_Cryptographic/include/hash" -I"../STM32_Cryptographic/legacy_v3/include/hash" -I"../STM32_Cryptographic/legacy_v3/include" -I../Drivers/STM32H7xx_HAL_Driver/Inc -I../Drivers/STM32H7xx_HAL_Driver/Inc/Legacy -I../Drivers/CMSIS/Device/ST/STM32H7xx/Include -I../Drivers/CMSIS/Include -O0 -ffunction-sections -fdata-sections -Wall -fstack-usage -fcyclomatic-complexity -MMD -MP -MF"Drivers/STM32H7xx_HAL_Driver/Src/stm32h7xx_hal_exti.d" -MT"Drivers/STM32H7xx_HAL_Driver/Src/stm32h7xx_hal_exti.o" --specs=nano.specs -mfpu=fpv5-d16 -mfloat-abi=hard -mthumb -o "Drivers/STM32H7xx_HAL_Driver/Src/stm32h7xx_hal_exti.o"
arm-none-eabi-gcc "../Drivers/STM32H7xx_HAL_Driver/Src/stm32h7xx_hal_flash.c" -mcpu=cortex-m7 -std=gnu11 -g3 -DDEBUG -DUSE_HAL_DRIVER -DSTM32H750xx -c -I../Core/Inc -I"../STM32_Cryptographic" -I"../STM32_Cryptographic/include" -I"../STM32_Cryptographic/include/hash" -I"../STM32_Cryptographic/legacy_v3/include/hash" -I"../STM32_Cryptographic/legacy_v3/include" -I../Drivers/STM32H7xx_HAL_Driver/Inc -I../Drivers/STM32H7xx_HAL_Driver/Inc/Legacy -I../Drivers/CMSIS/Device/ST/STM32H7xx/Include -I../Drivers/CMSIS/Include -O0 -ffunction-sections -fdata-sections -Wall -fstack-usage -fcyclomatic-complexity -MMD -MP -MF"Drivers/STM32H7xx_HAL_Driver/Src/stm32h7xx_hal_flash.d" -MT"Drivers/STM32H7xx_HAL_Driver/Src/stm32h7xx_hal_flash.o" --specs=nano.specs -mfpu=fpv5-d16 -mfloat-abi=hard -mthumb -o "Drivers/STM32H7xx_HAL_Driver/Src/stm32h7xx_hal_flash.o"
arm-none-eabi-gcc "../Drivers/STM32H7xx_HAL_Driver/Src/stm32h7xx_hal_flash_ex.c" -mcpu=cortex-m7 -std=gnu11 -g3 -DDEBUG -DUSE_HAL_DRIVER -DSTM32H750xx -c -I../Core/Inc -I"../STM32_Cryptographic" -I"../STM32_Cryptographic/include" -I"../STM32_Cryptographic/include/hash" -I"../STM32_Cryptographic/legacy_v3/include/hash" -I"../STM32_Cryptographic/legacy_v3/include" -I../Drivers/STM32H7xx_HAL_Driver/Inc -I../Drivers/STM32H7xx_HAL_Driver/Inc/Legacy -I../Drivers/CMSIS/Device/ST/STM32H7xx/Include -I../Drivers/CMSIS/Include -O0 -ffunction-sections -fdata-sections -Wall -fstack-usage -fcyclomatic-complexity -MMD -MP -MF"Drivers/STM32H7xx_HAL_Driver/Src/stm32h7xx_hal_flash_ex.d" -MT"Drivers/STM32H7xx_HAL_Driver/Src/stm32h7xx_hal_flash_ex.o" --specs=nano.specs -mfpu=fpv5-d16 -mfloat-abi=hard -mthumb -o "Drivers/STM32H7xx_HAL_Driver/Src/stm32h7xx_hal_flash_ex.o"
arm-none-eabi-gcc "../Drivers/STM32H7xx_HAL_Driver/Src/stm32h7xx_hal_gpio.c" -mcpu=cortex-m7 -std=gnu11 -g3 -DDEBUG -DUSE_HAL_DRIVER -DSTM32H750xx -c -I../Core/Inc -I"../STM32_Cryptographic" -I"../STM32_Cryptographic/include" -I"../STM32_Cryptographic/include/hash" -I"../STM32_Cryptographic/legacy_v3/include/hash" -I"../STM32_Cryptographic/legacy_v3/include" -I../Drivers/STM32H7xx_HAL_Driver/Inc -I../Drivers/STM32H7xx_HAL_Driver/Inc/Legacy -I../Drivers/CMSIS/Device/ST/STM32H7xx/Include -I../Drivers/CMSIS/Include -O0 -ffunction-sections -fdata-sections -Wall -fstack-usage -fcyclomatic-complexity -MMD -MP -MF"Drivers/STM32H7xx_HAL_Driver/Src/stm32h7xx_hal_gpio.d" -MT"Drivers/STM32H7xx_HAL_Driver/Src/stm32h7xx_hal_gpio.o" --specs=nano.specs -mfpu=fpv5-d16 -mfloat-abi=hard -mthumb -o "Drivers/STM32H7xx_HAL_Driver/Src/stm32h7xx_hal_gpio.o"
arm-none-eabi-gcc "../Drivers/STM32H7xx_HAL_Driver/Src/stm32h7xx_hal_hsem.c" -mcpu=cortex-m7 -std=gnu11 -g3 -DDEBUG -DUSE_HAL_DRIVER -DSTM32H750xx -c -I../Core/Inc -I"../STM32_Cryptographic" -I"../STM32_Cryptographic/include" -I"../STM32_Cryptographic/include/hash" -I"../STM32_Cryptographic/legacy_v3/include/hash" -I"../STM32_Cryptographic/legacy_v3/include" -I../Drivers/STM32H7xx_HAL_Driver/Inc -I../Drivers/STM32H7xx_HAL_Driver/Inc/Legacy -I../Drivers/CMSIS/Device/ST/STM32H7xx/Include -I../Drivers/CMSIS/Include -O0 -ffunction-sections -fdata-sections -Wall -fstack-usage -fcyclomatic-complexity -MMD -MP -MF"Drivers/STM32H7xx_HAL_Driver/Src/stm32h7xx_hal_hsem.d" -MT"Drivers/STM32H7xx_HAL_Driver/Src/stm32h7xx_hal_hsem.o" --specs=nano.specs -mfpu=fpv5-d16 -mfloat-abi=hard -mthumb -o "Drivers/STM32H7xx_HAL_Driver/Src/stm32h7xx_hal_hsem.o"
arm-none-eabi-gcc "../Drivers/STM32H7xx_HAL_Driver/Src/stm32h7xx_hal_i2c.c" -mcpu=cortex-m7 -std=gnu11 -g3 -DDEBUG -DUSE_HAL_DRIVER -DSTM32H750xx -c -I../Core/Inc -I"../STM32_Cryptographic" -I"../STM32_Cryptographic/include" -I"../STM32_Cryptographic/include/hash" -I"../STM32_Cryptographic/legacy_v3/include/hash" -I"../STM32_Cryptographic/legacy_v3/include" -I../Drivers/STM32H7xx_HAL_Driver/Inc -I../Drivers/STM32H7xx_HAL_Driver/Inc/Legacy -I../Drivers/CMSIS/Device/ST/STM32H7xx/Include -I../Drivers/CMSIS/Include -O0 -ffunction-sections -fdata-sections -Wall -fstack-usage -fcyclomatic-complexity -MMD -MP -MF"Drivers/STM32H7xx_HAL_Driver/Src/stm32h7xx_hal_i2c.d" -MT"Drivers/STM32H7xx_HAL_Driver/Src/stm32h7xx_hal_i2c.o" --specs=nano.specs -mfpu=fpv5-d16 -mfloat-abi=hard -mthumb -o "Drivers/STM32H7xx_HAL_Driver/Src/stm32h7xx_hal_i2c.o"
arm-none-eabi-gcc "../Drivers/STM32H7xx_HAL_Driver/Src/stm32h7xx_hal_i2c_ex.c" -mcpu=cortex-m7 -std=gnu11 -g3 -DDEBUG -DUSE_HAL_DRIVER -DSTM32H750xx -c -I../Core/Inc -I"../STM32_Cryptographic" -I"../STM32_Cryptographic/include" -I"../STM32_Cryptographic/include/hash" -I"../STM32_Cryptographic/legacy_v3/include/hash" -I"../STM32_Cryptographic/legacy_v3/include" -I../Drivers/STM32H7xx_HAL_Driver/Inc -I../Drivers/STM32H7xx_HAL_Driver/Inc/Legacy -I../Drivers/CMSIS/Device/ST/STM32H7xx/Include -I../Drivers/CMSIS/Include -O0 -ffunction-sections -fdata-sections -Wall -fstack-usage -fcyclomatic-complexity -MMD -MP -MF"Drivers/STM32H7xx_HAL_Driver/Src/stm32h7xx_hal_i2c_ex.d" -MT"Drivers/STM32H7xx_HAL_Driver/Src/stm32h7xx_hal_i2c_ex.o" --specs=nano.specs -mfpu=fpv5-d16 -mfloat-abi=hard -mthumb -o "Drivers/STM32H7xx_HAL_Driver/Src/stm32h7xx_hal_i2c_ex.o"
arm-none-eabi-gcc "../Drivers/STM32H7xx_HAL_Driver/Src/stm32h7xx_hal_mdma.c" -mcpu=cortex-m7 -std=gnu11 -g3 -DDEBUG -DUSE_HAL_DRIVER -DSTM32H750xx -c -I../Core/Inc -I"../STM32_Cryptographic" -I"../STM32_Cryptographic/include" -I"../STM32_Cryptographic/include/hash" -I"../STM32_Cryptographic/legacy_v3/include/hash" -I"../STM32_Cryptographic/legacy_v3/include" -I../Drivers/STM32H7xx_HAL_Driver/Inc -I../Drivers/STM32H7xx_HAL_Driver/Inc/Legacy -I../Drivers/CMSIS/Device/ST/STM32H7xx/Include -I../Drivers/CMSIS/Include -O0 -ffunction-sections -fdata-sections -Wall -fstack-usage -fcyclomatic-complexity -MMD -MP -MF"Drivers/STM32H7xx_HAL_Driver/Src/stm32h7xx_hal_mdma.d" -MT"Drivers/STM32H7xx_HAL_Driver/Src/stm32h7xx_hal_mdma.o" --specs=nano.specs -mfpu=fpv5-d16 -mfloat-abi=hard -mthumb -o "Drivers/STM32H7xx_HAL_Driver/Src/stm32h7xx_hal_mdma.o"
arm-none-eabi-gcc "../Drivers/STM32H7xx_HAL_Driver/Src/stm32h7xx_hal_pwr.c" -mcpu=cortex-m7 -std=gnu11 -g3 -DDEBUG -DUSE_HAL_DRIVER -DSTM32H750xx -c -I../Core/Inc -I"../STM32_Cryptographic" -I"../STM32_Cryptographic/include" -I"../STM32_Cryptographic/include/hash" -I"../STM32_Cryptographic/legacy_v3/include/hash" -I"../STM32_Cryptographic/legacy_v3/include" -I../Drivers/STM32H7xx_HAL_Driver/Inc -I../Drivers/STM32H7xx_HAL_Driver/Inc/Legacy -I../Drivers/CMSIS/Device/ST/STM32H7xx/Include -I../Drivers/CMSIS/Include -O0 -ffunction-sections -fdata-sections -Wall -fstack-usage -fcyclomatic-complexity -MMD -MP -MF"Drivers/STM32H7xx_HAL_Driver/Src/stm32h7xx_hal_pwr.d" -MT"Drivers/STM32H7xx_HAL_Driver/Src/stm32h7xx_hal_pwr.o" --specs=nano.specs -mfpu=fpv5-d16 -mfloat-abi=hard -mthumb -o "Drivers/STM32H7xx_HAL_Driver/Src/stm32h7xx_hal_pwr.o"
arm-none-eabi-gcc "../Drivers/STM32H7xx_HAL_Driver/Src/stm32h7xx_hal_pwr_ex.c" -mcpu=cortex-m7 -std=gnu11 -g3 -DDEBUG -DUSE_HAL_DRIVER -DSTM32H750xx -c -I../Core/Inc -I"../STM32_Cryptographic" -I"../STM32_Cryptographic/include" -I"../STM32_Cryptographic/include/hash" -I"../STM32_Cryptographic/legacy_v3/include/hash" -I"../STM32_Cryptographic/legacy_v3/include" -I../Drivers/STM32H7xx_HAL_Driver/Inc -I../Drivers/STM32H7xx_HAL_Driver/Inc/Legacy -I../Drivers/CMSIS/Device/ST/STM32H7xx/Include -I../Drivers/CMSIS/Include -O0 -ffunction-sections -fdata-sections -Wall -fstack-usage -fcyclomatic-complexity -MMD -MP -MF"Drivers/STM32H7xx_HAL_Driver/Src/stm32h7xx_hal_pwr_ex.d" -MT"Drivers/STM32H7xx_HAL_Driver/Src/stm32h7xx_hal_pwr_ex.o" --specs=nano.specs -mfpu=fpv5-d16 -mfloat-abi=hard -mthumb -o "Drivers/STM32H7xx_HAL_Driver/Src/stm32h7xx_hal_pwr_ex.o"
arm-none-eabi-gcc "../Drivers/STM32H7xx_HAL_Driver/Src/stm32h7xx_hal_qspi.c" -mcpu=cortex-m7 -std=gnu11 -g3 -DDEBUG -DUSE_HAL_DRIVER -DSTM32H750xx -c -I../Core/Inc -I"../STM32_Cryptographic" -I"../STM32_Cryptographic/include" -I"../STM32_Cryptographic/include/hash" -I"../STM32_Cryptographic/legacy_v3/include/hash" -I"../STM32_Cryptographic/legacy_v3/include" -I../Drivers/STM32H7xx_HAL_Driver/Inc -I../Drivers/STM32H7xx_HAL_Driver/Inc/Legacy -I../Drivers/CMSIS/Device/ST/STM32H7xx/Include -I../Drivers/CMSIS/Include -O0 -ffunction-sections -fdata-sections -Wall -fstack-usage -fcyclomatic-complexity -MMD -MP -MF"Drivers/STM32H7xx_HAL_Driver/Src/stm32h7xx_hal_qspi.d" -MT"Drivers/STM32H7xx_HAL_Driver/Src/stm32h7xx_hal_qspi.o" --specs=nano.specs -mfpu=fpv5-d16 -mfloat-abi=hard -mthumb -o "Drivers/STM32H7xx_HAL_Driver/Src/stm32h7xx_hal_qspi.o"
arm-none-eabi-gcc "../Drivers/STM32H7xx_HAL_Driver/Src/stm32h7xx_hal_rcc.c" -mcpu=cortex-m7 -std=gnu11 -g3 -DDEBUG -DUSE_HAL_DRIVER -DSTM32H750xx -c -I../Core/Inc -I"../STM32_Cryptographic" -I"../STM32_Cryptographic/include" -I"../STM32_Cryptographic/include/hash" -I"../STM32_Cryptographic/legacy_v3/include/hash" -I"../STM32_Cryptographic/legacy_v3/include" -I../Drivers/STM32H7xx_HAL_Driver/Inc -I../Drivers/STM32H7xx_HAL_Driver/Inc/Legacy -I../Drivers/CMSIS/Device/ST/STM32H7xx/Include -I../Drivers/CMSIS/Include -O0 -ffunction-sections -fdata-sections -Wall -fstack-usage -fcyclomatic-complexity -MMD -MP -MF"Drivers/STM32H7xx_HAL_Driver/Src/stm32h7xx_hal_rcc.d" -MT"Drivers/STM32H7xx_HAL_Driver/Src/stm32h7xx_hal_rcc.o" --specs=nano.specs -mfpu=fpv5-d16 -mfloat-abi=hard -mthumb -o "Drivers/STM32H7xx_HAL_Driver/Src/stm32h7xx_hal_rcc.o"
arm-none-eabi-gcc "../Drivers/STM32H7xx_HAL_Driver/Src/stm32h7xx_hal_rcc_ex.c" -mcpu=cortex-m7 -std=gnu11 -g3 -DDEBUG -DUSE_HAL_DRIVER -DSTM32H750xx -c -I../Core/Inc -I"../STM32_Cryptographic" -I"../STM32_Cryptographic/include" -I"../STM32_Cryptographic/include/hash" -I"../STM32_Cryptographic/legacy_v3/include/hash" -I"../STM32_Cryptographic/legacy_v3/include" -I../Drivers/STM32H7xx_HAL_Driver/Inc -I../Drivers/STM32H7xx_HAL_Driver/Inc/Legacy -I../Drivers/CMSIS/Device/ST/STM32H7xx/Include -I../Drivers/CMSIS/Include -O0 -ffunction-sections -fdata-sections -Wall -fstack-usage -fcyclomatic-complexity -MMD -MP -MF"Drivers/STM32H7xx_HAL_Driver/Src/stm32h7xx_hal_rcc_ex.d" -MT"Drivers/STM32H7xx_HAL_Driver/Src/stm32h7xx_hal_rcc_ex.o" --specs=nano.specs -mfpu=fpv5-d16 -mfloat-abi=hard -mthumb -o "Drivers/STM32H7xx_HAL_Driver/Src/stm32h7xx_hal_rcc_ex.o"
arm-none-eabi-gcc "../Drivers/STM32H7xx_HAL_Driver/Src/stm32h7xx_hal_sdram.c" -mcpu=cortex-m7 -std=gnu11 -g3 -DDEBUG -DUSE_HAL_DRIVER -DSTM32H750xx -c -I../Core/Inc -I"../STM32_Cryptographic" -I"../STM32_Cryptographic/include" -I"../STM32_Cryptographic/include/hash" -I"../STM32_Cryptographic/legacy_v3/include/hash" -I"../STM32_Cryptographic/legacy_v3/include" -I../Drivers/STM32H7xx_HAL_Driver/Inc -I../Drivers/STM32H7xx_HAL_Driver/Inc/Legacy -I../Drivers/CMSIS/Device/ST/STM32H7xx/Include -I../Drivers/CMSIS/Include -O0 -ffunction-sections -fdata-sections -Wall -fstack-usage -fcyclomatic-complexity -MMD -MP -MF"Drivers/STM32H7xx_HAL_Driver/Src/stm32h7xx_hal_sdram.d" -MT"Drivers/STM32H7xx_HAL_Driver/Src/stm32h7xx_hal_sdram.o" --specs=nano.specs -mfpu=fpv5-d16 -mfloat-abi=hard -mthumb -o "Drivers/STM32H7xx_HAL_Driver/Src/stm32h7xx_hal_sdram.o"
arm-none-eabi-gcc "../Drivers/STM32H7xx_HAL_Driver/Src/stm32h7xx_hal_tim.c" -mcpu=cortex-m7 -std=gnu11 -g3 -DDEBUG -DUSE_HAL_DRIVER -DSTM32H750xx -c -I../Core/Inc -I"../STM32_Cryptographic" -I"../STM32_Cryptographic/include" -I"../STM32_Cryptographic/include/hash" -I"../STM32_Cryptographic/legacy_v3/include/hash" -I"../STM32_Cryptographic/legacy_v3/include" -I../Drivers/STM32H7xx_HAL_Driver/Inc -I../Drivers/STM32H7xx_HAL_Driver/Inc/Legacy -I../Drivers/CMSIS/Device/ST/STM32H7xx/Include -I../Drivers/CMSIS/Include -O0 -ffunction-sections -fdata-sections -Wall -fstack-usage -fcyclomatic-complexity -MMD -MP -MF"Drivers/STM32H7xx_HAL_Driver/Src/stm32h7xx_hal_tim.d" -MT"Drivers/STM32H7xx_HAL_Driver/Src/stm32h7xx_hal_tim.o" --specs=nano.specs -mfpu=fpv5-d16 -mfloat-abi=hard -mthumb -o "Drivers/STM32H7xx_HAL_Driver/Src/stm32h7xx_hal_tim.o"
arm-none-eabi-gcc "../Drivers/STM32H7xx_HAL_Driver/Src/stm32h7xx_hal_tim_ex.c" -mcpu=cortex-m7 -std=gnu11 -g3 -DDEBUG -DUSE_HAL_DRIVER -DSTM32H750xx -c -I../Core/Inc -I"../STM32_Cryptographic" -I"../STM32_Cryptographic/include" -I"../STM32_Cryptographic/include/hash" -I"../STM32_Cryptographic/legacy_v3/include/hash" -I"../STM32_Cryptographic/legacy_v3/include" -I../Drivers/STM32H7xx_HAL_Driver/Inc -I../Drivers/STM32H7xx_HAL_Driver/Inc/Legacy -I../Drivers/CMSIS/Device/ST/STM32H7xx/Include -I../Drivers/CMSIS/Include -O0 -ffunction-sections -fdata-sections -Wall -fstack-usage -fcyclomatic-complexity -MMD -MP -MF"Drivers/STM32H7xx_HAL_Driver/Src/stm32h7xx_hal_tim_ex.d" -MT"Drivers/STM32H7xx_HAL_Driver/Src/stm32h7xx_hal_tim_ex.o" --specs=nano.specs -mfpu=fpv5-d16 -mfloat-abi=hard -mthumb -o "Drivers/STM32H7xx_HAL_Driver/Src/stm32h7xx_hal_tim_ex.o"
arm-none-eabi-gcc "../Drivers/STM32H7xx_HAL_Driver/Src/stm32h7xx_ll_fmc.c" -mcpu=cortex-m7 -std=gnu11 -g3 -DDEBUG -DUSE_HAL_DRIVER -DSTM32H750xx -c -I../Core/Inc -I"../STM32_Cryptographic" -I"../STM32_Cryptographic/include" -I"../STM32_Cryptographic/include/hash" -I"../STM32_Cryptographic/legacy_v3/include/hash" -I"../STM32_Cryptographic/legacy_v3/include" -I../Drivers/STM32H7xx_HAL_Driver/Inc -I../Drivers/STM32H7xx_HAL_Driver/Inc/Legacy -I../Drivers/CMSIS/Device/ST/STM32H7xx/Include -I../Drivers/CMSIS/Include -O0 -ffunction-sections -fdata-sections -Wall -fstack-usage -fcyclomatic-complexity -MMD -MP -MF"Drivers/STM32H7xx_HAL_Driver/Src/stm32h7xx_ll_fmc.d" -MT"Drivers/STM32H7xx_HAL_Driver/Src/stm32h7xx_ll_fmc.o" --specs=nano.specs -mfpu=fpv5-d16 -mfloat-abi=hard -mthumb -o "Drivers/STM32H7xx_HAL_Driver/Src/stm32h7xx_ll_fmc.o"
arm-none-eabi-gcc -mcpu=cortex-m7 -g3 -DDEBUG -c -x assembler-with-cpp -MMD -MP -MF"Core/Startup/startup_stm32h750xbhx.d" -MT"Core/Startup/startup_stm32h750xbhx.o" --specs=nano.specs -mfpu=fpv5-d16 -mfloat-abi=hard -mthumb -o "Core/Startup/startup_stm32h750xbhx.o" "../Core/Startup/startup_stm32h750xbhx.s"
arm-none-eabi-gcc "../Core/Src/BootManager_FSM.c" -mcpu=cortex-m7 -std=gnu11 -g3 -DDEBUG -DUSE_HAL_DRIVER -DSTM32H750xx -c -I../Core/Inc -I"../STM32_Cryptographic" -I"../STM32_Cryptographic/include" -I"../STM32_Cryptographic/include/hash" -I"../STM32_Cryptographic/legacy_v3/include/hash" -I"../STM32_Cryptographic/legacy_v3/include" -I../Drivers/STM32H7xx_HAL_Driver/Inc -I../Drivers/STM32H7xx_HAL_Driver/Inc/Legacy -I../Drivers/CMSIS/Device/ST/STM32H7xx/Include -I../Drivers/CMSIS/Include -O0 -ffunction-sections -fdata-sections -Wall -fstack-usage -fcyclomatic-complexity -MMD -MP -MF"Core/Src/BootManager_FSM.d" -MT"Core/Src/BootManager_FSM.o" --specs=nano.specs -mfpu=fpv5-d16 -mfloat-abi=hard -mthumb -o "Core/Src/BootManager_FSM.o"
arm-none-eabi-gcc "../Core/Src/hashcheck.c" -mcpu=cortex-m7 -std=gnu11 -g3 -DDEBUG -DUSE_HAL_DRIVER -DSTM32H750xx -c -I../Core/Inc -I"../STM32_Cryptographic" -I"../STM32_Cryptographic/include" -I"../STM32_Cryptographic/include/hash" -I"../STM32_Cryptographic/legacy_v3/include/hash" -I"../STM32_Cryptographic/legacy_v3/include" -I../Drivers/STM32H7xx_HAL_Driver/Inc -I../Drivers/STM32H7xx_HAL_Driver/Inc/Legacy -I../Drivers/CMSIS/Device/ST/STM32H7xx/Include -I../Drivers/CMSIS/Include -O0 -ffunction-sections -fdata-sections -Wall -fstack-usage -fcyclomatic-complexity -MMD -MP -MF"Core/Src/hashcheck.d" -MT"Core/Src/hashcheck.o" --specs=nano.specs -mfpu=fpv5-d16 -mfloat-abi=hard -mthumb -o "Core/Src/hashcheck.o"
arm-none-eabi-gcc "../Core/Src/main.c" -mcpu=cortex-m7 -std=gnu11 -g3 -DDEBUG -DUSE_HAL_DRIVER -DSTM32H750xx -c -I../Core/Inc -I"../STM32_Cryptographic" -I"../STM32_Cryptographic/include" -I"../STM32_Cryptographic/include/hash" -I"../STM32_Cryptographic/legacy_v3/include/hash" -I"../STM32_Cryptographic/legacy_v3/include" -I../Drivers/STM32H7xx_HAL_Driver/Inc -I../Drivers/STM32H7xx_HAL_Driver/Inc/Legacy -I../Drivers/CMSIS/Device/ST/STM32H7xx/Include -I../Drivers/CMSIS/Include -O0 -ffunction-sections -fdata-sections -Wall -fstack-usage -fcyclomatic-complexity -MMD -MP -MF"Core/Src/main.d" -MT"Core/Src/main.o" --specs=nano.specs -mfpu=fpv5-d16 -mfloat-abi=hard -mthumb -o "Core/Src/main.o"
../Core/Src/BootManager_FSM.c: In function 'FBL_Check':
../Core/Src/BootManager_FSM.c:115:14: warning: unused variable 'FBL_Size' [-Wunused-variable]
  115 |   uint32_t   FBL_Size;
      |              ^~~~~~~~
../Core/Src/BootManager_FSM.c: In function 'APP_Check':
../Core/Src/BootManager_FSM.c:138:12: warning: unused variable 'App_Size' [-Wunused-variable]
  138 |   uint32_t App_Size;
      |            ^~~~~~~~
../Core/Src/hashcheck.c: In function 'FW_Hash_Verify':
../Core/Src/hashcheck.c:114:3: warning: 'return' with no value, in function returning non-void [-Wreturn-type]
  114 |   return;
      |   ^~~~~~
../Core/Src/hashcheck.c:84:9: note: declared here
   84 | uint8_t FW_Hash_Verify(uint32_t LoadAddress, uint32_t File_Size)
      |         ^~~~~~~~~~~~~~
../Core/Src/hashcheck.c:118:1: warning: control reaches end of non-void function [-Wreturn-type]
  118 | }
      | ^
arm-none-eabi-gcc "../Core/Src/memory.c" -mcpu=cortex-m7 -std=gnu11 -g3 -DDEBUG -DUSE_HAL_DRIVER -DSTM32H750xx -c -I../Core/Inc -I"../STM32_Cryptographic" -I"../STM32_Cryptographic/include" -I"../STM32_Cryptographic/include/hash" -I"../STM32_Cryptographic/legacy_v3/include/hash" -I"../STM32_Cryptographic/legacy_v3/include" -I../Drivers/STM32H7xx_HAL_Driver/Inc -I../Drivers/STM32H7xx_HAL_Driver/Inc/Legacy -I../Drivers/CMSIS/Device/ST/STM32H7xx/Include -I../Drivers/CMSIS/Include -O0 -ffunction-sections -fdata-sections -Wall -fstack-usage -fcyclomatic-complexity -MMD -MP -MF"Core/Src/memory.d" -MT"Core/Src/memory.o" --specs=nano.specs -mfpu=fpv5-d16 -mfloat-abi=hard -mthumb -o "Core/Src/memory.o"
arm-none-eabi-gcc "../Core/Src/nor_driver.c" -mcpu=cortex-m7 -std=gnu11 -g3 -DDEBUG -DUSE_HAL_DRIVER -DSTM32H750xx -c -I../Core/Inc -I"../STM32_Cryptographic" -I"../STM32_Cryptographic/include" -I"../STM32_Cryptographic/include/hash" -I"../STM32_Cryptographic/legacy_v3/include/hash" -I"../STM32_Cryptographic/legacy_v3/include" -I../Drivers/STM32H7xx_HAL_Driver/Inc -I../Drivers/STM32H7xx_HAL_Driver/Inc/Legacy -I../Drivers/CMSIS/Device/ST/STM32H7xx/Include -I../Drivers/CMSIS/Include -O0 -ffunction-sections -fdata-sections -Wall -fstack-usage -fcyclomatic-complexity -MMD -MP -MF"Core/Src/nor_driver.d" -MT"Core/Src/nor_driver.o" --specs=nano.specs -mfpu=fpv5-d16 -mfloat-abi=hard -mthumb -o "Core/Src/nor_driver.o"
arm-none-eabi-gcc "../Core/Src/sdram_driver.c" -mcpu=cortex-m7 -std=gnu11 -g3 -DDEBUG -DUSE_HAL_DRIVER -DSTM32H750xx -c -I../Core/Inc -I"../STM32_Cryptographic" -I"../STM32_Cryptographic/include" -I"../STM32_Cryptographic/include/hash" -I"../STM32_Cryptographic/legacy_v3/include/hash" -I"../STM32_Cryptographic/legacy_v3/include" -I../Drivers/STM32H7xx_HAL_Driver/Inc -I../Drivers/STM32H7xx_HAL_Driver/Inc/Legacy -I../Drivers/CMSIS/Device/ST/STM32H7xx/Include -I../Drivers/CMSIS/Include -O0 -ffunction-sections -fdata-sections -Wall -fstack-usage -fcyclomatic-complexity -MMD -MP -MF"Core/Src/sdram_driver.d" -MT"Core/Src/sdram_driver.o" --specs=nano.specs -mfpu=fpv5-d16 -mfloat-abi=hard -mthumb -o "Core/Src/sdram_driver.o"
../Core/Src/main.c: In function 'main':
../Core/Src/main.c:39:11: warning: implicit declaration of function 'BootManager_FSM' [-Wimplicit-function-declaration]
   39 |           BootManager_FSM();
      |           ^~~~~~~~~~~~~~~
arm-none-eabi-gcc "../Core/Src/stm32h7xx_hal_msp.c" -mcpu=cortex-m7 -std=gnu11 -g3 -DDEBUG -DUSE_HAL_DRIVER -DSTM32H750xx -c -I../Core/Inc -I"../STM32_Cryptographic" -I"../STM32_Cryptographic/include" -I"../STM32_Cryptographic/include/hash" -I"../STM32_Cryptographic/legacy_v3/include/hash" -I"../STM32_Cryptographic/legacy_v3/include" -I../Drivers/STM32H7xx_HAL_Driver/Inc -I../Drivers/STM32H7xx_HAL_Driver/Inc/Legacy -I../Drivers/CMSIS/Device/ST/STM32H7xx/Include -I../Drivers/CMSIS/Include -O0 -ffunction-sections -fdata-sections -Wall -fstack-usage -fcyclomatic-complexity -MMD -MP -MF"Core/Src/stm32h7xx_hal_msp.d" -MT"Core/Src/stm32h7xx_hal_msp.o" --specs=nano.specs -mfpu=fpv5-d16 -mfloat-abi=hard -mthumb -o "Core/Src/stm32h7xx_hal_msp.o"
arm-none-eabi-gcc "../Core/Src/stm32h7xx_it.c" -mcpu=cortex-m7 -std=gnu11 -g3 -DDEBUG -DUSE_HAL_DRIVER -DSTM32H750xx -c -I../Core/Inc -I"../STM32_Cryptographic" -I"../STM32_Cryptographic/include" -I"../STM32_Cryptographic/include/hash" -I"../STM32_Cryptographic/legacy_v3/include/hash" -I"../STM32_Cryptographic/legacy_v3/include" -I../Drivers/STM32H7xx_HAL_Driver/Inc -I../Drivers/STM32H7xx_HAL_Driver/Inc/Legacy -I../Drivers/CMSIS/Device/ST/STM32H7xx/Include -I../Drivers/CMSIS/Include -O0 -ffunction-sections -fdata-sections -Wall -fstack-usage -fcyclomatic-complexity -MMD -MP -MF"Core/Src/stm32h7xx_it.d" -MT"Core/Src/stm32h7xx_it.o" --specs=nano.specs -mfpu=fpv5-d16 -mfloat-abi=hard -mthumb -o "Core/Src/stm32h7xx_it.o"
arm-none-eabi-gcc "../Core/Src/syscalls.c" -mcpu=cortex-m7 -std=gnu11 -g3 -DDEBUG -DUSE_HAL_DRIVER -DSTM32H750xx -c -I../Core/Inc -I"../STM32_Cryptographic" -I"../STM32_Cryptographic/include" -I"../STM32_Cryptographic/include/hash" -I"../STM32_Cryptographic/legacy_v3/include/hash" -I"../STM32_Cryptographic/legacy_v3/include" -I../Drivers/STM32H7xx_HAL_Driver/Inc -I../Drivers/STM32H7xx_HAL_Driver/Inc/Legacy -I../Drivers/CMSIS/Device/ST/STM32H7xx/Include -I../Drivers/CMSIS/Include -O0 -ffunction-sections -fdata-sections -Wall -fstack-usage -fcyclomatic-complexity -MMD -MP -MF"Core/Src/syscalls.d" -MT"Core/Src/syscalls.o" --specs=nano.specs -mfpu=fpv5-d16 -mfloat-abi=hard -mthumb -o "Core/Src/syscalls.o"
../Core/Src/nor_driver.c: In function 'QSPI_Read_ID':
../Core/Src/nor_driver.c:219:29: warning: unused variable 'sConfig' [-Wunused-variable]
  219 |     QSPI_AutoPollingTypeDef sConfig;
      |                             ^~~~~~~
../Core/Src/nor_driver.c: In function 'QSPI_Copy_Mem_Mapped_Mode':
../Core/Src/nor_driver.c:568:13: warning: "/*" within comment [-Wcomment]
  568 |             /*NbData            = (Size<256)?Size:256;
      |              
../Core/Src/nor_driver.c:562:18: warning: unused variable 'NbData' [-Wunused-variable]
  562 |         uint32_t NbData;
      |                  ^~~~~~
../Core/Src/nor_driver.c: In function 'nor_driver_Init':
../Core/Src/nor_driver.c:89:1: warning: control reaches end of non-void function [-Wreturn-type]
   89 | }
      | ^
../Core/Src/nor_driver.c: At top level:
../Core/Src/nor_driver.c:250:1: warning: 'QSPI_Configuration' defined but not used [-Wunused-function]
  250 | QSPI_Configuration(void) {
      | ^~~~~~~~~~~~~~~~~~
arm-none-eabi-gcc "../Core/Src/sysmem.c" -mcpu=cortex-m7 -std=gnu11 -g3 -DDEBUG -DUSE_HAL_DRIVER -DSTM32H750xx -c -I../Core/Inc -I"../STM32_Cryptographic" -I"../STM32_Cryptographic/include" -I"../STM32_Cryptographic/include/hash" -I"../STM32_Cryptographic/legacy_v3/include/hash" -I"../STM32_Cryptographic/legacy_v3/include" -I../Drivers/STM32H7xx_HAL_Driver/Inc -I../Drivers/STM32H7xx_HAL_Driver/Inc/Legacy -I../Drivers/CMSIS/Device/ST/STM32H7xx/Include -I../Drivers/CMSIS/Include -O0 -ffunction-sections -fdata-sections -Wall -fstack-usage -fcyclomatic-complexity -MMD -MP -MF"Core/Src/sysmem.d" -MT"Core/Src/sysmem.o" --specs=nano.specs -mfpu=fpv5-d16 -mfloat-abi=hard -mthumb -o "Core/Src/sysmem.o"
../Core/Src/memory.c: In function 'Memory_Startup':
../Core/Src/memory.c:12:11: warning: unused variable 'status' [-Wunused-variable]
   12 |   uint8_t status = nor_driver_Init();
      |           ^~~~~~
../Core/Src/memory.c:14:1: warning: control reaches end of non-void function [-Wreturn-type]
   14 | }
      | ^
arm-none-eabi-gcc "../Core/Src/system_stm32h7xx.c" -mcpu=cortex-m7 -std=gnu11 -g3 -DDEBUG -DUSE_HAL_DRIVER -DSTM32H750xx -c -I../Core/Inc -I"../STM32_Cryptographic" -I"../STM32_Cryptographic/include" -I"../STM32_Cryptographic/include/hash" -I"../STM32_Cryptographic/legacy_v3/include/hash" -I"../STM32_Cryptographic/legacy_v3/include" -I../Drivers/STM32H7xx_HAL_Driver/Inc -I../Drivers/STM32H7xx_HAL_Driver/Inc/Legacy -I../Drivers/CMSIS/Device/ST/STM32H7xx/Include -I../Drivers/CMSIS/Include -O0 -ffunction-sections -fdata-sections -Wall -fstack-usage -fcyclomatic-complexity -MMD -MP -MF"Core/Src/system_stm32h7xx.d" -MT"Core/Src/system_stm32h7xx.o" --specs=nano.specs -mfpu=fpv5-d16 -mfloat-abi=hard -mthumb -o "Core/Src/system_stm32h7xx.o"
arm-none-eabi-gcc -o "BootManager.elf" @"objects.list"  -l:libSTM32Cryptographic_CM7.a -mcpu=cortex-m7 -T"C:\Users\ayoub\Downloads\BootManager\BootManager\STM32H750XBHX_FLASH.ld" --specs=nosys.specs -Wl,-Map="BootManager.map" -Wl,--gc-sections -static -L"../STM32_Cryptographic\lib" --specs=nano.specs -mfpu=fpv5-d16 -mfloat-abi=hard -mthumb -Wl,--start-group -lc -lm -Wl,--end-group
Finished building target: BootManager.elf
 
arm-none-eabi-size  BootManager.elf 
arm-none-eabi-objdump -h -S BootManager.elf  > "BootManager.list"
arm-none-eabi-objcopy  -O binary BootManager.elf  "BootManager.bin"
   text	   data	    bss	    dec	    hex	filename
  20784	     16	   2292	  23092	   5a34	BootManager.elf
Finished building: default.size.stdout
 
Finished building: BootManager.bin
 
Finished building: BootManager.list
 
bash ./Postbuild_Batch.sh
File size 22136 bytes written to address 1068.
 

13:14:13 Build Finished. 0 errors, 12 warnings. (took 15s.530ms)

