00:15:43 **** Incremental Build of configuration Debug for project FlashBootloader_CM7 ****
make -j8 all 
arm-none-eabi-gcc -mcpu=cortex-m7 -g3 -DDEBUG -c -x assembler-with-cpp -MMD -MP -MF"Core/Startup/startup_stm32h755zitx.d" -MT"Core/Startup/startup_stm32h755zitx.o" --specs=nano.specs -mfpu=fpv5-d16 -mfloat-abi=hard -mthumb -o "Core/Startup/startup_stm32h755zitx.o" "../Core/Startup/startup_stm32h755zitx.s"
arm-none-eabi-gcc -o "FlashBootloader_CM7.elf" @"objects.list"  -l:libSTM32Cryptographic_CM7.a -mcpu=cortex-m7 -T"D:\ST_WorkSpace\Project\FlashBootloader\CM7\STM32H755ZITX_FLASH.ld" --specs=nosys.specs -Wl,-Map="FlashBootloader_CM7.map" -Wl,--gc-sections -static -L"D:\ST_WorkSpace\Project\FlashBootloader\CM7\Middlewares\STM32_Cryptographic\lib" --specs=nano.specs -mfpu=fpv5-d16 -mfloat-abi=hard -mthumb -Wl,--start-group -lc -lm -Wl,--end-group
Finished building target: FlashBootloader_CM7.elf
 
arm-none-eabi-size  FlashBootloader_CM7.elf 
arm-none-eabi-objdump -h -S FlashBootloader_CM7.elf  > "FlashBootloader_CM7.list"
   text	   data	    bss	    dec	    hex	filename
  46176	    132	 265300	 311608	  4c138	FlashBootloader_CM7.elf
Finished building: default.size.stdout
 
Finished building: FlashBootloader_CM7.list
 

00:15:44 Build Finished. 0 errors, 0 warnings. (took 927ms)

