01:33:19 **** Incremental Build of configuration Debug for project Application_CM7 ****
make -j8 all 
arm-none-eabi-gcc "../Core/Src/main.c" -mcpu=cortex-m7 -std=gnu11 -g3 -DDEBUG -DCORE_CM7 -DUSE_HAL_DRIVER -DSTM32H755xx -DUSE_NUCLEO_64 -c -I../Core/Inc -I../../Drivers/STM32H7xx_HAL_Driver/Inc -I../../Drivers/STM32H7xx_HAL_Driver/Inc/Legacy -I../../Drivers/BSP/STM32H7xx_Nucleo -I../../Drivers/CMSIS/Device/ST/STM32H7xx/Include -I../../Drivers/CMSIS/Include -O0 -ffunction-sections -fdata-sections -Wall -fstack-usage -fcyclomatic-complexity -MMD -MP -MF"Core/Src/main.d" -MT"Core/Src/main.o" --specs=nano.specs -mfpu=fpv5-d16 -mfloat-abi=hard -mthumb -o "Core/Src/main.o"
arm-none-eabi-gcc -o "Application_CM7.elf" @"objects.list"   -mcpu=cortex-m7 -T"D:\ST_WorkSpace\Project\Application\CM7\STM32H755ZITX_FLASH.ld" --specs=nosys.specs -Wl,-Map="Application_CM7.map" -Wl,--gc-sections -static --specs=nano.specs -mfpu=fpv5-d16 -mfloat-abi=hard -mthumb -Wl,--start-group -lc -lm -Wl,--end-group
Finished building target: Application_CM7.elf
 
arm-none-eabi-size  Application_CM7.elf 
arm-none-eabi-objdump -h -S Application_CM7.elf  > "Application_CM7.list"
   text	   data	    bss	    dec	    hex	filename
  34072	    112	   2232	  36416	   8e40	Application_CM7.elf
Finished building: default.size.stdout
 
Finished building: Application_CM7.list
 
01:33:23 **** Incremental Build of configuration Debug for project Application_CM7 ****
make -j8 all 
arm-none-eabi-size  Application_CM7.elf 
   text	   data	    bss	    dec	    hex	filename
  34072	    112	   2232	  36416	   8e40	Application_CM7.elf
Finished building: default.size.stdout
 
01:34:44 **** Incremental Build of configuration Debug for project Application_CM7 ****
make -j8 all 
arm-none-eabi-size  Application_CM7.elf 
   text	   data	    bss	    dec	    hex	filename
  34072	    112	   2232	  36416	   8e40	Application_CM7.elf
Finished building: default.size.stdout
 
01:38:09 **** Incremental Build of configuration Debug for project Application_CM7 ****
make -j8 all 
arm-none-eabi-gcc "../Core/Src/main.c" -mcpu=cortex-m7 -std=gnu11 -g3 -DDEBUG -DCORE_CM7 -DUSE_HAL_DRIVER -DSTM32H755xx -DUSE_NUCLEO_64 -c -I../Core/Inc -I../../Drivers/STM32H7xx_HAL_Driver/Inc -I../../Drivers/STM32H7xx_HAL_Driver/Inc/Legacy -I../../Drivers/BSP/STM32H7xx_Nucleo -I../../Drivers/CMSIS/Device/ST/STM32H7xx/Include -I../../Drivers/CMSIS/Include -O0 -ffunction-sections -fdata-sections -Wall -fstack-usage -fcyclomatic-complexity -MMD -MP -MF"Core/Src/main.d" -MT"Core/Src/main.o" --specs=nano.specs -mfpu=fpv5-d16 -mfloat-abi=hard -mthumb -o "Core/Src/main.o"
arm-none-eabi-gcc -o "Application_CM7.elf" @"objects.list"   -mcpu=cortex-m7 -T"D:\ST_WorkSpace\Project\Application\CM7\STM32H755ZITX_FLASH.ld" --specs=nosys.specs -Wl,-Map="Application_CM7.map" -Wl,--gc-sections -static --specs=nano.specs -mfpu=fpv5-d16 -mfloat-abi=hard -mthumb -Wl,--start-group -lc -lm -Wl,--end-group
Finished building target: Application_CM7.elf
 
arm-none-eabi-size  Application_CM7.elf 
arm-none-eabi-objdump -h -S Application_CM7.elf  > "Application_CM7.list"
   text	   data	    bss	    dec	    hex	filename
  34072	    112	   2232	  36416	   8e40	Application_CM7.elf
Finished building: default.size.stdout
 
Finished building: Application_CM7.list
 
01:39:04 **** Incremental Build of configuration Debug for project Application_CM7 ****
make -j8 all 
arm-none-eabi-size  Application_CM7.elf 
   text	   data	    bss	    dec	    hex	filename
  34072	    112	   2232	  36416	   8e40	Application_CM7.elf
Finished building: default.size.stdout
 
01:39:14 **** Incremental Build of configuration Debug for project Application_CM7 ****
make -j8 all 
arm-none-eabi-size  Application_CM7.elf 
   text	   data	    bss	    dec	    hex	filename
  34072	    112	   2232	  36416	   8e40	Application_CM7.elf
Finished building: default.size.stdout
 
01:41:14 **** Incremental Build of configuration Debug for project Application_CM7 ****
make -j8 all 
arm-none-eabi-gcc "../Core/Src/main.c" -mcpu=cortex-m7 -std=gnu11 -g3 -DDEBUG -DCORE_CM7 -DUSE_HAL_DRIVER -DSTM32H755xx -DUSE_NUCLEO_64 -c -I../Core/Inc -I../../Drivers/STM32H7xx_HAL_Driver/Inc -I../../Drivers/STM32H7xx_HAL_Driver/Inc/Legacy -I../../Drivers/BSP/STM32H7xx_Nucleo -I../../Drivers/CMSIS/Device/ST/STM32H7xx/Include -I../../Drivers/CMSIS/Include -O0 -ffunction-sections -fdata-sections -Wall -fstack-usage -fcyclomatic-complexity -MMD -MP -MF"Core/Src/main.d" -MT"Core/Src/main.o" --specs=nano.specs -mfpu=fpv5-d16 -mfloat-abi=hard -mthumb -o "Core/Src/main.o"
arm-none-eabi-gcc -o "Application_CM7.elf" @"objects.list"   -mcpu=cortex-m7 -T"D:\ST_WorkSpace\Project\Application\CM7\STM32H755ZITX_FLASH.ld" --specs=nosys.specs -Wl,-Map="Application_CM7.map" -Wl,--gc-sections -static --specs=nano.specs -mfpu=fpv5-d16 -mfloat-abi=hard -mthumb -Wl,--start-group -lc -lm -Wl,--end-group
Finished building target: Application_CM7.elf
 
arm-none-eabi-size  Application_CM7.elf 
arm-none-eabi-objdump -h -S Application_CM7.elf  > "Application_CM7.list"
   text	   data	    bss	    dec	    hex	filename
  34072	    112	   2232	  36416	   8e40	Application_CM7.elf
Finished building: default.size.stdout
 
Finished building: Application_CM7.list
 
01:45:42 **** Incremental Build of configuration Debug for project Application_CM7 ****
make -j8 all 
arm-none-eabi-gcc "../Core/Src/main.c" -mcpu=cortex-m7 -std=gnu11 -g3 -DDEBUG -DCORE_CM7 -DUSE_HAL_DRIVER -DSTM32H755xx -DUSE_NUCLEO_64 -c -I../Core/Inc -I../../Drivers/STM32H7xx_HAL_Driver/Inc -I../../Drivers/STM32H7xx_HAL_Driver/Inc/Legacy -I../../Drivers/BSP/STM32H7xx_Nucleo -I../../Drivers/CMSIS/Device/ST/STM32H7xx/Include -I../../Drivers/CMSIS/Include -O0 -ffunction-sections -fdata-sections -Wall -fstack-usage -fcyclomatic-complexity -MMD -MP -MF"Core/Src/main.d" -MT"Core/Src/main.o" --specs=nano.specs -mfpu=fpv5-d16 -mfloat-abi=hard -mthumb -o "Core/Src/main.o"
arm-none-eabi-gcc -o "Application_CM7.elf" @"objects.list"   -mcpu=cortex-m7 -T"D:\ST_WorkSpace\Project\Application\CM7\STM32H755ZITX_FLASH.ld" --specs=nosys.specs -Wl,-Map="Application_CM7.map" -Wl,--gc-sections -static --specs=nano.specs -mfpu=fpv5-d16 -mfloat-abi=hard -mthumb -Wl,--start-group -lc -lm -Wl,--end-group
Finished building target: Application_CM7.elf
 
arm-none-eabi-size  Application_CM7.elf 
arm-none-eabi-objdump -h -S Application_CM7.elf  > "Application_CM7.list"
   text	   data	    bss	    dec	    hex	filename
  34172	    132	   2236	  36540	   8ebc	Application_CM7.elf
Finished building: default.size.stdout
 
Finished building: Application_CM7.list
 
01:46:13 **** Incremental Build of configuration Debug for project Application_CM7 ****
make -j8 all 
arm-none-eabi-size  Application_CM7.elf 
   text	   data	    bss	    dec	    hex	filename
  34172	    132	   2236	  36540	   8ebc	Application_CM7.elf
Finished building: default.size.stdout
 
01:47:56 **** Incremental Build of configuration Debug for project Application_CM7 ****
make -j8 all 
arm-none-eabi-size  Application_CM7.elf 
   text	   data	    bss	    dec	    hex	filename
  34172	    132	   2236	  36540	   8ebc	Application_CM7.elf
Finished building: default.size.stdout
 
01:48:29 **** Incremental Build of configuration Debug for project Application_CM7 ****
make -j8 all 
arm-none-eabi-size  Application_CM7.elf 
   text	   data	    bss	    dec	    hex	filename
  34172	    132	   2236	  36540	   8ebc	Application_CM7.elf
Finished building: default.size.stdout
 
