18:02:19 **** Incremental Build of configuration Debug for project Virtual_Communication_CM7 ****
make -j8 all 
arm-none-eabi-gcc "../Core/Src/main.c" -mcpu=cortex-m7 -std=gnu11 -g3 -DDEBUG -DCORE_CM7 -DUSE_HAL_DRIVER -DSTM32H755xx -DUSE_NUCLEO_64 -c -I../Core/Inc -I../../Drivers/STM32H7xx_HAL_Driver/Inc -I../../Drivers/STM32H7xx_HAL_Driver/Inc/Legacy -I../../Drivers/BSP/STM32H7xx_Nucleo -I../../Drivers/CMSIS/Device/ST/STM32H7xx/Include -I../../Drivers/CMSIS/Include -O0 -ffunction-sections -fdata-sections -Wall -fstack-usage -fcyclomatic-complexity -MMD -MP -MF"Core/Src/main.d" -MT"Core/Src/main.o" --specs=nano.specs -mfpu=fpv5-d16 -mfloat-abi=hard -mthumb -o "Core/Src/main.o"
arm-none-eabi-gcc -o "Virtual_Communication_CM7.elf" @"objects.list"   -mcpu=cortex-m7 -T"D:\ST_WorkSpace\Project\Virtual_Communication\CM7\STM32H755ZITX_FLASH.ld" --specs=nosys.specs -Wl,-Map="Virtual_Communication_CM7.map" -Wl,--gc-sections -static --specs=nano.specs -mfpu=fpv5-d16 -mfloat-abi=hard -mthumb -Wl,--start-group -lc -lm -Wl,--end-group
Finished building target: Virtual_Communication_CM7.elf
 
arm-none-eabi-size  Virtual_Communication_CM7.elf 
arm-none-eabi-objdump -h -S Virtual_Communication_CM7.elf  > "Virtual_Communication_CM7.list"
   text	   data	    bss	    dec	    hex	filename
  19856	    136	   2088	  22080	   5640	Virtual_Communication_CM7.elf
Finished building: default.size.stdout
 
Finished building: Virtual_Communication_CM7.list
 

18:02:21 Build Finished. 0 errors, 0 warnings. (took 1s.631ms)

